Archive member included to satisfy reference by file (symbol)

c:/users/user/.platformio/packages/toolchain-gccarmnoneeabi/bin/../lib/gcc/arm-none-eabi/9.2.1/thumb/v6-m/nofp\libgcc.a(_dvmd_tls.o)
                              CMakeFiles/energy_bench_rp2040.dir/C_/Users/User/AppData/Local/Temp/energy-native-sdks-verified/pico-sdk-a1438dff1d38/src/rp2_common/pico_divider/divider_hardware.S.obj (__aeabi_idiv0)
c:/users/user/.platformio/packages/toolchain-gccarmnoneeabi/bin/../lib/gcc/arm-none-eabi/9.2.1/../../../../arm-none-eabi/lib/thumb/v6-m/nofp\libg.a(lib_a-calloc.o)
                              CMakeFiles/energy_bench_rp2040.dir/C_/Users/User/AppData/Local/Temp/energy-native-sdks-verified/pico-sdk-a1438dff1d38/src/rp2_common/pico_malloc/malloc.c.obj (calloc)
c:/users/user/.platformio/packages/toolchain-gccarmnoneeabi/bin/../lib/gcc/arm-none-eabi/9.2.1/../../../../arm-none-eabi/lib/thumb/v6-m/nofp\libg.a(lib_a-callocr.o)
                              c:/users/user/.platformio/packages/toolchain-gccarmnoneeabi/bin/../lib/gcc/arm-none-eabi/9.2.1/../../../../arm-none-eabi/lib/thumb/v6-m/nofp\libg.a(lib_a-calloc.o) (_calloc_r)
c:/users/user/.platformio/packages/toolchain-gccarmnoneeabi/bin/../lib/gcc/arm-none-eabi/9.2.1/../../../../arm-none-eabi/lib/thumb/v6-m/nofp\libg.a(lib_a-impure.o)
                              c:/users/user/.platformio/packages/toolchain-gccarmnoneeabi/bin/../lib/gcc/arm-none-eabi/9.2.1/../../../../arm-none-eabi/lib/thumb/v6-m/nofp\libg.a(lib_a-calloc.o) (_impure_ptr)
c:/users/user/.platformio/packages/toolchain-gccarmnoneeabi/bin/../lib/gcc/arm-none-eabi/9.2.1/../../../../arm-none-eabi/lib/thumb/v6-m/nofp\libg.a(lib_a-init.o)
                              c:/users/user/.platformio/packages/toolchain-gccarmnoneeabi/bin/../lib/gcc/arm-none-eabi/9.2.1/../../../../arm-none-eabi/lib/thumb/v6-m/nofp/crt0.o (__libc_init_array)
c:/users/user/.platformio/packages/toolchain-gccarmnoneeabi/bin/../lib/gcc/arm-none-eabi/9.2.1/../../../../arm-none-eabi/lib/thumb/v6-m/nofp\libg.a(lib_a-lcltime_r.o)
                              CMakeFiles/energy_bench_rp2040.dir/C_/Users/User/AppData/Local/Temp/energy-native-sdks-verified/pico-sdk-a1438dff1d38/src/common/pico_util/datetime.c.obj (localtime_r)
c:/users/user/.platformio/packages/toolchain-gccarmnoneeabi/bin/../lib/gcc/arm-none-eabi/9.2.1/../../../../arm-none-eabi/lib/thumb/v6-m/nofp\libg.a(lib_a-malloc.o)
                              CMakeFiles/energy_bench_rp2040.dir/C_/Users/User/AppData/Local/Temp/energy-native-sdks-verified/pico-sdk-a1438dff1d38/src/rp2_common/pico_malloc/malloc.c.obj (malloc)
c:/users/user/.platformio/packages/toolchain-gccarmnoneeabi/bin/../lib/gcc/arm-none-eabi/9.2.1/../../../../arm-none-eabi/lib/thumb/v6-m/nofp\libg.a(lib_a-mallocr.o)
                              c:/users/user/.platformio/packages/toolchain-gccarmnoneeabi/bin/../lib/gcc/arm-none-eabi/9.2.1/../../../../arm-none-eabi/lib/thumb/v6-m/nofp\libg.a(lib_a-callocr.o) (_malloc_r)
c:/users/user/.platformio/packages/toolchain-gccarmnoneeabi/bin/../lib/gcc/arm-none-eabi/9.2.1/../../../../arm-none-eabi/lib/thumb/v6-m/nofp\libg.a(lib_a-memcmp.o)
                              CMakeFiles/energy_bench_rp2040.dir/e502336a13e88ccf0dc0c121ce6d3ef9/analysis/remeasurement/project_stage/firmware/common/kernels/bench_kernels.c.obj (memcmp)
c:/users/user/.platformio/packages/toolchain-gccarmnoneeabi/bin/../lib/gcc/arm-none-eabi/9.2.1/../../../../arm-none-eabi/lib/thumb/v6-m/nofp\libg.a(lib_a-mktime.o)
                              CMakeFiles/energy_bench_rp2040.dir/C_/Users/User/AppData/Local/Temp/energy-native-sdks-verified/pico-sdk-a1438dff1d38/src/common/pico_util/datetime.c.obj (mktime)
c:/users/user/.platformio/packages/toolchain-gccarmnoneeabi/bin/../lib/gcc/arm-none-eabi/9.2.1/../../../../arm-none-eabi/lib/thumb/v6-m/nofp\libg.a(lib_a-mlock.o)
                              c:/users/user/.platformio/packages/toolchain-gccarmnoneeabi/bin/../lib/gcc/arm-none-eabi/9.2.1/../../../../arm-none-eabi/lib/thumb/v6-m/nofp\libg.a(lib_a-mallocr.o) (__malloc_lock)
c:/users/user/.platformio/packages/toolchain-gccarmnoneeabi/bin/../lib/gcc/arm-none-eabi/9.2.1/../../../../arm-none-eabi/lib/thumb/v6-m/nofp\libg.a(lib_a-month_lengths.o)
                              c:/users/user/.platformio/packages/toolchain-gccarmnoneeabi/bin/../lib/gcc/arm-none-eabi/9.2.1/../../../../arm-none-eabi/lib/thumb/v6-m/nofp\libg.a(lib_a-lcltime_r.o) (__month_lengths)
c:/users/user/.platformio/packages/toolchain-gccarmnoneeabi/bin/../lib/gcc/arm-none-eabi/9.2.1/../../../../arm-none-eabi/lib/thumb/v6-m/nofp\libg.a(lib_a-realloc.o)
                              CMakeFiles/energy_bench_rp2040.dir/C_/Users/User/AppData/Local/Temp/energy-native-sdks-verified/pico-sdk-a1438dff1d38/src/rp2_common/pico_malloc/malloc.c.obj (realloc)
c:/users/user/.platformio/packages/toolchain-gccarmnoneeabi/bin/../lib/gcc/arm-none-eabi/9.2.1/../../../../arm-none-eabi/lib/thumb/v6-m/nofp\libg.a(lib_a-reallocr.o)
[...]
Memory Configuration

Name             Origin             Length             Attributes
FLASH            0x0000000010000000 0x0000000000200000 xr
RAM              0x0000000020000000 0x0000000000040000 xrw
SCRATCH_X        0x0000000020040000 0x0000000000001000 xrw
SCRATCH_Y        0x0000000020041000 0x0000000000001000 xrw
*default*        0x0000000000000000 0xffffffffffffffff

Linker script and memory map

LOAD c:/users/user/.platformio/packages/toolchain-gccarmnoneeabi/bin/../lib/gcc/arm-none-eabi/9.2.1/thumb/v6-m/nofp/crti.o
LOAD c:/users/user/.platformio/packages/toolchain-gccarmnoneeabi/bin/../lib/gcc/arm-none-eabi/9.2.1/thumb/v6-m/nofp/crtbegin.o
LOAD c:/users/user/.platformio/packages/toolchain-gccarmnoneeabi/bin/../lib/gcc/arm-none-eabi/9.2.1/../../../../arm-none-eabi/lib/thumb/v6-m/nofp/crt0.o

.flash_begin    0x0000000010000000        0x0
                0x0000000010000000                __flash_binary_start = .

.boot2          0x0000000010000000      0x100
                0x0000000010000000                __boot2_start__ = .
 *(.boot2)
 .boot2         0x0000000010000000      0x100 pico-sdk/src/rp2040/boot_stage2/CMakeFiles/bs2_default_library.dir/./bs2_default_padded_checksummed.S.obj
                0x0000000010000100                __boot2_end__ = .
                0x0000000000000001                ASSERT (((__boot2_end__ - __boot2_start__) == 0x100), ERROR: Pico second stage bootloader must be 256 bytes in size)

.text           0x0000000010000100     0x4ec0
                0x0000000010000100                __logical_binary_start = .
 *(.vectors)
 .vectors       0x0000000010000100       0xd4 CMakeFiles/energy_bench_rp2040.dir/C_/Users/User/AppData/Local/Temp/energy-native-sdks-verified/pico-sdk-a1438dff1d38/src/rp2_common/pico_crt0/crt0.S.obj
                0x0000000010000100                __VECTOR_TABLE
                0x0000000010000100                __vectors
                0x00000000100001c0                isr_irq13
                0x00000000100001c0                isr_irq27
                0x00000000100001c0                isr_irq31
                0x00000000100001c0                isr_irq12
                0x00000000100001c0                isr_irq5
                0x00000000100001c0                isr_irq11
                0x00000000100001c0                isr_irq3
                0x00000000100001c0                isr_irq23
                0x00000000100001c0                __unhandled_user_irq
                0x00000000100001c0                isr_irq26
                0x00000000100001c0                isr_irq28
                0x00000000100001c0                isr_irq19
                0x00000000100001c0                isr_irq0
                0x00000000100001c0                isr_irq6
                0x00000000100001c0                isr_irq29
                0x00000000100001c0                isr_irq16
                0x00000000100001c0                isr_irq22
                0x00000000100001c0                isr_irq18
                0x00000000100001c0                isr_irq17
                0x00000000100001c0                isr_irq14
                0x00000000100001c0                __vectors_end
                0x00000000100001c0                __default_isrs_start
                0x00000000100001c0                isr_irq2
                0x00000000100001c0                isr_irq10
                0x00000000100001c0                isr_irq8
                0x00000000100001c0                isr_irq24
                0x00000000100001c0                isr_irq1
                0x00000000100001c0                isr_irq7
                0x00000000100001c0                isr_irq21
                0x00000000100001c0                isr_irq20
                0x00000000100001c0                isr_irq15
                0x00000000100001c0                isr_irq25
                0x00000000100001c0                isr_irq4
                0x00000000100001c0                isr_irq30
                0x00000000100001c0                isr_irq9
                0x00000000100001c6                unhandled_user_irq_num_in_r0
                0x00000000100001c8                isr_invalid
                0x00000000100001ca                isr_nmi
                0x00000000100001cc                isr_hardfault
                0x00000000100001ce                isr_svcall
                0x00000000100001d0                isr_pendsv
                0x00000000100001d2                isr_systick
                0x00000000100001d4                __default_isrs_end
 *(.binary_info_header)
 .binary_info_header
                0x00000000100001d4       0x14 CMakeFiles/energy_bench_rp2040.dir/C_/Users/User/AppData/Local/Temp/energy-native-sdks-verified/pico-sdk-a1438dff1d38/src/rp2_common/pico_crt0/crt0.S.obj
                0x00000000100001e8                __binary_info_header_end = .
 *(.embedded_block)
                0x00000000100001e8                __embedded_block_end = .
 *(.reset)
 .reset         0x00000000100001e8       0x9c CMakeFiles/energy_bench_rp2040.dir/C_/Users/User/AppData/Local/Temp/energy-native-sdks-verified/pico-sdk-a1438dff1d38/src/rp2_common/pico_crt0/crt0.S.obj
                0x00000000100001e8                _entry_point
 *(.init)
 .init          0x0000000010000284        0x4 c:/users/user/.platformio/packages/toolchain-gccarmnoneeabi/bin/../lib/gcc/arm-none-eabi/9.2.1/thumb/v6-m/nofp/crti.o
                0x0000000010000284                _init
 *(EXCLUDE_FILE(*libm.a: *libc.a:*lib_a-mem*.o *libgcc.a:) .text*)
 .text.frame_dummy
                0x0000000010000288       0x20 c:/users/user/.platformio/packages/toolchain-gccarmnoneeabi/bin/../lib/gcc/arm-none-eabi/9.2.1/thumb/v6-m/nofp/crtbegin.o
 .text.bench_platform_signals
                0x00000000100002a8       0x3c CMakeFiles/energy_bench_rp2040.dir/platform_rp2040.c.obj
                0x00000000100002a8                bench_platform_signals
 .text.bench_platform_check
                0x00000000100002e4       0x78 CMakeFiles/energy_bench_rp2040.dir/platform_rp2040.c.obj
                0x00000000100002e4                bench_platform_check
 .text.bench_platform_init
                0x000000001000035c       0x9c CMakeFiles/energy_bench_rp2040.dir/platform_rp2040.c.obj
                0x000000001000035c                bench_platform_init
 .text.bench_platform_wait_ms
                0x00000000100003f8       0x50 CMakeFiles/energy_bench_rp2040.dir/platform_rp2040.c.obj
                0x00000000100003f8                bench_platform_wait_ms
 .text.bench_platform_finish
                0x0000000010000448        0x4 CMakeFiles/energy_bench_rp2040.dir/platform_rp2040.c.obj
                0x0000000010000448                bench_platform_finish
 .text.startup.main
                0x000000001000044c        0xc CMakeFiles/energy_bench_rp2040.dir/platform_rp2040.c.obj
                0x000000001000044c                main
 .text.fail.isra.0
                0x0000000010000458       0x2c CMakeFiles/energy_bench_rp2040.dir/e502336a13e88ccf0dc0c121ce6d3ef9/analysis/remeasurement/project_stage/firmware/common/bench_runner.c.obj
 .text.bench_main
                0x0000000010000484      0x204 CMakeFiles/energy_bench_rp2040.dir/e502336a13e88ccf0dc0c121ce6d3ef9/analysis/remeasurement/project_stage/firmware/common/bench_runner.c.obj
                0x0000000010000484                bench_main
 .text.AES_encrypt_block
                0x0000000010000688      0x190 CMakeFiles/energy_bench_rp2040.dir/e502336a13e88ccf0dc0c121ce6d3ef9/analysis/remeasurement/project_stage/firmware/common/kernels/bench_algorithms.c.obj
 .text.extract_min_node.constprop.0
                0x0000000010000818       0x88 CMakeFiles/energy_bench_rp2040.dir/e502336a13e88ccf0dc0c121ce6d3ef9/analysis/remeasurement/project_stage/firmware/common/kernels/bench_algorithms.c.obj
 .text.my_rle_encode
                0x00000000100008a0       0xb4 CMakeFiles/energy_bench_rp2040.dir/e502336a13e88ccf0dc0c121ce6d3ef9/analysis/remeasurement/project_stage/firmware/common/kernels/bench_algorithms.c.obj
                0x00000000100008a0                my_rle_encode
 .text.my_delta_encode
                0x0000000010000954       0x24 CMakeFiles/energy_bench_rp2040.dir/e502336a13e88ccf0dc0c121ce6d3ef9/analysis/remeasurement/project_stage/firmware/common/kernels/bench_algorithms.c.obj
                0x0000000010000954                my_delta_encode
 .text.my_lz77_encode
                0x0000000010000978       0xd4 CMakeFiles/energy_bench_rp2040.dir/e502336a13e88ccf0dc0c121ce6d3ef9/analysis/remeasurement/project_stage/firmware/common/kernels/bench_algorithms.c.obj
                0x0000000010000978                my_lz77_encode
 .text.my_huffman_encode
                0x0000000010000a4c      0x3d4 CMakeFiles/energy_bench_rp2040.dir/e502336a13e88ccf0dc0c121ce6d3ef9/analysis/remeasurement/project_stage/firmware/common/kernels/bench_algorithms.c.obj
                0x0000000010000a4c                my_huffman_encode
 .text.my_aes_encrypt
                0x0000000010000e20      0x184 CMakeFiles/energy_bench_rp2040.dir/e502336a13e88ccf0dc0c121ce6d3ef9/analysis/remeasurement/project_stage/firmware/common/kernels/bench_algorithms.c.obj
                0x0000000010000e20                my_aes_encrypt
 .text.sha256_transform
                0x0000000010000fa4      0x1b0 CMakeFiles/energy_bench_rp2040.dir/e502336a13e88ccf0dc0c121ce6d3ef9/analysis/remeasurement/project_stage/firmware/common/kernels/bench_algorithms.c.obj
                0x0000000010000fa4                sha256_transform
 .text.my_sha256_hash
                0x0000000010001154      0x11c CMakeFiles/energy_bench_rp2040.dir/e502336a13e88ccf0dc0c121ce6d3ef9/analysis/remeasurement/project_stage/firmware/common/kernels/bench_algorithms.c.obj
                0x0000000010001154                my_sha256_hash
 .text.chacha20_quarter_round
                0x0000000010001270       0x50 CMakeFiles/energy_bench_rp2040.dir/e502336a13e88ccf0dc0c121ce6d3ef9/analysis/remeasurement/project_stage/firmware/common/kernels/bench_algorithms.c.obj
                0x0000000010001270                chacha20_quarter_round
 .text.chacha20_mixing
                0x00000000100012c0       0x94 CMakeFiles/energy_bench_rp2040.dir/e502336a13e88ccf0dc0c121ce6d3ef9/analysis/remeasurement/project_stage/firmware/common/kernels/bench_algorithms.c.obj
                0x00000000100012c0                chacha20_mixing
 .text.my_chacha20_encrypt
                0x0000000010001354      0x1a0 CMakeFiles/energy_bench_rp2040.dir/e502336a13e88ccf0dc0c121ce6d3ef9/analysis/remeasurement/project_stage/firmware/common/kernels/bench_algorithms.c.obj
                0x0000000010001354                my_chacha20_encrypt
 .text.my_crc32
                0x00000000100014f4       0x48 CMakeFiles/energy_bench_rp2040.dir/e502336a13e88ccf0dc0c121ce6d3ef9/analysis/remeasurement/project_stage/firmware/common/kernels/bench_algorithms.c.obj
                0x00000000100014f4                my_crc32
 .text.my_fft   0x000000001000153c      0x390 CMakeFiles/energy_bench_rp2040.dir/e502336a13e88ccf0dc0c121ce6d3ef9/analysis/remeasurement/project_stage/firmware/common/kernels/bench_algorithms.c.obj
                0x000000001000153c                my_fft
 .text.my_fir_filter
                0x00000000100018cc       0x9c CMakeFiles/energy_bench_rp2040.dir/e502336a13e88ccf0dc0c121ce6d3ef9/analysis/remeasurement/project_stage/firmware/common/kernels/bench_algorithms.c.obj
                0x00000000100018cc                my_fir_filter
 .text.my_iir_filter
                0x0000000010001968      0x1e8 CMakeFiles/energy_bench_rp2040.dir/e502336a13e88ccf0dc0c121ce6d3ef9/analysis/remeasurement/project_stage/firmware/common/kernels/bench_algorithms.c.obj
                0x0000000010001968                my_iir_filter
 .text.my_dct   0x0000000010001b50      0x100 CMakeFiles/energy_bench_rp2040.dir/e502336a13e88ccf0dc0c121ce6d3ef9/analysis/remeasurement/project_stage/firmware/common/kernels/bench_algorithms.c.obj
                0x0000000010001b50                my_dct
 .text.verify_huffman
                0x0000000010001c50      0x26c CMakeFiles/energy_bench_rp2040.dir/e502336a13e88ccf0dc0c121ce6d3ef9/analysis/remeasurement/project_stage/firmware/common/kernels/bench_kernels.c.obj
 .text.verify_filter
                0x0000000010001ebc       0xe4 CMakeFiles/energy_bench_rp2040.dir/e502336a13e88ccf0dc0c121ce6d3ef9/analysis/remeasurement/project_stage/firmware/common/kernels/bench_kernels.c.obj
 .text.bench_kernel_prepare
                0x0000000010001fa0      0x13c CMakeFiles/energy_bench_rp2040.dir/e502336a13e88ccf0dc0c121ce6d3ef9/analysis/remeasurement/project_stage/firmware/common/kernels/bench_kernels.c.obj
                0x0000000010001fa0                bench_kernel_prepare
 .text.bench_kernel_run
                0x00000000100020dc      0x210 CMakeFiles/energy_bench_rp2040.dir/e502336a13e88ccf0dc0c121ce6d3ef9/analysis/remeasurement/project_stage/firmware/common/kernels/bench_kernels.c.obj
                0x00000000100020dc                bench_kernel_run
 .text.bench_kernel_verify
                0x00000000100022ec      0x3ec CMakeFiles/energy_bench_rp2040.dir/e502336a13e88ccf0dc0c121ce6d3ef9/analysis/remeasurement/project_stage/firmware/common/kernels/bench_kernels.c.obj
                0x00000000100022ec                bench_kernel_verify
 .text.bench_kernel_digest
                0x00000000100026d8       0xa0 CMakeFiles/energy_bench_rp2040.dir/e502336a13e88ccf0dc0c121ce6d3ef9/analysis/remeasurement/project_stage/firmware/common/kernels/bench_kernels.c.obj
                0x00000000100026d8                bench_kernel_digest
 .text.gpio_set_function
                0x0000000010002778       0x34 CMakeFiles/energy_bench_rp2040.dir/C_/Users/User/AppData/Local/Temp/energy-native-sdks-verified/pico-sdk-a1438dff1d38/src/rp2_common/hardware_gpio/gpio.c.obj
                0x0000000010002778                gpio_set_function
 .text.gpio_set_pulls
                0x00000000100027ac       0x30 CMakeFiles/energy_bench_rp2040.dir/C_/Users/User/AppData/Local/Temp/energy-native-sdks-verified/pico-sdk-a1438dff1d38/src/rp2_common/hardware_gpio/gpio.c.obj
                0x00000000100027ac                gpio_set_pulls
 .text.gpio_init
                0x00000000100027dc       0x40 CMakeFiles/energy_bench_rp2040.dir/C_/Users/User/AppData/Local/Temp/energy-native-sdks-verified/pico-sdk-a1438dff1d38/src/rp2_common/hardware_gpio/gpio.c.obj
                0x00000000100027dc                gpio_init
 .text.gpio_init_mask
                0x000000001000281c       0x64 CMakeFiles/energy_bench_rp2040.dir/C_/Users/User/AppData/Local/Temp/energy-native-sdks-verified/pico-sdk-a1438dff1d38/src/rp2_common/hardware_gpio/gpio.c.obj
                0x000000001000281c                gpio_init_mask
 .text.panic    0x0000000010002880       0x30 CMakeFiles/energy_bench_rp2040.dir/C_/Users/User/AppData/Local/Temp/energy-native-sdks-verified/pico-sdk-a1438dff1d38/src/rp2_common/pico_platform_panic/panic.c.obj
                0x0000000010002880                panic
 .text.hw_claim_or_assert
                0x00000000100028b0       0x48 CMakeFiles/energy_bench_rp2040.dir/C_/Users/User/AppData/Local/Temp/energy-native-sdks-verified/pico-sdk-a1438dff1d38/src/common/hardware_claim/claim.c.obj
                0x00000000100028b0                hw_claim_or_assert
 .text.next_striped_spin_lock_num
                0x00000000100028f8       0x18 CMakeFiles/energy_bench_rp2040.dir/C_/Users/User/AppData/Local/Temp/energy-native-sdks-verified/pico-sdk-a1438dff1d38/src/rp2_common/hardware_sync/sync.c.obj
                0x00000000100028f8                next_striped_spin_lock_num
 .text.spin_locks_reset
                0x0000000010002910       0x1c CMakeFiles/energy_bench_rp2040.dir/C_/Users/User/AppData/Local/Temp/energy-native-sdks-verified/pico-sdk-a1438dff1d38/src/rp2_common/hardware_sync_spin_lock/sync_spin_lock.c.obj
                0x0000000010002910                spin_locks_reset
 .text.runtime_init_per_core_irq_priorities
                0x000000001000292c       0x24 CMakeFiles/energy_bench_rp2040.dir/C_/Users/User/AppData/Local/Temp/energy-native-sdks-verified/pico-sdk-a1438dff1d38/src/rp2_common/hardware_irq/irq.c.obj
                0x000000001000292c                runtime_init_per_core_irq_priorities
 .text.irq_set_enabled
                0x0000000010002950       0x24 CMakeFiles/energy_bench_rp2040.dir/C_/Users/User/AppData/Local/Temp/energy-native-sdks-verified/pico-sdk-a1438dff1d38/src/rp2_common/hardware_irq/irq.c.obj
                0x0000000010002950                irq_set_enabled
 .text.irq_set_exclusive_handler
                0x0000000010002974       0x54 CMakeFiles/energy_bench_rp2040.dir/C_/Users/User/AppData/Local/Temp/energy-native-sdks-verified/pico-sdk-a1438dff1d38/src/rp2_common/hardware_irq/irq.c.obj
                0x0000000010002974                irq_set_exclusive_handler
 .text.lock_init
                0x00000000100029c8       0x10 CMakeFiles/energy_bench_rp2040.dir/C_/Users/User/AppData/Local/Temp/energy-native-sdks-verified/pico-sdk-a1438dff1d38/src/common/pico_sync/lock_core.c.obj
                0x00000000100029c8                lock_init
 .text.mutex_init
                0x00000000100029d8       0x1c CMakeFiles/energy_bench_rp2040.dir/C_/Users/User/AppData/Local/Temp/energy-native-sdks-verified/pico-sdk-a1438dff1d38/src/common/pico_sync/mutex.c.obj
                0x00000000100029d8                mutex_init
 .text.recursive_mutex_init
                0x00000000100029f4       0x1c CMakeFiles/energy_bench_rp2040.dir/C_/Users/User/AppData/Local/Temp/energy-native-sdks-verified/pico-sdk-a1438dff1d38/src/common/pico_sync/mutex.c.obj
                0x00000000100029f4                recursive_mutex_init
 .text.runtime_init_mutex
                0x0000000010002a10       0x30 CMakeFiles/energy_bench_rp2040.dir/C_/Users/User/AppData/Local/Temp/energy-native-sdks-verified/pico-sdk-a1438dff1d38/src/common/pico_sync/mutex.c.obj
                0x0000000010002a10                runtime_init_mutex
 .text.sleep_until_callback
                0x0000000010002a40       0x30 CMakeFiles/energy_bench_rp2040.dir/C_/Users/User/AppData/Local/Temp/energy-native-sdks-verified/pico-sdk-a1438dff1d38/src/common/pico_time/time.c.obj
 .text.alarm_pool_irq_handler
                0x0000000010002a70      0x308 CMakeFiles/energy_bench_rp2040.dir/C_/Users/User/AppData/Local/Temp/energy-native-sdks-verified/pico-sdk-a1438dff1d38/src/common/pico_time/time.c.obj
 .text.alarm_pool_post_alloc_init
                0x0000000010002d78       0x98 CMakeFiles/energy_bench_rp2040.dir/C_/Users/User/AppData/Local/Temp/energy-native-sdks-verified/pico-sdk-a1438dff1d38/src/common/pico_time/time.c.obj
 .text.runtime_init_default_alarm_pool
                0x0000000010002e10       0x38 CMakeFiles/energy_bench_rp2040.dir/C_/Users/User/AppData/Local/Temp/energy-native-sdks-verified/pico-sdk-a1438dff1d38/src/common/pico_time/time.c.obj
                0x0000000010002e10                runtime_init_default_alarm_pool
 .text.alarm_pool_add_alarm_at_force_in_context
                0x0000000010002e48       0xa8 CMakeFiles/energy_bench_rp2040.dir/C_/Users/User/AppData/Local/Temp/energy-native-sdks-verified/pico-sdk-a1438dff1d38/src/common/pico_time/time.c.obj
                0x0000000010002e48                alarm_pool_add_alarm_at_force_in_context
 .text.alarm_pool_add_alarm_at
                0x0000000010002ef0       0x3c CMakeFiles/energy_bench_rp2040.dir/C_/Users/User/AppData/Local/Temp/energy-native-sdks-verified/pico-sdk-a1438dff1d38/src/common/pico_time/time.c.obj
                0x0000000010002ef0                alarm_pool_add_alarm_at
 .text.alarm_pool_cancel_alarm
                0x0000000010002f2c       0x7c CMakeFiles/energy_bench_rp2040.dir/C_/Users/User/AppData/Local/Temp/energy-native-sdks-verified/pico-sdk-a1438dff1d38/src/common/pico_time/time.c.obj
                0x0000000010002f2c                alarm_pool_cancel_alarm
 .text.best_effort_wfe_or_timeout
                0x0000000010002fa8       0xe8 CMakeFiles/energy_bench_rp2040.dir/C_/Users/User/AppData/Local/Temp/energy-native-sdks-verified/pico-sdk-a1438dff1d38/src/common/pico_time/time.c.obj
                0x0000000010002fa8                best_effort_wfe_or_timeout
 .text.timer_hardware_alarm_claim
                0x0000000010003090       0x14 CMakeFiles/energy_bench_rp2040.dir/C_/Users/User/AppData/Local/Temp/energy-native-sdks-verified/pico-sdk-a1438dff1d38/src/rp2_common/hardware_timer/timer.c.obj
                0x0000000010003090                timer_hardware_alarm_claim
 .text.timer_time_us_64
                0x00000000100030a4       0x10 CMakeFiles/energy_bench_rp2040.dir/C_/Users/User/AppData/Local/Temp/energy-native-sdks-verified/pico-sdk-a1438dff1d38/src/rp2_common/hardware_timer/timer.c.obj
                0x00000000100030a4                timer_time_us_64
 .text.time_us_64
                0x00000000100030b4       0x14 CMakeFiles/energy_bench_rp2040.dir/C_/Users/User/AppData/Local/Temp/energy-native-sdks-verified/pico-sdk-a1438dff1d38/src/rp2_common/hardware_timer/timer.c.obj
                0x00000000100030b4                time_us_64
 .text.clock_configure_internal
                0x00000000100030c8       0xe0 CMakeFiles/energy_bench_rp2040.dir/C_/Users/User/AppData/Local/Temp/energy-native-sdks-verified/pico-sdk-a1438dff1d38/src/rp2_common/hardware_clocks/clocks.c.obj
 .text.clock_stop
                0x00000000100031a8       0x24 CMakeFiles/energy_bench_rp2040.dir/C_/Users/User/AppData/Local/Temp/energy-native-sdks-verified/pico-sdk-a1438dff1d38/src/rp2_common/hardware_clocks/clocks.c.obj
                0x00000000100031a8                clock_stop
 .text.clock_configure_int_divider
                0x00000000100031cc       0x28 CMakeFiles/energy_bench_rp2040.dir/C_/Users/User/AppData/Local/Temp/energy-native-sdks-verified/pico-sdk-a1438dff1d38/src/rp2_common/hardware_clocks/clocks.c.obj
                0x00000000100031cc                clock_configure_int_divider
 .text.clock_configure_undivided
                0x00000000100031f4       0x14 CMakeFiles/energy_bench_rp2040.dir/C_/Users/User/AppData/Local/Temp/energy-native-sdks-verified/pico-sdk-a1438dff1d38/src/rp2_common/hardware_clocks/clocks.c.obj
                0x00000000100031f4                clock_configure_undivided
 .text.clock_get_hz
                0x0000000010003208        0xc CMakeFiles/energy_bench_rp2040.dir/C_/Users/User/AppData/Local/Temp/energy-native-sdks-verified/pico-sdk-a1438dff1d38/src/rp2_common/hardware_clocks/clocks.c.obj
                0x0000000010003208                clock_get_hz
 .text.frequency_count_khz
                0x0000000010003214       0x48 CMakeFiles/energy_bench_rp2040.dir/C_/Users/User/AppData/Local/Temp/energy-native-sdks-verified/pico-sdk-a1438dff1d38/src/rp2_common/hardware_clocks/clocks.c.obj
                0x0000000010003214                frequency_count_khz
 .text.set_sys_clock_pll
                0x000000001000325c       0x7c CMakeFiles/energy_bench_rp2040.dir/C_/Users/User/AppData/Local/Temp/energy-native-sdks-verified/pico-sdk-a1438dff1d38/src/rp2_common/hardware_clocks/clocks.c.obj
                0x000000001000325c                set_sys_clock_pll
 .text.check_sys_clock_khz
                0x00000000100032d8       0xb4 CMakeFiles/energy_bench_rp2040.dir/C_/Users/User/AppData/Local/Temp/energy-native-sdks-verified/pico-sdk-a1438dff1d38/src/rp2_common/hardware_clocks/clocks.c.obj
                0x00000000100032d8                check_sys_clock_khz
 .text.pll_init
                0x000000001000338c       0xa0 CMakeFiles/energy_bench_rp2040.dir/C_/Users/User/AppData/Local/Temp/energy-native-sdks-verified/pico-sdk-a1438dff1d38/src/rp2_common/hardware_pll/pll.c.obj
                0x000000001000338c                pll_init
 .text.tick_start
                0x000000001000342c       0x10 CMakeFiles/energy_bench_rp2040.dir/C_/Users/User/AppData/Local/Temp/energy-native-sdks-verified/pico-sdk-a1438dff1d38/src/rp2_common/hardware_ticks/ticks.c.obj
                0x000000001000342c                tick_start
 .text.rom_func_lookup
                0x000000001000343c       0x10 CMakeFiles/energy_bench_rp2040.dir/C_/Users/User/AppData/Local/Temp/energy-native-sdks-verified/pico-sdk-a1438dff1d38/src/rp2_common/pico_bootrom/bootrom.c.obj
                0x000000001000343c                rom_func_lookup
 .text.rom_data_lookup
                0x000000001000344c       0x10 CMakeFiles/energy_bench_rp2040.dir/C_/Users/User/AppData/Local/Temp/energy-native-sdks-verified/pico-sdk-a1438dff1d38/src/rp2_common/pico_bootrom/bootrom.c.obj
                0x000000001000344c                rom_data_lookup
 .text.rom_funcs_lookup
                0x000000001000345c       0x3c CMakeFiles/energy_bench_rp2040.dir/C_/Users/User/AppData/Local/Temp/energy-native-sdks-verified/pico-sdk-a1438dff1d38/src/rp2_common/pico_bootrom/bootrom.c.obj
                0x000000001000345c                rom_funcs_lookup
 .text.xosc_init
                0x0000000010003498       0x28 CMakeFiles/energy_bench_rp2040.dir/C_/Users/User/AppData/Local/Temp/energy-native-sdks-verified/pico-sdk-a1438dff1d38/src/rp2_common/hardware_xosc/xosc.c.obj
                0x0000000010003498                xosc_init
 .text.first_per_core_initializer
                0x00000000100034c0        0x4 CMakeFiles/energy_bench_rp2040.dir/C_/Users/User/AppData/Local/Temp/energy-native-sdks-verified/pico-sdk-a1438dff1d38/src/rp2_common/pico_runtime/runtime.c.obj
 .text.hard_assertion_failure
                0x00000000100034c4        0xc CMakeFiles/energy_bench_rp2040.dir/C_/Users/User/AppData/Local/Temp/energy-native-sdks-verified/pico-sdk-a1438dff1d38/src/rp2_common/pico_runtime/runtime.c.obj
                0x00000000100034c4                hard_assertion_failure
 .text.runtime_run_initializers
                0x00000000100034d0       0x28 CMakeFiles/energy_bench_rp2040.dir/C_/Users/User/AppData/Local/Temp/energy-native-sdks-verified/pico-sdk-a1438dff1d38/src/rp2_common/pico_runtime/runtime.c.obj
                0x00000000100034d0                runtime_run_initializers
 .text.runtime_init_early_resets
                0x00000000100034f8       0x2c CMakeFiles/energy_bench_rp2040.dir/C_/Users/User/AppData/Local/Temp/energy-native-sdks-verified/pico-sdk-a1438dff1d38/src/rp2_common/pico_runtime_init/runtime_init.c.obj
                0x00000000100034f8                runtime_init_early_resets
 .text.runtime_init_usb_power_down
                0x0000000010003524       0x1c CMakeFiles/energy_bench_rp2040.dir/C_/Users/User/AppData/Local/Temp/energy-native-sdks-verified/pico-sdk-a1438dff1d38/src/rp2_common/pico_runtime_init/runtime_init.c.obj
                0x0000000010003524                runtime_init_usb_power_down
 .text.runtime_init_post_clock_resets
                0x0000000010003540       0x20 CMakeFiles/energy_bench_rp2040.dir/C_/Users/User/AppData/Local/Temp/energy-native-sdks-verified/pico-sdk-a1438dff1d38/src/rp2_common/pico_runtime_init/runtime_init.c.obj
                0x0000000010003540                runtime_init_post_clock_resets
 .text.runtime_init_rp2040_gpio_ie_disable
                0x0000000010003560       0x14 CMakeFiles/energy_bench_rp2040.dir/C_/Users/User/AppData/Local/Temp/energy-native-sdks-verified/pico-sdk-a1438dff1d38/src/rp2_common/pico_runtime_init/runtime_init.c.obj
                0x0000000010003560                runtime_init_rp2040_gpio_ie_disable
 .text.runtime_init_spin_locks_reset
                0x0000000010003574        0x8 CMakeFiles/energy_bench_rp2040.dir/C_/Users/User/AppData/Local/Temp/energy-native-sdks-verified/pico-sdk-a1438dff1d38/src/rp2_common/pico_runtime_init/runtime_init.c.obj
                0x0000000010003574                runtime_init_spin_locks_reset
 .text.runtime_init_install_ram_vector_table
                0x000000001000357c       0x48 CMakeFiles/energy_bench_rp2040.dir/C_/Users/User/AppData/Local/Temp/energy-native-sdks-verified/pico-sdk-a1438dff1d38/src/rp2_common/pico_runtime_init/runtime_init.c.obj
                0x000000001000357c                runtime_init_install_ram_vector_table
 .text.runtime_init_clocks
                0x00000000100035c4       0xd8 CMakeFiles/energy_bench_rp2040.dir/C_/Users/User/AppData/Local/Temp/energy-native-sdks-verified/pico-sdk-a1438dff1d38/src/rp2_common/pico_runtime_init/runtime_init_clocks.c.obj
                0x00000000100035c4                runtime_init_clocks
 .text          0x000000001000369c       0x10 CMakeFiles/energy_bench_rp2040.dir/C_/Users/User/AppData/Local/Temp/energy-native-sdks-verified/pico-sdk-a1438dff1d38/src/rp2_common/pico_bit_ops/bit_ops_aeabi.S.obj
 .text.__wrap___aeabi_uidiv
                0x00000000100036ac       0x4c CMakeFiles/energy_bench_rp2040.dir/C_/Users/User/AppData/Local/Temp/energy-native-sdks-verified/pico-sdk-a1438dff1d38/src/rp2_common/pico_divider/divider_hardware.S.obj
                0x00000000100036ac                __wrap___aeabi_uidiv
                0x00000000100036ac                __wrap___aeabi_uidivmod
                0x00000000100036ac                div_u32u32
                0x00000000100036ac                divmod_u32u32
                0x00000000100036b4                divmod_u32u32_unsafe
                0x00000000100036dc                divmod_u32u32_savestate
 .text.push_r8_r11
                0x00000000100036f8        0xc CMakeFiles/energy_bench_rp2040.dir/C_/Users/User/AppData/Local/Temp/energy-native-sdks-verified/pico-sdk-a1438dff1d38/src/rp2_common/pico_double/double_aeabi_rp2040.S.obj
                0x00000000100036f8                push_r8_r11
 .text.pop_r8_r11
                0x0000000010003704        0xc CMakeFiles/energy_bench_rp2040.dir/C_/Users/User/AppData/Local/Temp/energy-native-sdks-verified/pico-sdk-a1438dff1d38/src/rp2_common/pico_double/double_aeabi_rp2040.S.obj
                0x0000000010003704                pop_r8_r11
 .text.__wrap___aeabi_darithmetic
                0x0000000010003710       0x80 CMakeFiles/energy_bench_rp2040.dir/C_/Users/User/AppData/Local/Temp/energy-native-sdks-verified/pico-sdk-a1438dff1d38/src/rp2_common/pico_double/double_aeabi_rp2040.S.obj
                0x0000000010003710                __wrap___aeabi_drsub
                0x0000000010003716                __wrap___aeabi_dsub
                0x0000000010003728                __wrap___aeabi_dadd
                0x000000001000373a                __wrap___aeabi_ddiv
                0x0000000010003776                __wrap___aeabi_dmul
 .text.__wrap___aeabi_cdcmple
                0x0000000010003790       0x6c CMakeFiles/energy_bench_rp2040.dir/C_/Users/User/AppData/Local/Temp/energy-native-sdks-verified/pico-sdk-a1438dff1d38/src/rp2_common/pico_double/double_aeabi_rp2040.S.obj
                0x0000000010003790                __wrap___aeabi_cdrcmple
                0x00000000100037a0                __wrap___aeabi_cdcmpeq
                0x00000000100037a0                __wrap___aeabi_cdcmple
 .text.__wrap___aeabi_dcmplt
                0x00000000100037fc        0xc CMakeFiles/energy_bench_rp2040.dir/C_/Users/User/AppData/Local/Temp/energy-native-sdks-verified/pico-sdk-a1438dff1d38/src/rp2_common/pico_double/double_aeabi_rp2040.S.obj
                0x00000000100037fc                __wrap___aeabi_dcmplt
 .text.__wrap___aeabi_dcmpgt
                0x0000000010003808        0xa CMakeFiles/energy_bench_rp2040.dir/C_/Users/User/AppData/Local/Temp/energy-native-sdks-verified/pico-sdk-a1438dff1d38/src/rp2_common/pico_double/double_aeabi_rp2040.S.obj
                0x0000000010003808                __wrap___aeabi_dcmpgt
 *fill*         0x0000000010003812        0x2 
 .text.__wrap___aeabi_i2d
                0x0000000010003814       0x38 CMakeFiles/energy_bench_rp2040.dir/C_/Users/User/AppData/Local/Temp/energy-native-sdks-verified/pico-sdk-a1438dff1d38/src/rp2_common/pico_double/double_aeabi_rp2040.S.obj
                0x0000000010003814                uint2double
                0x0000000010003814                __wrap___aeabi_ui2d
                0x000000001000381c                int2double
                0x000000001000381c                __wrap___aeabi_i2d
 .text.__wrap___aeabi_d2uiz
                0x000000001000384c       0x18 CMakeFiles/energy_bench_rp2040.dir/C_/Users/User/AppData/Local/Temp/energy-native-sdks-verified/pico-sdk-a1438dff1d38/src/rp2_common/pico_double/double_aeabi_rp2040.S.obj
                0x000000001000384c                double2uint
                0x000000001000384c                __wrap___aeabi_d2uiz
                0x000000001000384c                double2uint_z
 .text.fix642double
                0x0000000010003864       0x18 CMakeFiles/energy_bench_rp2040.dir/C_/Users/User/AppData/Local/Temp/energy-native-sdks-verified/pico-sdk-a1438dff1d38/src/rp2_common/pico_double/double_aeabi_rp2040.S.obj
                0x0000000010003864                fix642double
 .text.__wrap___aeabi_d2f
                0x000000001000387c       0x18 CMakeFiles/energy_bench_rp2040.dir/C_/Users/User/AppData/Local/Temp/energy-native-sdks-verified/pico-sdk-a1438dff1d38/src/rp2_common/pico_double/double_aeabi_rp2040.S.obj
                0x000000001000387c                __wrap___aeabi_d2f
 .text.__wrap_srqt
                0x0000000010003894       0x18 CMakeFiles/energy_bench_rp2040.dir/C_/Users/User/AppData/Local/Temp/energy-native-sdks-verified/pico-sdk-a1438dff1d38/src/rp2_common/pico_double/double_aeabi_rp2040.S.obj
                0x0000000010003894                __wrap_sqrt
 .text.__wrap_sincostan_remainder
                0x00000000100038ac       0x14 CMakeFiles/energy_bench_rp2040.dir/C_/Users/User/AppData/Local/Temp/energy-native-sdks-verified/pico-sdk-a1438dff1d38/src/rp2_common/pico_double/double_aeabi_rp2040.S.obj
                0x00000000100038ac                sincostan_remainder
 .text.__wrap_cos
                0x00000000100038c0       0x2c CMakeFiles/energy_bench_rp2040.dir/C_/Users/User/AppData/Local/Temp/energy-native-sdks-verified/pico-sdk-a1438dff1d38/src/rp2_common/pico_double/double_aeabi_rp2040.S.obj
                0x00000000100038c0                __wrap_cos
 .text.__wrap_sin
                0x00000000100038ec       0x2c CMakeFiles/energy_bench_rp2040.dir/C_/Users/User/AppData/Local/Temp/energy-native-sdks-verified/pico-sdk-a1438dff1d38/src/rp2_common/pico_double/double_aeabi_rp2040.S.obj
                0x00000000100038ec                __wrap_sin
 .text.__aeabi_double_init
                0x0000000010003918       0x6c CMakeFiles/energy_bench_rp2040.dir/C_/Users/User/AppData/Local/Temp/energy-native-sdks-verified/pico-sdk-a1438dff1d38/src/rp2_common/pico_double/double_init_rom_rp2040.c.obj
                0x0000000010003918                __aeabi_double_init
 .text.drem_0   0x0000000010003984      0x130 CMakeFiles/energy_bench_rp2040.dir/C_/Users/User/AppData/Local/Temp/energy-native-sdks-verified/pico-sdk-a1438dff1d38/src/rp2_common/pico_double/double_math.c.obj
 .text.__wrap_remquo
                0x0000000010003ab4      0x164 CMakeFiles/energy_bench_rp2040.dir/C_/Users/User/AppData/Local/Temp/energy-native-sdks-verified/pico-sdk-a1438dff1d38/src/rp2_common/pico_double/double_math.c.obj
                0x0000000010003ab4                __wrap_remquo
 .text.__wrap_drem
                0x0000000010003c18       0x10 CMakeFiles/energy_bench_rp2040.dir/C_/Users/User/AppData/Local/Temp/energy-native-sdks-verified/pico-sdk-a1438dff1d38/src/rp2_common/pico_double/double_math.c.obj
                0x0000000010003c18                __wrap_drem
 .text.__wrap_remainder
                0x0000000010003c28        0x8 CMakeFiles/energy_bench_rp2040.dir/C_/Users/User/AppData/Local/Temp/energy-native-sdks-verified/pico-sdk-a1438dff1d38/src/rp2_common/pico_double/double_math.c.obj
                0x0000000010003c28                __wrap_remainder
 .text.double_table_shim_on_use_helper
                0x0000000010003c30       0x2c CMakeFiles/energy_bench_rp2040.dir/C_/Users/User/AppData/Local/Temp/energy-native-sdks-verified/pico-sdk-a1438dff1d38/src/rp2_common/pico_double/double_v1_rom_shim_rp2040.S.obj
                0x0000000010003c30                double_table_shim_on_use_helper
 .text.__wrap___aeabi_dsub
                0x0000000010003c5c       0x10 CMakeFiles/energy_bench_rp2040.dir/C_/Users/User/AppData/Local/Temp/energy-native-sdks-verified/pico-sdk-a1438dff1d38/src/rp2_common/pico_double/double_v1_rom_shim_rp2040.S.obj
                0x0000000010003c5c                drsub_shim
                0x0000000010003c62                dsub_shim
 .text.dadd_shim
                0x0000000010003c6c      0x15c CMakeFiles/energy_bench_rp2040.dir/C_/Users/User/AppData/Local/Temp/energy-native-sdks-verified/pico-sdk-a1438dff1d38/src/rp2_common/pico_double/double_v1_rom_shim_rp2040.S.obj
                0x0000000010003c6c                dadd_shim
 .text.dmul_shim
                0x0000000010003dc8      0x15c CMakeFiles/energy_bench_rp2040.dir/C_/Users/User/AppData/Local/Temp/energy-native-sdks-verified/pico-sdk-a1438dff1d38/src/rp2_common/pico_double/double_v1_rom_shim_rp2040.S.obj
                0x0000000010003dc8                dmul_shim
 .text.ddiv_shim
                0x0000000010003f24      0x1b0 CMakeFiles/energy_bench_rp2040.dir/C_/Users/User/AppData/Local/Temp/energy-native-sdks-verified/pico-sdk-a1438dff1d38/src/rp2_common/pico_double/double_v1_rom_shim_rp2040.S.obj
                0x0000000010003f24                ddiv_shim
 .text.dsqrt_shim
                0x00000000100040d4      0x1a8 CMakeFiles/energy_bench_rp2040.dir/C_/Users/User/AppData/Local/Temp/energy-native-sdks-verified/pico-sdk-a1438dff1d38/src/rp2_common/pico_double/double_v1_rom_shim_rp2040.S.obj
                0x00000000100040f0                dsqrt_shim
 .text.dcordic_vec_step
                0x000000001000427c        0xe CMakeFiles/energy_bench_rp2040.dir/C_/Users/User/AppData/Local/Temp/energy-native-sdks-verified/pico-sdk-a1438dff1d38/src/rp2_common/pico_double/double_v1_rom_shim_rp2040.S.obj
                0x000000001000427c                dcordic_vec_step
 .text.dcordic_rot_step
                0x000000001000428a       0x76 CMakeFiles/energy_bench_rp2040.dir/C_/Users/User/AppData/Local/Temp/energy-native-sdks-verified/pico-sdk-a1438dff1d38/src/rp2_common/pico_double/double_v1_rom_shim_rp2040.S.obj
                0x000000001000428a                dcordic_rot_step
 .text.double2uint_shim
                0x0000000010004300        0xe CMakeFiles/energy_bench_rp2040.dir/C_/Users/User/AppData/Local/Temp/energy-native-sdks-verified/pico-sdk-a1438dff1d38/src/rp2_common/pico_double/double_v1_rom_shim_rp2040.S.obj
                0x0000000010004300                double2uint_shim
                0x0000000010004302                double2ufix_shim
 .text.double2int64_shim
                0x000000001000430e       0x1a CMakeFiles/energy_bench_rp2040.dir/C_/Users/User/AppData/Local/Temp/energy-native-sdks-verified/pico-sdk-a1438dff1d38/src/rp2_common/pico_double/double_v1_rom_shim_rp2040.S.obj
                0x000000001000430e                double2int64_shim
                0x0000000010004310                double2fix64_shim
 .text.double2uint64_shim
                0x0000000010004328       0x70 CMakeFiles/energy_bench_rp2040.dir/C_/Users/User/AppData/Local/Temp/energy-native-sdks-verified/pico-sdk-a1438dff1d38/src/rp2_common/pico_double/double_v1_rom_shim_rp2040.S.obj
                0x0000000010004328                double2uint64_shim
                0x000000001000432a                double2ufix64_shim
                0x000000001000434a                d2fix_a
 .text.double2float_shim
                0x0000000010004398       0x5c CMakeFiles/energy_bench_rp2040.dir/C_/Users/User/AppData/Local/Temp/energy-native-sdks-verified/pico-sdk-a1438dff1d38/src/rp2_common/pico_double/double_v1_rom_shim_rp2040.S.obj
                0x0000000010004398                double2float_shim
 .text.x2double_shims
                0x00000000100043f4       0x90 CMakeFiles/energy_bench_rp2040.dir/C_/Users/User/AppData/Local/Temp/energy-native-sdks-verified/pico-sdk-a1438dff1d38/src/rp2_common/pico_double/double_v1_rom_shim_rp2040.S.obj
                0x00000000100043f4                uint2double_shim
                0x00000000100043f6                ufix2double_shim
                0x00000000100043fc                int2double_shim
                0x00000000100043fe                fix2double_shim
                0x0000000010004404                uint642double_shim
                0x0000000010004406                ufix642double_shim
                0x000000001000440c                int642double_shim
                0x000000001000440e                fix642double_shim
 .text.dunpacks
                0x0000000010004484       0x3c CMakeFiles/energy_bench_rp2040.dir/C_/Users/User/AppData/Local/Temp/energy-native-sdks-verified/pico-sdk-a1438dff1d38/src/rp2_common/pico_double/double_v1_rom_shim_rp2040.S.obj
                0x0000000010004484                dunpacks
 .text.dreduce  0x00000000100044c0       0x82 CMakeFiles/energy_bench_rp2040.dir/C_/Users/User/AppData/Local/Temp/energy-native-sdks-verified/pico-sdk-a1438dff1d38/src/rp2_common/pico_double/double_v1_rom_shim_rp2040.S.obj
                0x00000000100044c0                dreduce
 .text.dcos_shim
                0x0000000010004542       0x10 CMakeFiles/energy_bench_rp2040.dir/C_/Users/User/AppData/Local/Temp/energy-native-sdks-verified/pico-sdk-a1438dff1d38/src/rp2_common/pico_double/double_v1_rom_shim_rp2040.S.obj
                0x0000000010004542                dcos_shim
 .text.dsin_shim
                0x0000000010004552       0x14 CMakeFiles/energy_bench_rp2040.dir/C_/Users/User/AppData/Local/Temp/energy-native-sdks-verified/pico-sdk-a1438dff1d38/src/rp2_common/pico_double/double_v1_rom_shim_rp2040.S.obj
                0x0000000010004552                dsin_shim
 *fill*         0x0000000010004566        0x2 
 .text.dtrig_guts
                0x0000000010004568      0x2ec CMakeFiles/energy_bench_rp2040.dir/C_/Users/User/AppData/Local/Temp/energy-native-sdks-verified/pico-sdk-a1438dff1d38/src/rp2_common/pico_double/double_v1_rom_shim_rp2040.S.obj
                0x0000000010004640                datan2_shim
 .text.__aeabi_lmul
                0x0000000010004854       0x32 CMakeFiles/energy_bench_rp2040.dir/C_/Users/User/AppData/Local/Temp/energy-native-sdks-verified/pico-sdk-a1438dff1d38/src/rp2_common/pico_int64_ops/pico_int64_ops_aeabi.S.obj
                0x0000000010004854                __wrap___aeabi_lmul
 *fill*         0x0000000010004886        0x2 
 .text.__wrap___aeabi_farithmetic
                0x0000000010004888       0x48 CMakeFiles/energy_bench_rp2040.dir/C_/Users/User/AppData/Local/Temp/energy-native-sdks-verified/pico-sdk-a1438dff1d38/src/rp2_common/pico_float/float_aeabi_rp2040.S.obj
                0x0000000010004888                __wrap___aeabi_frsub
                0x000000001000488e                __wrap___aeabi_fsub
                0x0000000010004894                __wrap___aeabi_fadd
                0x000000001000489a                __wrap___aeabi_fdiv
                0x00000000100048c2                __wrap___aeabi_fmul
 .text.__wrap___aeabi_cfcmple
                0x00000000100048d0       0x50 CMakeFiles/energy_bench_rp2040.dir/C_/Users/User/AppData/Local/Temp/energy-native-sdks-verified/pico-sdk-a1438dff1d38/src/rp2_common/pico_float/float_aeabi_rp2040.S.obj
                0x00000000100048d0                __wrap___aeabi_cfrcmple
                0x00000000100048dc                __wrap___aeabi_cfcmple
                0x00000000100048dc                __wrap___aeabi_cfcmpeq
 .text.__wrap___aeabi_fcmpgt
                0x0000000010004920        0xa CMakeFiles/energy_bench_rp2040.dir/C_/Users/User/AppData/Local/Temp/energy-native-sdks-verified/pico-sdk-a1438dff1d38/src/rp2_common/pico_float/float_aeabi_rp2040.S.obj
                0x0000000010004920                __wrap___aeabi_fcmpgt
 .text.__wrap___aeabi_fcmpun
                0x000000001000492a       0x18 CMakeFiles/energy_bench_rp2040.dir/C_/Users/User/AppData/Local/Temp/energy-native-sdks-verified/pico-sdk-a1438dff1d38/src/rp2_common/pico_float/float_aeabi_rp2040.S.obj
                0x000000001000492a                __wrap___aeabi_fcmpun
 .text.__wrap___aeabi_ui2f
                0x0000000010004942        0xa CMakeFiles/energy_bench_rp2040.dir/C_/Users/User/AppData/Local/Temp/energy-native-sdks-verified/pico-sdk-a1438dff1d38/src/rp2_common/pico_float/float_aeabi_rp2040.S.obj
                0x0000000010004942                __wrap___aeabi_ui2f
                0x0000000010004942                uint2float
 .text.__wrap___aeabi_i2f
                0x000000001000494c       0x44 CMakeFiles/energy_bench_rp2040.dir/C_/Users/User/AppData/Local/Temp/energy-native-sdks-verified/pico-sdk-a1438dff1d38/src/rp2_common/pico_float/float_aeabi_rp2040.S.obj
                0x000000001000494c                __wrap___aeabi_i2f
                0x000000001000494c                int2float
 .text.fix2float
                0x0000000010004990        0xc CMakeFiles/energy_bench_rp2040.dir/C_/Users/User/AppData/Local/Temp/energy-native-sdks-verified/pico-sdk-a1438dff1d38/src/rp2_common/pico_float/float_aeabi_rp2040.S.obj
                0x0000000010004990                fix2float
 .text.__wrap___aeabi_f2d
                0x000000001000499c       0x14 CMakeFiles/energy_bench_rp2040.dir/C_/Users/User/AppData/Local/Temp/energy-native-sdks-verified/pico-sdk-a1438dff1d38/src/rp2_common/pico_float/float_aeabi_rp2040.S.obj
                0x000000001000499c                __wrap___aeabi_f2d
 .text.__wrap_sqrtf
                0x00000000100049b0       0x20 CMakeFiles/energy_bench_rp2040.dir/C_/Users/User/AppData/Local/Temp/energy-native-sdks-verified/pico-sdk-a1438dff1d38/src/rp2_common/pico_float/float_aeabi_rp2040.S.obj
                0x00000000100049b0                __wrap_sqrtf
 .text.__wrap_cosf
                0x00000000100049d0       0x24 CMakeFiles/energy_bench_rp2040.dir/C_/Users/User/AppData/Local/Temp/energy-native-sdks-verified/pico-sdk-a1438dff1d38/src/rp2_common/pico_float/float_aeabi_rp2040.S.obj
                0x00000000100049d0                __wrap_cosf
 .text.__aeabi_float_init
                0x00000000100049f4       0x5c CMakeFiles/energy_bench_rp2040.dir/C_/Users/User/AppData/Local/Temp/energy-native-sdks-verified/pico-sdk-a1438dff1d38/src/rp2_common/pico_float/float_init_rom_rp2040.c.obj
                0x00000000100049f4                __aeabi_float_init
 .text.frem_0   0x0000000010004a50       0x90 CMakeFiles/energy_bench_rp2040.dir/C_/Users/User/AppData/Local/Temp/energy-native-sdks-verified/pico-sdk-a1438dff1d38/src/rp2_common/pico_float/float_math.c.obj
 .text.__wrap_remquof
                0x0000000010004ae0       0xe0 CMakeFiles/energy_bench_rp2040.dir/C_/Users/User/AppData/Local/Temp/energy-native-sdks-verified/pico-sdk-a1438dff1d38/src/rp2_common/pico_float/float_math.c.obj
                0x0000000010004ae0                __wrap_remquof
 .text.__wrap_dremf
                0x0000000010004bc0        0xc CMakeFiles/energy_bench_rp2040.dir/C_/Users/User/AppData/Local/Temp/energy-native-sdks-verified/pico-sdk-a1438dff1d38/src/rp2_common/pico_float/float_math.c.obj
                0x0000000010004bc0                __wrap_dremf
 .text.__wrap_remainderf
                0x0000000010004bcc        0x8 CMakeFiles/energy_bench_rp2040.dir/C_/Users/User/AppData/Local/Temp/energy-native-sdks-verified/pico-sdk-a1438dff1d38/src/rp2_common/pico_float/float_math.c.obj
                0x0000000010004bcc                __wrap_remainderf
 .text.float_table_shim_on_use_helper
                0x0000000010004bd4       0x2c CMakeFiles/energy_bench_rp2040.dir/C_/Users/User/AppData/Local/Temp/energy-native-sdks-verified/pico-sdk-a1438dff1d38/src/rp2_common/pico_float/float_v1_rom_shim_rp2040.S.obj
                0x0000000010004bd4                float_table_shim_on_use_helper
 .text.float2double_shim
                0x0000000010004c00       0x30 CMakeFiles/energy_bench_rp2040.dir/C_/Users/User/AppData/Local/Temp/energy-native-sdks-verified/pico-sdk-a1438dff1d38/src/rp2_common/pico_float/float_v1_rom_shim_rp2040.S.obj
                0x0000000010004c00                float2double_shim
 .text          0x0000000010004c30       0x10 CMakeFiles/energy_bench_rp2040.dir/C_/Users/User/AppData/Local/Temp/energy-native-sdks-verified/pico-sdk-a1438dff1d38/src/rp2_common/pico_mem_ops/mem_ops_aeabi.S.obj
                0x0000000010004c30                __aeabi_mem_init
 .text.memset   0x0000000010004c40        0xc CMakeFiles/energy_bench_rp2040.dir/C_/Users/User/AppData/Local/Temp/energy-native-sdks-verified/pico-sdk-a1438dff1d38/src/rp2_common/pico_mem_ops/mem_ops_aeabi.S.obj
                0x0000000010004c40                __wrap_memset
 .text.memcpy   0x0000000010004c4c        0xc CMakeFiles/energy_bench_rp2040.dir/C_/Users/User/AppData/Local/Temp/energy-native-sdks-verified/pico-sdk-a1438dff1d38/src/rp2_common/pico_mem_ops/mem_ops_aeabi.S.obj
                0x0000000010004c4c                __wrap_memcpy
                0x0000000010004c4c                __wrap___aeabi_memcpy
 .text._out_char
                0x0000000010004c58       0x10 CMakeFiles/energy_bench_rp2040.dir/C_/Users/User/AppData/Local/Temp/energy-native-sdks-verified/pico-sdk-a1438dff1d38/src/rp2_common/pico_printf/printf.c.obj
 .text.weak_raw_vprintf
                0x0000000010004c68       0x30 CMakeFiles/energy_bench_rp2040.dir/C_/Users/User/AppData/Local/Temp/energy-native-sdks-verified/pico-sdk-a1438dff1d38/src/rp2_common/pico_printf/printf.c.obj
                0x0000000010004c68                weak_raw_vprintf
 .text._exit    0x0000000010004c98        0x4 CMakeFiles/energy_bench_rp2040.dir/C_/Users/User/AppData/Local/Temp/energy-native-sdks-verified/pico-sdk-a1438dff1d38/src/rp2_common/pico_clib_interface/newlib_interface.c.obj
                0x0000000010004c98                _exit
 .text.exit     0x0000000010004c9c        0x8 CMakeFiles/energy_bench_rp2040.dir/C_/Users/User/AppData/Local/Temp/energy-native-sdks-verified/pico-sdk-a1438dff1d38/src/rp2_common/pico_clib_interface/newlib_interface.c.obj
                0x0000000010004c9c                exit
 .text.runtime_init
                0x0000000010004ca4       0x2c CMakeFiles/energy_bench_rp2040.dir/C_/Users/User/AppData/Local/Temp/energy-native-sdks-verified/pico-sdk-a1438dff1d38/src/rp2_common/pico_clib_interface/newlib_interface.c.obj
                0x0000000010004ca4                runtime_init
 .text.stdio_out_chars_no_crlf
                0x0000000010004cd0       0x10 CMakeFiles/energy_bench_rp2040.dir/C_/Users/User/AppData/Local/Temp/energy-native-sdks-verified/pico-sdk-a1438dff1d38/src/rp2_common/pico_stdio/stdio.c.obj
 .text.stdio_out_chars_crlf
                0x0000000010004ce0       0x94 CMakeFiles/energy_bench_rp2040.dir/C_/Users/User/AppData/Local/Temp/energy-native-sdks-verified/pico-sdk-a1438dff1d38/src/rp2_common/pico_stdio/stdio.c.obj
 .text.stdout_serialize_begin
                0x0000000010004d74       0x30 CMakeFiles/energy_bench_rp2040.dir/C_/Users/User/AppData/Local/Temp/energy-native-sdks-verified/pico-sdk-a1438dff1d38/src/rp2_common/pico_stdio/stdio.c.obj
                0x0000000010004d74                stdout_serialize_begin
 .text.stdio_put_string
                0x0000000010004da4       0xb0 CMakeFiles/energy_bench_rp2040.dir/C_/Users/User/AppData/Local/Temp/energy-native-sdks-verified/pico-sdk-a1438dff1d38/src/rp2_common/pico_stdio/stdio.c.obj
                0x0000000010004da4                stdio_put_string
 .text.__wrap_putchar
                0x0000000010004e54       0x1c CMakeFiles/energy_bench_rp2040.dir/C_/Users/User/AppData/Local/Temp/energy-native-sdks-verified/pico-sdk-a1438dff1d38/src/rp2_common/pico_stdio/stdio.c.obj
                0x0000000010004e54                __wrap_putchar
                0x0000000010004e54                stdio_putchar
 .text.__wrap_puts
                0x0000000010004e70       0x34 CMakeFiles/energy_bench_rp2040.dir/C_/Users/User/AppData/Local/Temp/energy-native-sdks-verified/pico-sdk-a1438dff1d38/src/rp2_common/pico_stdio/stdio.c.obj
                0x0000000010004e70                stdio_puts
                0x0000000010004e70                __wrap_puts
 .text.memcmp   0x0000000010004ea4       0x48 c:/users/user/.platformio/packages/toolchain-gccarmnoneeabi/bin/../lib/gcc/arm-none-eabi/9.2.1/../../../../arm-none-eabi/lib/thumb/v6-m/nofp\libg.a(lib_a-memcmp.o)
                0x0000000010004ea4                memcmp
 .text.strlen   0x0000000010004eec       0x5c c:/users/user/.platformio/packages/toolchain-gccarmnoneeabi/bin/../lib/gcc/arm-none-eabi/9.2.1/../../../../arm-none-eabi/lib/thumb/v6-m/nofp\libg.a(lib_a-strlen-stub.o)
                0x0000000010004eec                strlen
 *(.fini)
 .fini          0x0000000010004f48        0x4 c:/users/user/.platformio/packages/toolchain-gccarmnoneeabi/bin/../lib/gcc/arm-none-eabi/9.2.1/thumb/v6-m/nofp/crti.o
                0x0000000010004f48                _fini
 *fill*         0x0000000010004f4c        0x4 
 .fini.__stub   0x0000000010004f50       0x30 linker stubs
 *crtbegin.o(.ctors)
 *crtbegin?.o(.ctors)
 *(EXCLUDE_FILE(*crtend.o *crtend?.o) .ctors)
 *(SORT_BY_NAME(.ctors.*))
 *(.ctors)
 *crtbegin.o(.dtors)
 *crtbegin?.o(.dtors)
 *(EXCLUDE_FILE(*crtend.o *crtend?.o) .dtors)
 *(SORT_BY_NAME(.dtors.*))
 *(.dtors)
                0x0000000010004f80                . = ALIGN (0x4)
                0x0000000010004f80                PROVIDE (__preinit_array_start = .)
 *(SORT_BY_NAME(.preinit_array.*))
 .preinit_array.00100
                0x0000000010004f80        0x4 CMakeFiles/energy_bench_rp2040.dir/C_/Users/User/AppData/Local/Temp/energy-native-sdks-verified/pico-sdk-a1438dff1d38/src/rp2_common/pico_runtime_init/runtime_init.c.obj
                0x0000000010004f80                __pre_init_runtime_init_early_resets
 .preinit_array.00101
                0x0000000010004f84        0x4 CMakeFiles/energy_bench_rp2040.dir/C_/Users/User/AppData/Local/Temp/energy-native-sdks-verified/pico-sdk-a1438dff1d38/src/rp2_common/pico_runtime_init/runtime_init.c.obj
                0x0000000010004f84                __pre_init_runtime_init_usb_power_down
 .preinit_array.00275
                0x0000000010004f88        0x4 CMakeFiles/energy_bench_rp2040.dir/C_/Users/User/AppData/Local/Temp/energy-native-sdks-verified/pico-sdk-a1438dff1d38/src/rp2_common/pico_bit_ops/bit_ops_aeabi.S.obj
 .preinit_array.00300
                0x0000000010004f8c        0x4 CMakeFiles/energy_bench_rp2040.dir/C_/Users/User/AppData/Local/Temp/energy-native-sdks-verified/pico-sdk-a1438dff1d38/src/rp2_common/pico_mem_ops/mem_ops_aeabi.S.obj
 .preinit_array.00350
                0x0000000010004f90        0x4 CMakeFiles/energy_bench_rp2040.dir/C_/Users/User/AppData/Local/Temp/energy-native-sdks-verified/pico-sdk-a1438dff1d38/src/rp2_common/pico_double/double_aeabi_rp2040.S.obj
 .preinit_array.00350
                0x0000000010004f94        0x4 CMakeFiles/energy_bench_rp2040.dir/C_/Users/User/AppData/Local/Temp/energy-native-sdks-verified/pico-sdk-a1438dff1d38/src/rp2_common/pico_float/float_aeabi_rp2040.S.obj
 .preinit_array.00500
                0x0000000010004f98        0x4 CMakeFiles/energy_bench_rp2040.dir/C_/Users/User/AppData/Local/Temp/energy-native-sdks-verified/pico-sdk-a1438dff1d38/src/rp2_common/pico_runtime_init/runtime_init.c.obj
                0x0000000010004f98                __pre_init_runtime_init_clocks
 .preinit_array.00600
                0x0000000010004f9c        0x4 CMakeFiles/energy_bench_rp2040.dir/C_/Users/User/AppData/Local/Temp/energy-native-sdks-verified/pico-sdk-a1438dff1d38/src/rp2_common/pico_runtime_init/runtime_init.c.obj
                0x0000000010004f9c                __pre_init_runtime_init_post_clock_resets
 .preinit_array.00700
                0x0000000010004fa0        0x4 CMakeFiles/energy_bench_rp2040.dir/C_/Users/User/AppData/Local/Temp/energy-native-sdks-verified/pico-sdk-a1438dff1d38/src/rp2_common/pico_runtime_init/runtime_init.c.obj
                0x0000000010004fa0                __pre_init_runtime_init_rp2040_gpio_ie_disable
 .preinit_array.01000
                0x0000000010004fa4        0x4 CMakeFiles/energy_bench_rp2040.dir/C_/Users/User/AppData/Local/Temp/energy-native-sdks-verified/pico-sdk-a1438dff1d38/src/rp2_common/pico_runtime_init/runtime_init.c.obj
                0x0000000010004fa4                __pre_init_runtime_init_spin_locks_reset
 .preinit_array.01100
                0x0000000010004fa8        0x4 CMakeFiles/energy_bench_rp2040.dir/C_/Users/User/AppData/Local/Temp/energy-native-sdks-verified/pico-sdk-a1438dff1d38/src/common/pico_sync/mutex.c.obj
                0x0000000010004fa8                __pre_init_runtime_init_mutex
 .preinit_array.10080
                0x0000000010004fac        0x4 CMakeFiles/energy_bench_rp2040.dir/C_/Users/User/AppData/Local/Temp/energy-native-sdks-verified/pico-sdk-a1438dff1d38/src/rp2_common/pico_runtime_init/runtime_init.c.obj
                0x0000000010004fac                __pre_init_runtime_init_install_ram_vector_table
 .preinit_array.11000
                0x0000000010004fb0        0x4 CMakeFiles/energy_bench_rp2040.dir/C_/Users/User/AppData/Local/Temp/energy-native-sdks-verified/pico-sdk-a1438dff1d38/src/common/pico_time/time.c.obj
                0x0000000010004fb0                __pre_init_runtime_init_default_alarm_pool
 .preinit_array.YYYYY
                0x0000000010004fb4        0x4 CMakeFiles/energy_bench_rp2040.dir/C_/Users/User/AppData/Local/Temp/energy-native-sdks-verified/pico-sdk-a1438dff1d38/src/rp2_common/pico_runtime/runtime.c.obj
                0x0000000010004fb4                __pre_init_first_per_core_initializer
 .preinit_array.ZZZZZ.01200
                0x0000000010004fb8        0x4 CMakeFiles/energy_bench_rp2040.dir/C_/Users/User/AppData/Local/Temp/energy-native-sdks-verified/pico-sdk-a1438dff1d38/src/rp2_common/hardware_irq/irq.c.obj
                0x0000000010004fb8                __pre_init_runtime_init_per_core_irq_priorities
 *(.preinit_array)
                0x0000000010004fbc                PROVIDE (__preinit_array_end = .)
                0x0000000010004fbc                . = ALIGN (0x4)
                0x0000000010004fbc                PROVIDE (__init_array_start = .)
 *(SORT_BY_NAME(.init_array.*))
 *(.init_array)
 .init_array    0x0000000010004fbc        0x4 c:/users/user/.platformio/packages/toolchain-gccarmnoneeabi/bin/../lib/gcc/arm-none-eabi/9.2.1/thumb/v6-m/nofp/crtbegin.o
                0x0000000010004fc0                PROVIDE (__init_array_end = .)
                0x0000000010004fc0                . = ALIGN (0x4)
                [!provide]                        PROVIDE (__fini_array_start = .)
 *(SORT_BY_NAME(.fini_array.*))
 *(.fini_array)
                [!provide]                        PROVIDE (__fini_array_end = .)
 *(.eh_frame*)
 .eh_frame      0x0000000010004fc0        0x0 c:/users/user/.platformio/packages/toolchain-gccarmnoneeabi/bin/../lib/gcc/arm-none-eabi/9.2.1/thumb/v6-m/nofp/crtbegin.o
                0x0000000010004fc0                . = ALIGN (0x4)

.glue_7         0x0000000010004fc0        0x0
 .glue_7        0x0000000010004fc0        0x0 linker stubs

.glue_7t        0x0000000010004fc0        0x0
 .glue_7t       0x0000000010004fc0        0x0 linker stubs

.vfp11_veneer   0x0000000010004fc0        0x0
 .vfp11_veneer  0x0000000010004fc0        0x0 linker stubs

.v4_bx          0x0000000010004fc0        0x0
 .v4_bx         0x0000000010004fc0        0x0 linker stubs

.iplt           0x0000000010004fc0        0x0
 .iplt          0x0000000010004fc0        0x0 c:/users/user/.platformio/packages/toolchain-gccarmnoneeabi/bin/../lib/gcc/arm-none-eabi/9.2.1/thumb/v6-m/nofp/crtbegin.o

.rodata         0x0000000010004fc0     0x4eb8
 *(EXCLUDE_FILE(*libm.a: *libc.a:*lib_a-mem*.o *libgcc.a:) .rodata*)
 .rodata.bench_iterations
                0x0000000010004fc0       0x30 CMakeFiles/energy_bench_rp2040.dir/e502336a13e88ccf0dc0c121ce6d3ef9/analysis/remeasurement/project_stage/firmware/common/bench_runner.c.obj
 .rodata.bench_compression_input
                0x0000000010004ff0      0x800 CMakeFiles/energy_bench_rp2040.dir/e502336a13e88ccf0dc0c121ce6d3ef9/analysis/remeasurement/project_stage/firmware/common/bench_data.c.obj
                0x0000000010004ff0                bench_compression_input
 .rodata.bench_crypto_input
                0x00000000100057f0      0x800 CMakeFiles/energy_bench_rp2040.dir/e502336a13e88ccf0dc0c121ce6d3ef9/analysis/remeasurement/project_stage/firmware/common/bench_data.c.obj
                0x00000000100057f0                bench_crypto_input
 .rodata.bench_dsp_input
                0x0000000010005ff0      0x800 CMakeFiles/energy_bench_rp2040.dir/e502336a13e88ccf0dc0c121ce6d3ef9/analysis/remeasurement/project_stage/firmware/common/bench_data.c.obj
                0x0000000010005ff0                bench_dsp_input
 .rodata        0x00000000100067f0       0x20 CMakeFiles/energy_bench_rp2040.dir/e502336a13e88ccf0dc0c121ce6d3ef9/analysis/remeasurement/project_stage/firmware/common/kernels/bench_algorithms.c.obj
 .rodata.k      0x0000000010006810      0x100 CMakeFiles/energy_bench_rp2040.dir/e502336a13e88ccf0dc0c121ce6d3ef9/analysis/remeasurement/project_stage/firmware/common/kernels/bench_algorithms.c.obj
 .rodata.rcon   0x0000000010006910        0xb CMakeFiles/energy_bench_rp2040.dir/e502336a13e88ccf0dc0c121ce6d3ef9/analysis/remeasurement/project_stage/firmware/common/kernels/bench_algorithms.c.obj
 *fill*         0x000000001000691b        0x1 
 .rodata.sbox   0x000000001000691c      0x100 CMakeFiles/energy_bench_rp2040.dir/e502336a13e88ccf0dc0c121ce6d3ef9/analysis/remeasurement/project_stage/firmware/common/kernels/bench_algorithms.c.obj
 .rodata.bench_kernel_run.str1.4
                0x0000000010006a1c        0xe CMakeFiles/energy_bench_rp2040.dir/e502336a13e88ccf0dc0c121ce6d3ef9/analysis/remeasurement/project_stage/firmware/common/kernels/bench_kernels.c.obj
 *fill*         0x0000000010006a2a        0x2 
 .rodata.bench_kernel_run
                0x0000000010006a2c       0x34 CMakeFiles/energy_bench_rp2040.dir/e502336a13e88ccf0dc0c121ce6d3ef9/analysis/remeasurement/project_stage/firmware/common/kernels/bench_kernels.c.obj
 .rodata.bench_kernel_verify
                0x0000000010006a60       0x34 CMakeFiles/energy_bench_rp2040.dir/e502336a13e88ccf0dc0c121ce6d3ef9/analysis/remeasurement/project_stage/firmware/common/kernels/bench_kernels.c.obj
 .rodata.aes_key
                0x0000000010006a94       0x10 CMakeFiles/energy_bench_rp2040.dir/e502336a13e88ccf0dc0c121ce6d3ef9/analysis/remeasurement/project_stage/firmware/common/kernels/bench_kernels.c.obj
 .rodata.chacha_key
                0x0000000010006aa4       0x20 CMakeFiles/energy_bench_rp2040.dir/e502336a13e88ccf0dc0c121ce6d3ef9/analysis/remeasurement/project_stage/firmware/common/kernels/bench_kernels.c.obj
 .rodata.chacha_nonce
                0x0000000010006ac4        0xc CMakeFiles/energy_bench_rp2040.dir/e502336a13e88ccf0dc0c121ce6d3ef9/analysis/remeasurement/project_stage/firmware/common/kernels/bench_kernels.c.obj
 .rodata.golden_aes
                0x0000000010006ad0      0x810 CMakeFiles/energy_bench_rp2040.dir/e502336a13e88ccf0dc0c121ce6d3ef9/analysis/remeasurement/project_stage/firmware/common/kernels/bench_kernels.c.obj
 .rodata.golden_chacha20
                0x00000000100072e0      0x800 CMakeFiles/energy_bench_rp2040.dir/e502336a13e88ccf0dc0c121ce6d3ef9/analysis/remeasurement/project_stage/firmware/common/kernels/bench_kernels.c.obj
 .rodata.golden_dct
                0x0000000010007ae0     0x2000 CMakeFiles/energy_bench_rp2040.dir/e502336a13e88ccf0dc0c121ce6d3ef9/analysis/remeasurement/project_stage/firmware/common/kernels/bench_kernels.c.obj
 .rodata.golden_dsp_period
                0x0000000010009ae0       0x80 CMakeFiles/energy_bench_rp2040.dir/e502336a13e88ccf0dc0c121ce6d3ef9/analysis/remeasurement/project_stage/firmware/common/kernels/bench_kernels.c.obj
 .rodata.golden_fft_period
                0x0000000010009b60      0x200 CMakeFiles/energy_bench_rp2040.dir/e502336a13e88ccf0dc0c121ce6d3ef9/analysis/remeasurement/project_stage/firmware/common/kernels/bench_kernels.c.obj
 .rodata.golden_sha256
                0x0000000010009d60       0x20 CMakeFiles/energy_bench_rp2040.dir/e502336a13e88ccf0dc0c121ce6d3ef9/analysis/remeasurement/project_stage/firmware/common/kernels/bench_kernels.c.obj
 .rodata.taps.5334
                0x0000000010009d80       0x14 CMakeFiles/energy_bench_rp2040.dir/e502336a13e88ccf0dc0c121ce6d3ef9/analysis/remeasurement/project_stage/firmware/common/kernels/bench_kernels.c.obj
 .rodata.panic.str1.4
                0x0000000010009d94       0x12 CMakeFiles/energy_bench_rp2040.dir/C_/Users/User/AppData/Local/Temp/energy-native-sdks-verified/pico-sdk-a1438dff1d38/src/rp2_common/pico_platform_panic/panic.c.obj
 *fill*         0x0000000010009da6        0x2 
 .rodata.timer_hardware_alarm_claim.str1.4
                0x0000000010009da8       0x22 CMakeFiles/energy_bench_rp2040.dir/C_/Users/User/AppData/Local/Temp/energy-native-sdks-verified/pico-sdk-a1438dff1d38/src/rp2_common/hardware_timer/timer.c.obj
 *fill*         0x0000000010009dca        0x2 
 .rodata.hard_assertion_failure.str1.4
                0x0000000010009dcc        0xc CMakeFiles/energy_bench_rp2040.dir/C_/Users/User/AppData/Local/Temp/energy-native-sdks-verified/pico-sdk-a1438dff1d38/src/rp2_common/pico_runtime/runtime.c.obj
 .rodata.str1.4
                0x0000000010009dd8       0x48 CMakeFiles/energy_bench_rp2040.dir/c4d13ec574a9b7d3f54bc69743a1be94/pico-sdk-a1438dff1d38/src/rp2_common/pico_standard_binary_info/standard_binary_info.c.obj
 .rodata.__bi_26
                0x0000000010009e20        0xc CMakeFiles/energy_bench_rp2040.dir/c4d13ec574a9b7d3f54bc69743a1be94/pico-sdk-a1438dff1d38/src/rp2_common/pico_standard_binary_info/standard_binary_info.c.obj
 .rodata.__bi_34
                0x0000000010009e2c        0xc CMakeFiles/energy_bench_rp2040.dir/c4d13ec574a9b7d3f54bc69743a1be94/pico-sdk-a1438dff1d38/src/rp2_common/pico_standard_binary_info/standard_binary_info.c.obj
 .rodata.__bi_42
                0x0000000010009e38        0xc CMakeFiles/energy_bench_rp2040.dir/c4d13ec574a9b7d3f54bc69743a1be94/pico-sdk-a1438dff1d38/src/rp2_common/pico_standard_binary_info/standard_binary_info.c.obj
 .rodata.__bi_48
                0x0000000010009e44        0xc CMakeFiles/energy_bench_rp2040.dir/c4d13ec574a9b7d3f54bc69743a1be94/pico-sdk-a1438dff1d38/src/rp2_common/pico_standard_binary_info/standard_binary_info.c.obj
 .rodata.__bi_54
                0x0000000010009e50        0xc CMakeFiles/energy_bench_rp2040.dir/c4d13ec574a9b7d3f54bc69743a1be94/pico-sdk-a1438dff1d38/src/rp2_common/pico_standard_binary_info/standard_binary_info.c.obj
 .rodata.__bi_78
                0x0000000010009e5c        0xc CMakeFiles/energy_bench_rp2040.dir/c4d13ec574a9b7d3f54bc69743a1be94/pico-sdk-a1438dff1d38/src/rp2_common/pico_standard_binary_info/standard_binary_info.c.obj
 .rodata.__bi_84
                0x0000000010009e68        0xc CMakeFiles/energy_bench_rp2040.dir/c4d13ec574a9b7d3f54bc69743a1be94/pico-sdk-a1438dff1d38/src/rp2_common/pico_standard_binary_info/standard_binary_info.c.obj
 .rodata.crlf_str.6145
                0x0000000010009e74        0x2 CMakeFiles/energy_bench_rp2040.dir/C_/Users/User/AppData/Local/Temp/energy-native-sdks-verified/pico-sdk-a1438dff1d38/src/rp2_common/pico_stdio/stdio.c.obj
                0x0000000010009e78                . = ALIGN (0x4)
 *fill*         0x0000000010009e76        0x2 
 *(SORT_BY_ALIGNMENT(SORT_BY_NAME(.flashdata*)))
                0x0000000010009e78                . = ALIGN (0x4)

.ARM.extab
 *(.ARM.extab* .gnu.linkonce.armextab.*)
                0x0000000010009e78                __exidx_start = .

.ARM.exidx
 *(.ARM.exidx* .gnu.linkonce.armexidx.*)
                0x0000000010009e78                __exidx_end = .
                0x0000000010009e78                . = ALIGN (0x4)
                0x0000000010009e78                __binary_info_start = .

.binary_info    0x0000000010009e78       0x1c
 *(.binary_info.keep.*)
 .binary_info.keep.__bi_ptr26
                0x0000000010009e78        0x4 CMakeFiles/energy_bench_rp2040.dir/c4d13ec574a9b7d3f54bc69743a1be94/pico-sdk-a1438dff1d38/src/rp2_common/pico_standard_binary_info/standard_binary_info.c.obj
 .binary_info.keep.__bi_ptr34
                0x0000000010009e7c        0x4 CMakeFiles/energy_bench_rp2040.dir/c4d13ec574a9b7d3f54bc69743a1be94/pico-sdk-a1438dff1d38/src/rp2_common/pico_standard_binary_info/standard_binary_info.c.obj
 .binary_info.keep.__bi_ptr42
                0x0000000010009e80        0x4 CMakeFiles/energy_bench_rp2040.dir/c4d13ec574a9b7d3f54bc69743a1be94/pico-sdk-a1438dff1d38/src/rp2_common/pico_standard_binary_info/standard_binary_info.c.obj
 .binary_info.keep.__bi_ptr48
                0x0000000010009e84        0x4 CMakeFiles/energy_bench_rp2040.dir/c4d13ec574a9b7d3f54bc69743a1be94/pico-sdk-a1438dff1d38/src/rp2_common/pico_standard_binary_info/standard_binary_info.c.obj
 .binary_info.keep.__bi_ptr54
                0x0000000010009e88        0x4 CMakeFiles/energy_bench_rp2040.dir/c4d13ec574a9b7d3f54bc69743a1be94/pico-sdk-a1438dff1d38/src/rp2_common/pico_standard_binary_info/standard_binary_info.c.obj
 .binary_info.keep.__bi_ptr78
                0x0000000010009e8c        0x4 CMakeFiles/energy_bench_rp2040.dir/c4d13ec574a9b7d3f54bc69743a1be94/pico-sdk-a1438dff1d38/src/rp2_common/pico_standard_binary_info/standard_binary_info.c.obj
 .binary_info.keep.__bi_ptr84
                0x0000000010009e90        0x4 CMakeFiles/energy_bench_rp2040.dir/c4d13ec574a9b7d3f54bc69743a1be94/pico-sdk-a1438dff1d38/src/rp2_common/pico_standard_binary_info/standard_binary_info.c.obj
 *(.binary_info.*)
                0x0000000010009e94                __binary_info_end = .
                0x0000000010009e94                . = ALIGN (0x4)

.ram_vector_table
                0x0000000020000000       0xc0
 *(.ram_vector_table)
 .ram_vector_table
                0x0000000020000000       0xc0 CMakeFiles/energy_bench_rp2040.dir/C_/Users/User/AppData/Local/Temp/energy-native-sdks-verified/pico-sdk-a1438dff1d38/src/rp2_common/pico_runtime_init/runtime_init.c.obj
                0x0000000020000000                ram_vector_table

.uninitialized_data
                0x00000000200000c0        0x0
                0x00000000200000c0                . = ALIGN (0x4)
 *(.uninitialized_data*)

.data           0x00000000200000c0      0x168 load address 0x0000000010009e94
                0x00000000200000c0                __data_start__ = .
 *(vtable)
 *(.time_critical*)
 .time_critical.mutex_try_enter
                0x00000000200000c0       0x48 CMakeFiles/energy_bench_rp2040.dir/C_/Users/User/AppData/Local/Temp/energy-native-sdks-verified/pico-sdk-a1438dff1d38/src/common/pico_sync/mutex.c.obj
                0x00000000200000c0                mutex_try_enter
 .time_critical.mutex_enter_block_until
                0x0000000020000108       0x68 CMakeFiles/energy_bench_rp2040.dir/C_/Users/User/AppData/Local/Temp/energy-native-sdks-verified/pico-sdk-a1438dff1d38/src/common/pico_sync/mutex.c.obj
                0x0000000020000108                mutex_enter_block_until
 .time_critical.mutex_try_enter_block_until
                0x0000000020000170       0x34 CMakeFiles/energy_bench_rp2040.dir/C_/Users/User/AppData/Local/Temp/energy-native-sdks-verified/pico-sdk-a1438dff1d38/src/common/pico_sync/mutex.c.obj
                0x0000000020000170                mutex_try_enter_block_until
 .time_critical.mutex_exit
                0x00000000200001a4       0x28 CMakeFiles/energy_bench_rp2040.dir/C_/Users/User/AppData/Local/Temp/energy-native-sdks-verified/pico-sdk-a1438dff1d38/src/common/pico_sync/mutex.c.obj
                0x00000000200001a4                mutex_exit
 *(.text*)
 .text          0x00000000200001cc        0x4 c:/users/user/.platformio/packages/toolchain-gccarmnoneeabi/bin/../lib/gcc/arm-none-eabi/9.2.1/thumb/v6-m/nofp\libgcc.a(_dvmd_tls.o)
                0x00000000200001cc                __aeabi_idiv0
                0x00000000200001cc                __aeabi_ldiv0
 .text.__stub   0x00000000200001d0       0x10 linker stubs
                0x00000000200001e0                . = ALIGN (0x4)
 *(.rodata*)
                0x00000000200001e0                . = ALIGN (0x4)
 *(.data*)
 .data.striped_spin_lock_num
                0x00000000200001e0        0x1 CMakeFiles/energy_bench_rp2040.dir/C_/Users/User/AppData/Local/Temp/energy-native-sdks-verified/pico-sdk-a1438dff1d38/src/rp2_common/hardware_sync/sync.c.obj
 *fill*         0x00000000200001e1        0x3 
 .data.default_alarm_pool
                0x00000000200001e4       0x18 CMakeFiles/energy_bench_rp2040.dir/C_/Users/User/AppData/Local/Temp/energy-native-sdks-verified/pico-sdk-a1438dff1d38/src/common/pico_time/time.c.obj
 *fill*         0x00000000200001fc        0x4 
 .data.aeabi_bits_funcs
                0x0000000020000200       0x10 CMakeFiles/energy_bench_rp2040.dir/C_/Users/User/AppData/Local/Temp/energy-native-sdks-verified/pico-sdk-a1438dff1d38/src/rp2_common/pico_bit_ops/bit_ops_aeabi.S.obj
                0x0000000020000200                aeabi_bits_funcs
                0x0000000020000210                aeabi_bits_funcs_end
 .data.aeabi_mem_funcs
                0x0000000020000210       0x10 CMakeFiles/energy_bench_rp2040.dir/C_/Users/User/AppData/Local/Temp/energy-native-sdks-verified/pico-sdk-a1438dff1d38/src/rp2_common/pico_mem_ops/mem_ops_aeabi.S.obj
                0x0000000020000210                aeabi_mem_funcs
                0x0000000020000220                aeabi_mem_funcs_end
                0x0000000020000220                . = ALIGN (0x4)
 *(.after_data.*)
                0x0000000020000220                . = ALIGN (0x4)
                0x0000000020000220                PROVIDE (__mutex_array_start = .)
 *(SORT_BY_NAME(.mutex_array.*))
 *(.mutex_array)
 .mutex_array   0x0000000020000220        0x8 CMakeFiles/energy_bench_rp2040.dir/C_/Users/User/AppData/Local/Temp/energy-native-sdks-verified/pico-sdk-a1438dff1d38/src/rp2_common/pico_stdio/stdio.c.obj
                0x0000000020000228                PROVIDE (__mutex_array_end = .)
                0x0000000020000228                . = ALIGN (0x4)
 *(.jcr)
                0x0000000020000228                . = ALIGN (0x4)

.igot.plt       0x0000000020000228        0x0 load address 0x0000000010009ffc
 .igot.plt      0x0000000020000228        0x0 c:/users/user/.platformio/packages/toolchain-gccarmnoneeabi/bin/../lib/gcc/arm-none-eabi/9.2.1/thumb/v6-m/nofp/crtbegin.o

.tdata          0x0000000020000228        0x0 load address 0x0000000010009ffc
                0x0000000020000228                . = ALIGN (0x4)
 *(.tdata .tdata.* .gnu.linkonce.td.*)
                0x0000000020000228                __tdata_end = .
                0x0000000020000228                PROVIDE (__data_end__ = .)
                0x0000000010009e94                __etext = LOADADDR (.data)

.tbss           0x0000000020000228        0x0 load address 0x0000000010009ffc
                0x0000000020000228                . = ALIGN (0x4)
                0x0000000020000228                __bss_start__ = .
                0x0000000020000228                __tls_base = .
 *(.tbss .tbss.* .gnu.linkonce.tb.*)
 *(.tcommon)
                0x0000000020000228                __tls_end = .

.bss            0x0000000020000228     0xa17c load address 0x0000000010009ffc
                0x0000000020000228                . = ALIGN (0x4)
                0x0000000020000228                __tbss_end = .
 *(SORT_BY_ALIGNMENT(SORT_BY_NAME(.bss*)))
 .bss.default_alarm_pool_entries
                0x0000000020000228      0x180 CMakeFiles/energy_bench_rp2040.dir/C_/Users/User/AppData/Local/Temp/energy-native-sdks-verified/pico-sdk-a1438dff1d38/src/common/pico_time/time.c.obj
 .bss.active_id
                0x00000000200003a8        0x4 CMakeFiles/energy_bench_rp2040.dir/e502336a13e88ccf0dc0c121ce6d3ef9/analysis/remeasurement/project_stage/firmware/common/kernels/bench_kernels.c.obj
 .bss.byte_out  0x00000000200003ac     0x1910 CMakeFiles/energy_bench_rp2040.dir/e502336a13e88ccf0dc0c121ce6d3ef9/analysis/remeasurement/project_stage/firmware/common/kernels/bench_kernels.c.obj
 .bss.claimed   0x0000000020001cbc        0x1 CMakeFiles/energy_bench_rp2040.dir/C_/Users/User/AppData/Local/Temp/energy-native-sdks-verified/pico-sdk-a1438dff1d38/src/rp2_common/hardware_timer/timer.c.obj
 *fill*         0x0000000020001cbd        0x3 
 .bss.configured_freq
                0x0000000020001cc0       0x28 CMakeFiles/energy_bench_rp2040.dir/C_/Users/User/AppData/Local/Temp/energy-native-sdks-verified/pico-sdk-a1438dff1d38/src/rp2_common/hardware_clocks/clocks.c.obj
 .bss.decoded   0x0000000020001ce8      0x800 CMakeFiles/energy_bench_rp2040.dir/e502336a13e88ccf0dc0c121ce6d3ef9/analysis/remeasurement/project_stage/firmware/common/kernels/bench_kernels.c.obj
 .bss.drivers   0x00000000200024e8        0x4 CMakeFiles/energy_bench_rp2040.dir/C_/Users/User/AppData/Local/Temp/energy-native-sdks-verified/pico-sdk-a1438dff1d38/src/rp2_common/pico_stdio/stdio.c.obj
 .bss.env_static.6533
                0x00000000200024ec     0x1404 CMakeFiles/energy_bench_rp2040.dir/e502336a13e88ccf0dc0c121ce6d3ef9/analysis/remeasurement/project_stage/firmware/common/kernels/bench_algorithms.c.obj
 .bss.fft_imag_workspace
                0x00000000200038f0     0x2000 CMakeFiles/energy_bench_rp2040.dir/e502336a13e88ccf0dc0c121ce6d3ef9/analysis/remeasurement/project_stage/firmware/common/kernels/bench_algorithms.c.obj
 .bss.fft_real_workspace
                0x00000000200058f0     0x2000 CMakeFiles/energy_bench_rp2040.dir/e502336a13e88ccf0dc0c121ce6d3ef9/analysis/remeasurement/project_stage/firmware/common/kernels/bench_algorithms.c.obj
 .bss.filter    0x00000000200078f0        0x4 CMakeFiles/energy_bench_rp2040.dir/C_/Users/User/AppData/Local/Temp/energy-native-sdks-verified/pico-sdk-a1438dff1d38/src/rp2_common/pico_stdio/stdio.c.obj
 .bss.float_out
                0x00000000200078f4     0x2008 CMakeFiles/energy_bench_rp2040.dir/e502336a13e88ccf0dc0c121ce6d3ef9/analysis/remeasurement/project_stage/firmware/common/kernels/bench_kernels.c.obj
 .bss.input_data
                0x00000000200098fc      0x800 CMakeFiles/energy_bench_rp2040.dir/e502336a13e88ccf0dc0c121ce6d3ef9/analysis/remeasurement/project_stage/firmware/common/kernels/bench_kernels.c.obj
 .bss.input_len
                0x000000002000a0fc        0x4 CMakeFiles/energy_bench_rp2040.dir/e502336a13e88ccf0dc0c121ce6d3ef9/analysis/remeasurement/project_stage/firmware/common/kernels/bench_kernels.c.obj
 .bss.lazy_vsnprintf
                0x000000002000a100        0x4 CMakeFiles/energy_bench_rp2040.dir/C_/Users/User/AppData/Local/Temp/energy-native-sdks-verified/pico-sdk-a1438dff1d38/src/rp2_common/pico_printf/printf.c.obj
 .bss.object.8916
                0x000000002000a104       0x18 c:/users/user/.platformio/packages/toolchain-gccarmnoneeabi/bin/../lib/gcc/arm-none-eabi/9.2.1/thumb/v6-m/nofp/crtbegin.o
 .bss.output_len
                0x000000002000a11c        0x4 CMakeFiles/energy_bench_rp2040.dir/e502336a13e88ccf0dc0c121ce6d3ef9/analysis/remeasurement/project_stage/firmware/common/kernels/bench_kernels.c.obj
 .bss.pools     0x000000002000a120       0x10 CMakeFiles/energy_bench_rp2040.dir/C_/Users/User/AppData/Local/Temp/energy-native-sdks-verified/pico-sdk-a1438dff1d38/src/common/pico_time/time.c.obj
 .bss.sf_clz_func
                0x000000002000a130        0x4 CMakeFiles/energy_bench_rp2040.dir/C_/Users/User/AppData/Local/Temp/energy-native-sdks-verified/pico-sdk-a1438dff1d38/src/rp2_common/pico_double/double_init_rom_rp2040.c.obj
                0x000000002000a130                sf_clz_func
 .bss.sleep_notifier
                0x000000002000a134        0x4 CMakeFiles/energy_bench_rp2040.dir/C_/Users/User/AppData/Local/Temp/energy-native-sdks-verified/pico-sdk-a1438dff1d38/src/common/pico_time/time.c.obj
 .bss.configured
                0x000000002000a138        0x1 CMakeFiles/energy_bench_rp2040.dir/platform_rp2040.c.obj
 .bss.golden_crypto
                0x000000002000a139        0x1 CMakeFiles/energy_bench_rp2040.dir/e502336a13e88ccf0dc0c121ce6d3ef9/analysis/remeasurement/project_stage/firmware/common/kernels/bench_kernels.c.obj
 .bss.golden_dsp
                0x000000002000a13a        0x1 CMakeFiles/energy_bench_rp2040.dir/e502336a13e88ccf0dc0c121ce6d3ef9/analysis/remeasurement/project_stage/firmware/common/kernels/bench_kernels.c.obj
 .bss.last_success
                0x000000002000a13b        0x1 CMakeFiles/energy_bench_rp2040.dir/e502336a13e88ccf0dc0c121ce6d3ef9/analysis/remeasurement/project_stage/firmware/common/kernels/bench_kernels.c.obj
 *(COMMON)
 COMMON         0x000000002000a13c       0x68 CMakeFiles/energy_bench_rp2040.dir/e502336a13e88ccf0dc0c121ce6d3ef9/analysis/remeasurement/project_stage/firmware/common/bench_runner.c.obj
                0x000000002000a13c                bench_failure_reason
                0x000000002000a140                bench_result_digests
                0x000000002000a170                bench_completed_calls
                0x000000002000a1a0                bench_failed_algorithm
 COMMON         0x000000002000a1a4      0x100 CMakeFiles/energy_bench_rp2040.dir/C_/Users/User/AppData/Local/Temp/energy-native-sdks-verified/pico-sdk-a1438dff1d38/src/rp2_common/pico_double/double_init_rom_rp2040.c.obj
                0x000000002000a1a4                sd_table
 COMMON         0x000000002000a2a4      0x100 CMakeFiles/energy_bench_rp2040.dir/C_/Users/User/AppData/Local/Temp/energy-native-sdks-verified/pico-sdk-a1438dff1d38/src/rp2_common/pico_float/float_init_rom_rp2040.c.obj
                0x000000002000a2a4                sf_table
                0x000000002000a3a4                . = ALIGN (0x4)
                0x000000002000a3a4                __bss_end__ = .

.heap           0x000000002000a3a4      0x800 load address 0x0000000010009ffc
                0x000000002000a3a4                __end__ = .
                0x000000002000a3a4                end = __end__
 *(.heap*)
 .heap          0x000000002000a3a4      0x800 CMakeFiles/energy_bench_rp2040.dir/C_/Users/User/AppData/Local/Temp/energy-native-sdks-verified/pico-sdk-a1438dff1d38/src/rp2_common/pico_crt0/crt0.S.obj
                0x0000000020040000                __HeapLimit = (ORIGIN (RAM) + LENGTH (RAM))

.scratch_x      0x0000000020040000        0x0 load address 0x0000000010009ffc
                0x0000000020040000                __scratch_x_start__ = .
 *(.scratch_x.*)
                0x0000000020040000                . = ALIGN (0x4)
                0x0000000020040000                __scratch_x_end__ = .
                0x0000000010009ffc                __scratch_x_source__ = LOADADDR (.scratch_x)

.scratch_y      0x0000000020041000        0x0 load address 0x0000000010009ffc
                0x0000000020041000                __scratch_y_start__ = .
 *(.scratch_y.*)
                0x0000000020041000                . = ALIGN (0x4)
                0x0000000020041000                __scratch_y_end__ = .
                0x0000000010009ffc                __scratch_y_source__ = LOADADDR (.scratch_y)

.stack1_dummy   0x0000000020040000        0x0
 *(.stack1*)

.stack_dummy    0x0000000020041000     0x1000
 *(.stack*)
 .stack         0x0000000020041000     0x1000 CMakeFiles/energy_bench_rp2040.dir/C_/Users/User/AppData/Local/Temp/energy-native-sdks-verified/pico-sdk-a1438dff1d38/src/rp2_common/pico_crt0/crt0.S.obj

.rel.dyn        0x0000000020042000        0x0
 .rel.iplt      0x0000000020042000        0x0 c:/users/user/.platformio/packages/toolchain-gccarmnoneeabi/bin/../lib/gcc/arm-none-eabi/9.2.1/thumb/v6-m/nofp/crtbegin.o

.flash_end      0x0000000010009ffc        0x0
 *(.embedded_end_block*)
                0x0000000010009ffc                PROVIDE (__flash_binary_end = .)
                0x0000000020040000                __StackLimit = (ORIGIN (RAM) + LENGTH (RAM))
                0x0000000020041000                __StackOneTop = (ORIGIN (SCRATCH_X) + LENGTH (SCRATCH_X))
                0x0000000020042000                __StackTop = (ORIGIN (SCRATCH_Y) + LENGTH (SCRATCH_Y))
                0x0000000020041000                __StackOneBottom = (__StackOneTop - SIZEOF (.stack1_dummy))
                0x0000000020041000                __StackBottom = (__StackTop - SIZEOF (.stack_dummy))
                0x0000000020042000                PROVIDE (__stack = __StackTop)
                [!provide]                        PROVIDE (__heap_start = __end__)
                [!provide]                        PROVIDE (__heap_end = __HeapLimit)
                [!provide]                        PROVIDE (__tls_align = MAX (ALIGNOF (.tdata), ALIGNOF (.tbss)))
                [!provide]                        PROVIDE (__tls_size_align = (((__tls_size + __tls_align) - 0x1) & ~ ((__tls_align - 0x1))))
                [!provide]                        PROVIDE (__arm32_tls_tcb_offset = MAX (0x8, __tls_align))
                [!provide]                        PROVIDE (_end = __end__)
                [!provide]                        PROVIDE (__llvm_libc_heap_limit = __HeapLimit)
                0x0000000000000001                ASSERT ((__StackLimit >= __HeapLimit), region RAM overflowed)
                0x0000000000000001                ASSERT (((__binary_info_header_end - __logical_binary_start) <= 0x100), Binary info must be in first 256 bytes of the binary)
LOAD CMakeFiles/energy_bench_rp2040.dir/platform_rp2040.c.obj
LOAD CMakeFiles/energy_bench_rp2040.dir/e502336a13e88ccf0dc0c121ce6d3ef9/analysis/remeasurement/project_stage/firmware/common/bench_runner.c.obj
LOAD CMakeFiles/energy_bench_rp2040.dir/e502336a13e88ccf0dc0c121ce6d3ef9/analysis/remeasurement/project_stage/firmware/common/bench_data.c.obj
LOAD CMakeFiles/energy_bench_rp2040.dir/e502336a13e88ccf0dc0c121ce6d3ef9/analysis/remeasurement/project_stage/firmware/common/kernels/bench_algorithms.c.obj
LOAD CMakeFiles/energy_bench_rp2040.dir/e502336a13e88ccf0dc0c121ce6d3ef9/analysis/remeasurement/project_stage/firmware/common/kernels/bench_kernels.c.obj
LOAD CMakeFiles/energy_bench_rp2040.dir/C_/Users/User/AppData/Local/Temp/energy-native-sdks-verified/pico-sdk-a1438dff1d38/src/rp2_common/pico_stdlib/stdlib.c.obj
LOAD CMakeFiles/energy_bench_rp2040.dir/C_/Users/User/AppData/Local/Temp/energy-native-sdks-verified/pico-sdk-a1438dff1d38/src/rp2_common/hardware_gpio/gpio.c.obj
LOAD CMakeFiles/energy_bench_rp2040.dir/C_/Users/User/AppData/Local/Temp/energy-native-sdks-verified/pico-sdk-a1438dff1d38/src/rp2040/pico_platform/platform.c.obj
LOAD CMakeFiles/energy_bench_rp2040.dir/C_/Users/User/AppData/Local/Temp/energy-native-sdks-verified/pico-sdk-a1438dff1d38/src/rp2_common/pico_platform_common/common.c.obj
LOAD CMakeFiles/energy_bench_rp2040.dir/C_/Users/User/AppData/Local/Temp/energy-native-sdks-verified/pico-sdk-a1438dff1d38/src/rp2_common/pico_platform_panic/panic.c.obj
LOAD CMakeFiles/energy_bench_rp2040.dir/C_/Users/User/AppData/Local/Temp/energy-native-sdks-verified/pico-sdk-a1438dff1d38/src/common/hardware_claim/claim.c.obj
LOAD CMakeFiles/energy_bench_rp2040.dir/C_/Users/User/AppData/Local/Temp/energy-native-sdks-verified/pico-sdk-a1438dff1d38/src/rp2_common/hardware_sync/sync.c.obj
LOAD CMakeFiles/energy_bench_rp2040.dir/C_/Users/User/AppData/Local/Temp/energy-native-sdks-verified/pico-sdk-a1438dff1d38/src/rp2_common/hardware_sync_spin_lock/sync_spin_lock.c.obj
LOAD CMakeFiles/energy_bench_rp2040.dir/C_/Users/User/AppData/Local/Temp/energy-native-sdks-verified/pico-sdk-a1438dff1d38/src/rp2_common/hardware_irq/irq.c.obj
LOAD CMakeFiles/energy_bench_rp2040.dir/C_/Users/User/AppData/Local/Temp/energy-native-sdks-verified/pico-sdk-a1438dff1d38/src/rp2_common/hardware_irq/irq_handler_chain.S.obj
LOAD CMakeFiles/energy_bench_rp2040.dir/C_/Users/User/AppData/Local/Temp/energy-native-sdks-verified/pico-sdk-a1438dff1d38/src/common/pico_sync/sem.c.obj
LOAD CMakeFiles/energy_bench_rp2040.dir/C_/Users/User/AppData/Local/Temp/energy-native-sdks-verified/pico-sdk-a1438dff1d38/src/common/pico_sync/lock_core.c.obj
LOAD CMakeFiles/energy_bench_rp2040.dir/C_/Users/User/AppData/Local/Temp/energy-native-sdks-verified/pico-sdk-a1438dff1d38/src/common/pico_sync/mutex.c.obj
LOAD CMakeFiles/energy_bench_rp2040.dir/C_/Users/User/AppData/Local/Temp/energy-native-sdks-verified/pico-sdk-a1438dff1d38/src/common/pico_sync/critical_section.c.obj
LOAD CMakeFiles/energy_bench_rp2040.dir/C_/Users/User/AppData/Local/Temp/energy-native-sdks-verified/pico-sdk-a1438dff1d38/src/common/pico_time/time.c.obj
LOAD CMakeFiles/energy_bench_rp2040.dir/C_/Users/User/AppData/Local/Temp/energy-native-sdks-verified/pico-sdk-a1438dff1d38/src/common/pico_time/timeout_helper.c.obj
LOAD CMakeFiles/energy_bench_rp2040.dir/C_/Users/User/AppData/Local/Temp/energy-native-sdks-verified/pico-sdk-a1438dff1d38/src/rp2_common/hardware_timer/timer.c.obj
LOAD CMakeFiles/energy_bench_rp2040.dir/C_/Users/User/AppData/Local/Temp/energy-native-sdks-verified/pico-sdk-a1438dff1d38/src/common/pico_util/datetime.c.obj
LOAD CMakeFiles/energy_bench_rp2040.dir/C_/Users/User/AppData/Local/Temp/energy-native-sdks-verified/pico-sdk-a1438dff1d38/src/common/pico_util/pheap.c.obj
LOAD CMakeFiles/energy_bench_rp2040.dir/C_/Users/User/AppData/Local/Temp/energy-native-sdks-verified/pico-sdk-a1438dff1d38/src/common/pico_util/queue.c.obj
LOAD CMakeFiles/energy_bench_rp2040.dir/C_/Users/User/AppData/Local/Temp/energy-native-sdks-verified/pico-sdk-a1438dff1d38/src/rp2_common/hardware_uart/uart.c.obj
LOAD CMakeFiles/energy_bench_rp2040.dir/C_/Users/User/AppData/Local/Temp/energy-native-sdks-verified/pico-sdk-a1438dff1d38/src/rp2_common/hardware_clocks/clocks.c.obj
LOAD CMakeFiles/energy_bench_rp2040.dir/C_/Users/User/AppData/Local/Temp/energy-native-sdks-verified/pico-sdk-a1438dff1d38/src/rp2_common/hardware_pll/pll.c.obj
LOAD CMakeFiles/energy_bench_rp2040.dir/C_/Users/User/AppData/Local/Temp/energy-native-sdks-verified/pico-sdk-a1438dff1d38/src/rp2_common/hardware_vreg/vreg.c.obj
LOAD CMakeFiles/energy_bench_rp2040.dir/C_/Users/User/AppData/Local/Temp/energy-native-sdks-verified/pico-sdk-a1438dff1d38/src/rp2_common/hardware_watchdog/watchdog.c.obj
LOAD CMakeFiles/energy_bench_rp2040.dir/C_/Users/User/AppData/Local/Temp/energy-native-sdks-verified/pico-sdk-a1438dff1d38/src/rp2_common/hardware_ticks/ticks.c.obj
LOAD CMakeFiles/energy_bench_rp2040.dir/C_/Users/User/AppData/Local/Temp/energy-native-sdks-verified/pico-sdk-a1438dff1d38/src/rp2_common/pico_bootrom/bootrom.c.obj
LOAD CMakeFiles/energy_bench_rp2040.dir/C_/Users/User/AppData/Local/Temp/energy-native-sdks-verified/pico-sdk-a1438dff1d38/src/rp2_common/pico_bootrom/bootrom_lock.c.obj
LOAD CMakeFiles/energy_bench_rp2040.dir/C_/Users/User/AppData/Local/Temp/energy-native-sdks-verified/pico-sdk-a1438dff1d38/src/rp2_common/hardware_boot_lock/boot_lock.c.obj
LOAD CMakeFiles/energy_bench_rp2040.dir/C_/Users/User/AppData/Local/Temp/energy-native-sdks-verified/pico-sdk-a1438dff1d38/src/rp2_common/pico_flash/flash.c.obj
LOAD CMakeFiles/energy_bench_rp2040.dir/C_/Users/User/AppData/Local/Temp/energy-native-sdks-verified/pico-sdk-a1438dff1d38/src/rp2_common/hardware_xosc/xosc.c.obj
LOAD CMakeFiles/energy_bench_rp2040.dir/C_/Users/User/AppData/Local/Temp/energy-native-sdks-verified/pico-sdk-a1438dff1d38/src/rp2_common/hardware_divider/divider.S.obj
LOAD CMakeFiles/energy_bench_rp2040.dir/C_/Users/User/AppData/Local/Temp/energy-native-sdks-verified/pico-sdk-a1438dff1d38/src/rp2_common/pico_runtime/runtime.c.obj
LOAD CMakeFiles/energy_bench_rp2040.dir/C_/Users/User/AppData/Local/Temp/energy-native-sdks-verified/pico-sdk-a1438dff1d38/src/rp2_common/pico_runtime_init/runtime_init.c.obj
LOAD CMakeFiles/energy_bench_rp2040.dir/C_/Users/User/AppData/Local/Temp/energy-native-sdks-verified/pico-sdk-a1438dff1d38/src/rp2_common/pico_runtime_init/runtime_init_clocks.c.obj
LOAD CMakeFiles/energy_bench_rp2040.dir/c4d13ec574a9b7d3f54bc69743a1be94/pico-sdk-a1438dff1d38/src/rp2_common/pico_runtime_init/runtime_init_stack_guard.c.obj
LOAD CMakeFiles/energy_bench_rp2040.dir/C_/Users/User/AppData/Local/Temp/energy-native-sdks-verified/pico-sdk-a1438dff1d38/src/rp2_common/pico_bit_ops/bit_ops_aeabi.S.obj
LOAD CMakeFiles/energy_bench_rp2040.dir/C_/Users/User/AppData/Local/Temp/energy-native-sdks-verified/pico-sdk-a1438dff1d38/src/rp2_common/pico_divider/divider_hardware.S.obj
LOAD CMakeFiles/energy_bench_rp2040.dir/C_/Users/User/AppData/Local/Temp/energy-native-sdks-verified/pico-sdk-a1438dff1d38/src/rp2_common/pico_double/double_aeabi_rp2040.S.obj
LOAD CMakeFiles/energy_bench_rp2040.dir/C_/Users/User/AppData/Local/Temp/energy-native-sdks-verified/pico-sdk-a1438dff1d38/src/rp2_common/pico_double/double_init_rom_rp2040.c.obj
LOAD CMakeFiles/energy_bench_rp2040.dir/C_/Users/User/AppData/Local/Temp/energy-native-sdks-verified/pico-sdk-a1438dff1d38/src/rp2_common/pico_double/double_math.c.obj
LOAD CMakeFiles/energy_bench_rp2040.dir/C_/Users/User/AppData/Local/Temp/energy-native-sdks-verified/pico-sdk-a1438dff1d38/src/rp2_common/pico_double/double_v1_rom_shim_rp2040.S.obj
LOAD CMakeFiles/energy_bench_rp2040.dir/C_/Users/User/AppData/Local/Temp/energy-native-sdks-verified/pico-sdk-a1438dff1d38/src/rp2_common/pico_int64_ops/pico_int64_ops_aeabi.S.obj
LOAD CMakeFiles/energy_bench_rp2040.dir/C_/Users/User/AppData/Local/Temp/energy-native-sdks-verified/pico-sdk-a1438dff1d38/src/rp2_common/pico_float/float_aeabi_rp2040.S.obj
LOAD CMakeFiles/energy_bench_rp2040.dir/C_/Users/User/AppData/Local/Temp/energy-native-sdks-verified/pico-sdk-a1438dff1d38/src/rp2_common/pico_float/float_init_rom_rp2040.c.obj