444.000000	CONFIG board=NUCLEO-F446RE diagnostics=1 clock=HSI cpu_hz=180000000 pclk1_hz=45000000 pclk2_hz=90000000 idcode=10006421 flash_kib=512 pllcfgr=25005a10 cfgr=0000940a cpacr=00f00000 flash_acr=00000705 pwr_cr=0003c000 pwr_csr=00034000 tim2_psc=8999 transport=USART3_PC10
444.000000	BENCH event=BOOT id=0 calls=0 digest=00000000
444.015000	BENCH event=START id=1 calls=3000 digest=00000000
449.765000	BENCH event=PASS id=1 calls=3000 digest=a6842b8a
449.765000	BENCH event=START id=2 calls=3000 digest=00000000
451.094000	BENCH event=PASS id=2 calls=3000 digest=02775fd9
451.109000	BENCH event=START id=3 calls=200 digest=00000000
455.640000	BENCH event=PASS id=3 calls=200 digest=db04f40d
455.640000	BENCH event=START id=4 calls=100 digest=00000000
456.953000	BENCH event=PASS id=4 calls=100 digest=8e6acb7f
456.953000	BENCH event=START id=5 calls=100 digest=00000000
458.406000	BENCH event=PASS id=5 calls=100 digest=9c8d0100
458.406000	BENCH event=START id=6 calls=500 digest=00000000
459.781000	BENCH event=PASS id=6 calls=500 digest=02821d41
459.781000	BENCH event=START id=7 calls=3000 digest=00000000
464.375000	BENCH event=PASS id=7 calls=3000 digest=086609c9
464.375000	BENCH event=START id=8 calls=3000 digest=00000000
467.172000	BENCH event=PASS id=8 calls=3000 digest=fc2541f1
467.187000	BENCH event=START id=9 calls=20 digest=00000000
469.844000	BENCH event=PASS id=9 calls=20 digest=4188afdf
469.844000	BENCH event=START id=10 calls=300 digest=00000000
471.250000	BENCH event=PASS id=10 calls=300 digest=b19fcb91
471.265000	BENCH event=START id=11 calls=50 digest=00000000
473.031000	BENCH event=PASS id=11 calls=50 digest=01ccddb5
473.031000	BENCH event=START id=12 calls=1 digest=00000000
478.297000	BENCH event=PASS id=12 calls=1 digest=df19dd29
480.265000	BENCH event=DONE id=0 calls=0 digest=00000000
