esptool v5.2.0
Serial port COM4:
Connecting.......
Connected to ESP32 on COM4:
Chip type:          ESP32-D0WD-V3 (revision v3.1)
Features:           Wi-Fi, BT, Dual Core + LP Core, 240MHz, Vref calibration in eFuse, Coding Scheme None
Crystal frequency:  40MHz
MAC:                fc:b4:67:f0:16:1c

Uploading stub flasher...
Running stub flasher...
Stub flasher running.
Changing baud rate to 460800...
Changed.

Configuring flash size...
Flash will be erased from 0x00001000 to 0x00005fff...
Compressed 18016 bytes to 12273...

Writing at 0x00001000 [                              ]   0.0% 0/12273 bytes... 

Writing at 0x00005660 [==============================] 100.0% 12273/12273 bytes... 
Wrote 18016 bytes (12273 compressed) at 0x00001000 in 0.6 seconds (260.4 kbit/s).
Verifying written data...
Hash of data verified.
Flash will be erased from 0x00008000 to 0x00008fff...
Compressed 3072 bytes to 103...

Writing at 0x00008000 [                              ]   0.0% 0/103 bytes... 

Writing at 0x00008c00 [==============================] 100.0% 103/103 bytes... 
Wrote 3072 bytes (103 compressed) at 0x00008000 in 0.1 seconds (477.7 kbit/s).
Verifying written data...
Hash of data verified.
Flash will be erased from 0x00010000 to 0x00038fff...
Compressed 165792 bytes to 107681...

Writing at 0x00010000 [                              ]   0.0% 0/107681 bytes... 

Writing at 0x00017ea9 [===>                          ]  15.2% 16384/107681 bytes... 

Writing at 0x0001e919 [========>                     ]  30.4% 32768/107681 bytes... 

Writing at 0x00023fec [============>                 ]  45.6% 49152/107681 bytes... 

Writing at 0x000292c8 [=================>            ]  60.9% 65536/107681 bytes... 

Writing at 0x0002f4cf [=====================>        ]  76.1% 81920/107681 bytes... 

Writing at 0x000350b5 [==========================>   ]  91.3% 98304/107681 bytes... 

Writing at 0x000387a0 [==============================] 100.0% 107681/107681 bytes... 
Wrote 165792 bytes (107681 compressed) at 0x00010000 in 2.7 seconds (492.3 kbit/s).
Verifying written data...
Hash of data verified.

Staying in bootloader.
