esptool v5.2.0
Serial port COM4:
Connecting....
Connected to ESP32 on COM4:
Chip type:          ESP32-D0WD-V3 (revision v3.1)
Features:           Wi-Fi, BT, Dual Core + LP Core, 240MHz, Vref calibration in eFuse, Coding Scheme None
Crystal frequency:  40MHz
MAC:                fc:b4:67:f0:16:1c

Uploading stub flasher...
Running stub flasher...
Stub flasher running.
Changing baud rate to 460800...
Changed.

Configuring flash size...
Flash will be erased from 0x00001000 to 0x00005fff...
Compressed 18016 bytes to 12275...

Writing at 0x00001000 [                              ]   0.0% 0/12275 bytes... 

Writing at 0x00005660 [==============================] 100.0% 12275/12275 bytes... 
Wrote 18016 bytes (12275 compressed) at 0x00001000 in 0.6 seconds (261.1 kbit/s).
Verifying written data...
Hash of data verified.
Flash will be erased from 0x00008000 to 0x00008fff...
Compressed 3072 bytes to 103...

Writing at 0x00008000 [                              ]   0.0% 0/103 bytes... 

Writing at 0x00008c00 [==============================] 100.0% 103/103 bytes... 
Wrote 3072 bytes (103 compressed) at 0x00008000 in 0.0 seconds (517.6 kbit/s).
Verifying written data...
Hash of data verified.
Flash will be erased from 0x00010000 to 0x0003ffff...
Compressed 196480 bytes to 122056...

Writing at 0x00010000 [                              ]   0.0% 0/122056 bytes... 

Writing at 0x0001865c [===>                          ]  13.4% 16384/122056 bytes... 

Writing at 0x0001f3f0 [=======>                      ]  26.8% 32768/122056 bytes... 

Writing at 0x0002478b [===========>                  ]  40.3% 49152/122056 bytes... 

Writing at 0x000299ea [===============>              ]  53.7% 65536/122056 bytes... 

Writing at 0x00030c55 [===================>          ]  67.1% 81920/122056 bytes... 

Writing at 0x000378da [=======================>      ]  80.5% 98304/122056 bytes... 

Writing at 0x0003d546 [===========================>  ]  94.0% 114688/122056 bytes... 

Writing at 0x0003ff80 [==============================] 100.0% 122056/122056 bytes... 
Wrote 196480 bytes (122056 compressed) at 0x00010000 in 3.0 seconds (523.3 kbit/s).
Verifying written data...
Hash of data verified.

Staying in bootloader.
