42.765000	CONFIG board=NUCLEO-F446RE diagnostics=1 clock=HSI cpu_hz=160000000 pclk1_hz=40000000 pclk2_hz=80000000 idcode=10006421 flash_kib=512 pllcfgr=25005010 cfgr=0000940a cpacr=00f00000 flash_acr=00000705 pwr_cr=0000c000 pwr_csr=00004000 tim2_psc=7999 clock_profile=common160 transport=USART3_PC10
42.765000	BENCH event=BOOT id=0 calls=0 digest=00000000
42.781000	BENCH event=START id=1 calls=3000 digest=00000000
48.640000	BENCH event=PASS id=1 calls=3000 digest=a6842b8a
48.656000	BENCH event=START id=2 calls=3000 digest=00000000
50.015000	BENCH event=PASS id=2 calls=3000 digest=02775fd9
50.031000	BENCH event=START id=3 calls=200 digest=00000000
55.000000	BENCH event=PASS id=3 calls=200 digest=db04f40d
55.015000	BENCH event=START id=4 calls=100 digest=00000000
56.375000	BENCH event=PASS id=4 calls=100 digest=8e6acb7f
56.375000	BENCH event=START id=5 calls=100 digest=00000000
57.875000	BENCH event=PASS id=5 calls=100 digest=9c8d0100
57.875000	BENCH event=START id=6 calls=500 digest=00000000
59.312000	BENCH event=PASS id=6 calls=500 digest=02821d41
59.312000	BENCH event=START id=7 calls=3000 digest=00000000
64.359000	BENCH event=PASS id=7 calls=3000 digest=086609c9
64.359000	BENCH event=START id=8 calls=3000 digest=00000000
67.390000	BENCH event=PASS id=8 calls=3000 digest=fc2541f1
67.390000	BENCH event=START id=9 calls=20 digest=00000000
70.328000	BENCH event=PASS id=9 calls=20 digest=4188afdf
70.328000	BENCH event=START id=10 calls=300 digest=00000000
71.797000	BENCH event=PASS id=10 calls=300 digest=b19fcb91
71.797000	BENCH event=START id=11 calls=50 digest=00000000
73.718000	BENCH event=PASS id=11 calls=50 digest=01ccddb5
73.718000	BENCH event=START id=12 calls=1 digest=00000000
79.453000	BENCH event=PASS id=12 calls=1 digest=df19dd29
81.437000	BENCH event=DONE id=0 calls=0 digest=00000000
