29.156000	CONFIG board=NUCLEO-F446RE diagnostics=1 clock=HSI cpu_hz=100000000 pclk1_hz=25000000 pclk2_hz=50000000 idcode=10006421 flash_kib=512 pllcfgr=25003210 cfgr=0000940a cpacr=00f00000
29.156000	BENCH event=BOOT id=0 calls=0 digest=00000000
34.078000	BENCH event=START id=1 calls=3000 digest=00000000
35.593000	BENCH event=PASS id=1 calls=3000 digest=a6842b8a
36.578000	BENCH event=START id=2 calls=3000 digest=00000000
37.203000	BENCH event=PASS id=2 calls=3000 digest=02775fd9
38.187000	BENCH event=START id=3 calls=200 digest=00000000
44.562000	BENCH event=PASS id=3 calls=200 digest=db04f40d
45.562000	BENCH event=START id=4 calls=100 digest=00000000
46.156000	BENCH event=PASS id=4 calls=100 digest=8e6acb7f
47.156000	BENCH event=START id=5 calls=100 digest=00000000
47.953000	BENCH event=PASS id=5 calls=100 digest=9c8d0100
48.937000	BENCH event=START id=6 calls=500 digest=00000000
49.640000	BENCH event=PASS id=6 calls=500 digest=02821d41
50.625000	BENCH event=START id=7 calls=3000 digest=00000000
57.109000	BENCH event=PASS id=7 calls=3000 digest=086609c9
58.093000	BENCH event=START id=8 calls=3000 digest=00000000
61.375000	BENCH event=PASS id=8 calls=3000 digest=fc2541f1
62.359000	BENCH event=START id=9 calls=20 digest=00000000
65.125000	BENCH event=PASS id=9 calls=20 digest=4188afdf
66.109000	BENCH event=START id=10 calls=300 digest=00000000
66.875000	BENCH event=PASS id=10 calls=300 digest=b19fcb91
67.859000	BENCH event=START id=11 calls=50 digest=00000000
69.187000	BENCH event=PASS id=11 calls=50 digest=01ccddb5
70.187000	BENCH event=START id=12 calls=1 digest=00000000
77.734000	BENCH event=PASS id=12 calls=1 digest=df19dd29
79.718000	BENCH event=DONE id=0 calls=0 digest=00000000
