Archive member included to satisfy reference by file (symbol)

c:/users/user/.platformio/packages/toolchain-gccarmnoneeabi/bin/../lib/gcc/arm-none-eabi/9.2.1/thumb/v6-m/nofp\libgcc.a(_dvmd_tls.o)
                              CMakeFiles/energy_bench_rp2040.dir/C_/Users/User/AppData/Local/Temp/energy-native-sdks-verified/pico-sdk-a1438dff1d38/src/rp2_common/pico_divider/divider_hardware.S.obj (__aeabi_idiv0)
c:/users/user/.platformio/packages/toolchain-gccarmnoneeabi/bin/../lib/gcc/arm-none-eabi/9.2.1/../../../../arm-none-eabi/lib/thumb/v6-m/nofp\libg.a(lib_a-calloc.o)
                              CMakeFiles/energy_bench_rp2040.dir/C_/Users/User/AppData/Local/Temp/energy-native-sdks-verified/pico-sdk-a1438dff1d38/src/rp2_common/pico_malloc/malloc.c.obj (calloc)
c:/users/user/.platformio/packages/toolchain-gccarmnoneeabi/bin/../lib/gcc/arm-none-eabi/9.2.1/../../../../arm-none-eabi/lib/thumb/v6-m/nofp\libg.a(lib_a-callocr.o)
                              c:/users/user/.platformio/packages/toolchain-gccarmnoneeabi/bin/../lib/gcc/arm-none-eabi/9.2.1/../../../../arm-none-eabi/lib/thumb/v6-m/nofp\libg.a(lib_a-calloc.o) (_calloc_r)
c:/users/user/.platformio/packages/toolchain-gccarmnoneeabi/bin/../lib/gcc/arm-none-eabi/9.2.1/../../../../arm-none-eabi/lib/thumb/v6-m/nofp\libg.a(lib_a-impure.o)
                              c:/users/user/.platformio/packages/toolchain-gccarmnoneeabi/bin/../lib/gcc/arm-none-eabi/9.2.1/../../../../arm-none-eabi/lib/thumb/v6-m/nofp\libg.a(lib_a-calloc.o) (_impure_ptr)
c:/users/user/.platformio/packages/toolchain-gccarmnoneeabi/bin/../lib/gcc/arm-none-eabi/9.2.1/../../../../arm-none-eabi/lib/thumb/v6-m/nofp\libg.a(lib_a-init.o)
                              c:/users/user/.platformio/packages/toolchain-gccarmnoneeabi/bin/../lib/gcc/arm-none-eabi/9.2.1/../../../../arm-none-eabi/lib/thumb/v6-m/nofp/crt0.o (__libc_init_array)
c:/users/user/.platformio/packages/toolchain-gccarmnoneeabi/bin/../lib/gcc/arm-none-eabi/9.2.1/../../../../arm-none-eabi/lib/thumb/v6-m/nofp\libg.a(lib_a-lcltime_r.o)
                              CMakeFiles/energy_bench_rp2040.dir/C_/Users/User/AppData/Local/Temp/energy-native-sdks-verified/pico-sdk-a1438dff1d38/src/common/pico_util/datetime.c.obj (localtime_r)
c:/users/user/.platformio/packages/toolchain-gccarmnoneeabi/bin/../lib/gcc/arm-none-eabi/9.2.1/../../../../arm-none-eabi/lib/thumb/v6-m/nofp\libg.a(lib_a-malloc.o)
                              CMakeFiles/energy_bench_rp2040.dir/C_/Users/User/AppData/Local/Temp/energy-native-sdks-verified/pico-sdk-a1438dff1d38/src/rp2_common/pico_malloc/malloc.c.obj (malloc)
c:/users/user/.platformio/packages/toolchain-gccarmnoneeabi/bin/../lib/gcc/arm-none-eabi/9.2.1/../../../../arm-none-eabi/lib/thumb/v6-m/nofp\libg.a(lib_a-mallocr.o)
                              c:/users/user/.platformio/packages/toolchain-gccarmnoneeabi/bin/../lib/gcc/arm-none-eabi/9.2.1/../../../../arm-none-eabi/lib/thumb/v6-m/nofp\libg.a(lib_a-callocr.o) (_malloc_r)
c:/users/user/.platformio/packages/toolchain-gccarmnoneeabi/bin/../lib/gcc/arm-none-eabi/9.2.1/../../../../arm-none-eabi/lib/thumb/v6-m/nofp\libg.a(lib_a-memcmp.o)
                              CMakeFiles/energy_bench_rp2040.dir/e502336a13e88ccf0dc0c121ce6d3ef9/analysis/remeasurement/project_stage/firmware/common/kernels/bench_kernels.c.obj (memcmp)
c:/users/user/.platformio/packages/toolchain-gccarmnoneeabi/bin/../lib/gcc/arm-none-eabi/9.2.1/../../../../arm-none-eabi/lib/thumb/v6-m/nofp\libg.a(lib_a-mktime.o)
                              CMakeFiles/energy_bench_rp2040.dir/C_/Users/User/AppData/Local/Temp/energy-native-sdks-verified/pico-sdk-a1438dff1d38/src/common/pico_util/datetime.c.obj (mktime)
c:/users/user/.platformio/packages/toolchain-gccarmnoneeabi/bin/../lib/gcc/arm-none-eabi/9.2.1/../../../../arm-none-eabi/lib/thumb/v6-m/nofp\libg.a(lib_a-mlock.o)
                              c:/users/user/.platformio/packages/toolchain-gccarmnoneeabi/bin/../lib/gcc/arm-none-eabi/9.2.1/../../../../arm-none-eabi/lib/thumb/v6-m/nofp\libg.a(lib_a-mallocr.o) (__malloc_lock)
c:/users/user/.platformio/packages/toolchain-gccarmnoneeabi/bin/../lib/gcc/arm-none-eabi/9.2.1/../../../../arm-none-eabi/lib/thumb/v6-m/nofp\libg.a(lib_a-month_lengths.o)
                              c:/users/user/.platformio/packages/toolchain-gccarmnoneeabi/bin/../lib/gcc/arm-none-eabi/9.2.1/../../../../arm-none-eabi/lib/thumb/v6-m/nofp\libg.a(lib_a-lcltime_r.o) (__month_lengths)
c:/users/user/.platformio/packages/toolchain-gccarmnoneeabi/bin/../lib/gcc/arm-none-eabi/9.2.1/../../../../arm-none-eabi/lib/thumb/v6-m/nofp\libg.a(lib_a-realloc.o)
                              CMakeFiles/energy_bench_rp2040.dir/C_/Users/User/AppData/Local/Temp/energy-native-sdks-verified/pico-sdk-a1438dff1d38/src/rp2_common/pico_malloc/malloc.c.obj (realloc)
c:/users/user/.platformio/packages/toolchain-gccarmnoneeabi/bin/../lib/gcc/arm-none-eabi/9.2.1/../../../../arm-none-eabi/lib/thumb/v6-m/nofp\libg.a(lib_a-reallocr.o)
[...]
Memory Configuration

Name             Origin             Length             Attributes
FLASH            0x0000000010000000 0x0000000000200000 xr
RAM              0x0000000020000000 0x0000000000040000 xrw
SCRATCH_X        0x0000000020040000 0x0000000000001000 xrw
SCRATCH_Y        0x0000000020041000 0x0000000000001000 xrw
*default*        0x0000000000000000 0xffffffffffffffff

Linker script and memory map

LOAD c:/users/user/.platformio/packages/toolchain-gccarmnoneeabi/bin/../lib/gcc/arm-none-eabi/9.2.1/thumb/v6-m/nofp/crti.o
LOAD c:/users/user/.platformio/packages/toolchain-gccarmnoneeabi/bin/../lib/gcc/arm-none-eabi/9.2.1/thumb/v6-m/nofp/crtbegin.o
LOAD c:/users/user/.platformio/packages/toolchain-gccarmnoneeabi/bin/../lib/gcc/arm-none-eabi/9.2.1/../../../../arm-none-eabi/lib/thumb/v6-m/nofp/crt0.o

.flash_begin    0x0000000010000000        0x0
                0x0000000010000000                __flash_binary_start = .

.boot2          0x0000000010000000      0x100
                0x0000000010000000                __boot2_start__ = .
 *(.boot2)
 .boot2         0x0000000010000000      0x100 pico-sdk/src/rp2040/boot_stage2/CMakeFiles/bs2_default_library.dir/./bs2_default_padded_checksummed.S.obj
                0x0000000010000100                __boot2_end__ = .
                0x0000000000000001                ASSERT (((__boot2_end__ - __boot2_start__) == 0x100), ERROR: Pico second stage bootloader must be 256 bytes in size)

.text           0x0000000010000100     0x6a40
                0x0000000010000100                __logical_binary_start = .
 *(.vectors)
 .vectors       0x0000000010000100       0xd4 CMakeFiles/energy_bench_rp2040.dir/C_/Users/User/AppData/Local/Temp/energy-native-sdks-verified/pico-sdk-a1438dff1d38/src/rp2_common/pico_crt0/crt0.S.obj
                0x0000000010000100                __VECTOR_TABLE
                0x0000000010000100                __vectors
                0x00000000100001c0                isr_irq13
                0x00000000100001c0                isr_irq27
                0x00000000100001c0                isr_irq31
                0x00000000100001c0                isr_irq12
                0x00000000100001c0                isr_irq5
                0x00000000100001c0                isr_irq11
                0x00000000100001c0                isr_irq3
                0x00000000100001c0                isr_irq23
                0x00000000100001c0                __unhandled_user_irq
                0x00000000100001c0                isr_irq26
                0x00000000100001c0                isr_irq28
                0x00000000100001c0                isr_irq19
                0x00000000100001c0                isr_irq0
                0x00000000100001c0                isr_irq6
                0x00000000100001c0                isr_irq29
                0x00000000100001c0                isr_irq16
                0x00000000100001c0                isr_irq22
                0x00000000100001c0                isr_irq18
                0x00000000100001c0                isr_irq17
                0x00000000100001c0                isr_irq14
                0x00000000100001c0                __vectors_end
                0x00000000100001c0                __default_isrs_start
                0x00000000100001c0                isr_irq2
                0x00000000100001c0                isr_irq10
                0x00000000100001c0                isr_irq8
                0x00000000100001c0                isr_irq24
                0x00000000100001c0                isr_irq1
                0x00000000100001c0                isr_irq7
                0x00000000100001c0                isr_irq21
                0x00000000100001c0                isr_irq20
                0x00000000100001c0                isr_irq15
                0x00000000100001c0                isr_irq25
                0x00000000100001c0                isr_irq4
                0x00000000100001c0                isr_irq30
                0x00000000100001c0                isr_irq9
                0x00000000100001c6                unhandled_user_irq_num_in_r0
                0x00000000100001c8                isr_invalid
                0x00000000100001ca                isr_nmi
                0x00000000100001cc                isr_hardfault
                0x00000000100001ce                isr_svcall
                0x00000000100001d0                isr_pendsv
                0x00000000100001d2                isr_systick
                0x00000000100001d4                __default_isrs_end
 *(.binary_info_header)
 .binary_info_header
                0x00000000100001d4       0x14 CMakeFiles/energy_bench_rp2040.dir/C_/Users/User/AppData/Local/Temp/energy-native-sdks-verified/pico-sdk-a1438dff1d38/src/rp2_common/pico_crt0/crt0.S.obj
                0x00000000100001e8                __binary_info_header_end = .
 *(.embedded_block)
                0x00000000100001e8                __embedded_block_end = .
 *(.reset)
 .reset         0x00000000100001e8       0x9c CMakeFiles/energy_bench_rp2040.dir/C_/Users/User/AppData/Local/Temp/energy-native-sdks-verified/pico-sdk-a1438dff1d38/src/rp2_common/pico_crt0/crt0.S.obj
                0x00000000100001e8                _entry_point
 *(.init)
 .init          0x0000000010000284        0x4 c:/users/user/.platformio/packages/toolchain-gccarmnoneeabi/bin/../lib/gcc/arm-none-eabi/9.2.1/thumb/v6-m/nofp/crti.o
                0x0000000010000284                _init
 *(EXCLUDE_FILE(*libm.a: *libc.a:*lib_a-mem*.o *libgcc.a:) .text*)
 .text.frame_dummy
                0x0000000010000288       0x20 c:/users/user/.platformio/packages/toolchain-gccarmnoneeabi/bin/../lib/gcc/arm-none-eabi/9.2.1/thumb/v6-m/nofp/crtbegin.o
 .text.diagnostic_write.part.0
                0x00000000100002a8       0x64 CMakeFiles/energy_bench_rp2040.dir/platform_rp2040.c.obj
 .text.bench_platform_report
                0x000000001000030c       0x30 CMakeFiles/energy_bench_rp2040.dir/platform_rp2040.c.obj
                0x000000001000030c                bench_platform_report
 .text.bench_platform_signals
                0x000000001000033c       0x3c CMakeFiles/energy_bench_rp2040.dir/platform_rp2040.c.obj
                0x000000001000033c                bench_platform_signals
 .text.bench_platform_check
                0x0000000010000378       0x78 CMakeFiles/energy_bench_rp2040.dir/platform_rp2040.c.obj
                0x0000000010000378                bench_platform_check
 .text.bench_platform_init
                0x00000000100003f0      0x11c CMakeFiles/energy_bench_rp2040.dir/platform_rp2040.c.obj
                0x00000000100003f0                bench_platform_init
 .text.bench_platform_wait_ms
                0x000000001000050c       0x50 CMakeFiles/energy_bench_rp2040.dir/platform_rp2040.c.obj
                0x000000001000050c                bench_platform_wait_ms
 .text.bench_platform_finish
                0x000000001000055c        0x4 CMakeFiles/energy_bench_rp2040.dir/platform_rp2040.c.obj
                0x000000001000055c                bench_platform_finish
 .text.startup.main
                0x0000000010000560        0xc CMakeFiles/energy_bench_rp2040.dir/platform_rp2040.c.obj
                0x0000000010000560                main
 .text.fail     0x000000001000056c       0x40 CMakeFiles/energy_bench_rp2040.dir/e502336a13e88ccf0dc0c121ce6d3ef9/analysis/remeasurement/project_stage/firmware/common/bench_runner.c.obj
 .text.bench_main
                0x00000000100005ac      0x25c CMakeFiles/energy_bench_rp2040.dir/e502336a13e88ccf0dc0c121ce6d3ef9/analysis/remeasurement/project_stage/firmware/common/bench_runner.c.obj
                0x00000000100005ac                bench_main
 .text.AES_encrypt_block
                0x0000000010000808      0x190 CMakeFiles/energy_bench_rp2040.dir/e502336a13e88ccf0dc0c121ce6d3ef9/analysis/remeasurement/project_stage/firmware/common/kernels/bench_algorithms.c.obj
 .text.extract_min_node.constprop.0
                0x0000000010000998       0x88 CMakeFiles/energy_bench_rp2040.dir/e502336a13e88ccf0dc0c121ce6d3ef9/analysis/remeasurement/project_stage/firmware/common/kernels/bench_algorithms.c.obj
 .text.my_rle_encode
                0x0000000010000a20       0xb4 CMakeFiles/energy_bench_rp2040.dir/e502336a13e88ccf0dc0c121ce6d3ef9/analysis/remeasurement/project_stage/firmware/common/kernels/bench_algorithms.c.obj
                0x0000000010000a20                my_rle_encode
 .text.my_delta_encode
                0x0000000010000ad4       0x24 CMakeFiles/energy_bench_rp2040.dir/e502336a13e88ccf0dc0c121ce6d3ef9/analysis/remeasurement/project_stage/firmware/common/kernels/bench_algorithms.c.obj
                0x0000000010000ad4                my_delta_encode
 .text.my_lz77_encode
                0x0000000010000af8       0xd4 CMakeFiles/energy_bench_rp2040.dir/e502336a13e88ccf0dc0c121ce6d3ef9/analysis/remeasurement/project_stage/firmware/common/kernels/bench_algorithms.c.obj
                0x0000000010000af8                my_lz77_encode
 .text.my_huffman_encode
                0x0000000010000bcc      0x3d4 CMakeFiles/energy_bench_rp2040.dir/e502336a13e88ccf0dc0c121ce6d3ef9/analysis/remeasurement/project_stage/firmware/common/kernels/bench_algorithms.c.obj
                0x0000000010000bcc                my_huffman_encode
 .text.my_aes_encrypt
                0x0000000010000fa0      0x184 CMakeFiles/energy_bench_rp2040.dir/e502336a13e88ccf0dc0c121ce6d3ef9/analysis/remeasurement/project_stage/firmware/common/kernels/bench_algorithms.c.obj
                0x0000000010000fa0                my_aes_encrypt
 .text.sha256_transform
                0x0000000010001124      0x1b0 CMakeFiles/energy_bench_rp2040.dir/e502336a13e88ccf0dc0c121ce6d3ef9/analysis/remeasurement/project_stage/firmware/common/kernels/bench_algorithms.c.obj
                0x0000000010001124                sha256_transform
 .text.my_sha256_hash
                0x00000000100012d4      0x11c CMakeFiles/energy_bench_rp2040.dir/e502336a13e88ccf0dc0c121ce6d3ef9/analysis/remeasurement/project_stage/firmware/common/kernels/bench_algorithms.c.obj
                0x00000000100012d4                my_sha256_hash
 .text.chacha20_quarter_round
                0x00000000100013f0       0x50 CMakeFiles/energy_bench_rp2040.dir/e502336a13e88ccf0dc0c121ce6d3ef9/analysis/remeasurement/project_stage/firmware/common/kernels/bench_algorithms.c.obj
                0x00000000100013f0                chacha20_quarter_round
 .text.chacha20_mixing
                0x0000000010001440       0x94 CMakeFiles/energy_bench_rp2040.dir/e502336a13e88ccf0dc0c121ce6d3ef9/analysis/remeasurement/project_stage/firmware/common/kernels/bench_algorithms.c.obj
                0x0000000010001440                chacha20_mixing
 .text.my_chacha20_encrypt
                0x00000000100014d4      0x1a0 CMakeFiles/energy_bench_rp2040.dir/e502336a13e88ccf0dc0c121ce6d3ef9/analysis/remeasurement/project_stage/firmware/common/kernels/bench_algorithms.c.obj
                0x00000000100014d4                my_chacha20_encrypt
 .text.my_crc32
                0x0000000010001674       0x48 CMakeFiles/energy_bench_rp2040.dir/e502336a13e88ccf0dc0c121ce6d3ef9/analysis/remeasurement/project_stage/firmware/common/kernels/bench_algorithms.c.obj
                0x0000000010001674                my_crc32
 .text.my_fft   0x00000000100016bc      0x390 CMakeFiles/energy_bench_rp2040.dir/e502336a13e88ccf0dc0c121ce6d3ef9/analysis/remeasurement/project_stage/firmware/common/kernels/bench_algorithms.c.obj
                0x00000000100016bc                my_fft
 .text.my_fir_filter
                0x0000000010001a4c       0x9c CMakeFiles/energy_bench_rp2040.dir/e502336a13e88ccf0dc0c121ce6d3ef9/analysis/remeasurement/project_stage/firmware/common/kernels/bench_algorithms.c.obj
                0x0000000010001a4c                my_fir_filter
 .text.my_iir_filter
                0x0000000010001ae8      0x1e8 CMakeFiles/energy_bench_rp2040.dir/e502336a13e88ccf0dc0c121ce6d3ef9/analysis/remeasurement/project_stage/firmware/common/kernels/bench_algorithms.c.obj
                0x0000000010001ae8                my_iir_filter
 .text.my_dct   0x0000000010001cd0      0x100 CMakeFiles/energy_bench_rp2040.dir/e502336a13e88ccf0dc0c121ce6d3ef9/analysis/remeasurement/project_stage/firmware/common/kernels/bench_algorithms.c.obj
                0x0000000010001cd0                my_dct
 .text.verify_huffman
                0x0000000010001dd0      0x26c CMakeFiles/energy_bench_rp2040.dir/e502336a13e88ccf0dc0c121ce6d3ef9/analysis/remeasurement/project_stage/firmware/common/kernels/bench_kernels.c.obj
 .text.verify_filter
                0x000000001000203c       0xe4 CMakeFiles/energy_bench_rp2040.dir/e502336a13e88ccf0dc0c121ce6d3ef9/analysis/remeasurement/project_stage/firmware/common/kernels/bench_kernels.c.obj
 .text.bench_kernel_prepare
                0x0000000010002120      0x13c CMakeFiles/energy_bench_rp2040.dir/e502336a13e88ccf0dc0c121ce6d3ef9/analysis/remeasurement/project_stage/firmware/common/kernels/bench_kernels.c.obj
                0x0000000010002120                bench_kernel_prepare
 .text.bench_kernel_run
                0x000000001000225c      0x210 CMakeFiles/energy_bench_rp2040.dir/e502336a13e88ccf0dc0c121ce6d3ef9/analysis/remeasurement/project_stage/firmware/common/kernels/bench_kernels.c.obj
                0x000000001000225c                bench_kernel_run
 .text.bench_kernel_verify
                0x000000001000246c      0x3ec CMakeFiles/energy_bench_rp2040.dir/e502336a13e88ccf0dc0c121ce6d3ef9/analysis/remeasurement/project_stage/firmware/common/kernels/bench_kernels.c.obj
                0x000000001000246c                bench_kernel_verify
 .text.bench_kernel_digest
                0x0000000010002858       0xa0 CMakeFiles/energy_bench_rp2040.dir/e502336a13e88ccf0dc0c121ce6d3ef9/analysis/remeasurement/project_stage/firmware/common/kernels/bench_kernels.c.obj
                0x0000000010002858                bench_kernel_digest
 .text.gpio_set_function
                0x00000000100028f8       0x34 CMakeFiles/energy_bench_rp2040.dir/C_/Users/User/AppData/Local/Temp/energy-native-sdks-verified/pico-sdk-a1438dff1d38/src/rp2_common/hardware_gpio/gpio.c.obj
                0x00000000100028f8                gpio_set_function
 .text.gpio_set_pulls
                0x000000001000292c       0x30 CMakeFiles/energy_bench_rp2040.dir/C_/Users/User/AppData/Local/Temp/energy-native-sdks-verified/pico-sdk-a1438dff1d38/src/rp2_common/hardware_gpio/gpio.c.obj
                0x000000001000292c                gpio_set_pulls
 .text.gpio_init
                0x000000001000295c       0x40 CMakeFiles/energy_bench_rp2040.dir/C_/Users/User/AppData/Local/Temp/energy-native-sdks-verified/pico-sdk-a1438dff1d38/src/rp2_common/hardware_gpio/gpio.c.obj
                0x000000001000295c                gpio_init
 .text.gpio_init_mask
                0x000000001000299c       0x64 CMakeFiles/energy_bench_rp2040.dir/C_/Users/User/AppData/Local/Temp/energy-native-sdks-verified/pico-sdk-a1438dff1d38/src/rp2_common/hardware_gpio/gpio.c.obj
                0x000000001000299c                gpio_init_mask
 .text.panic    0x0000000010002a00       0x30 CMakeFiles/energy_bench_rp2040.dir/C_/Users/User/AppData/Local/Temp/energy-native-sdks-verified/pico-sdk-a1438dff1d38/src/rp2_common/pico_platform_panic/panic.c.obj
                0x0000000010002a00                panic
 .text.hw_claim_or_assert
                0x0000000010002a30       0x48 CMakeFiles/energy_bench_rp2040.dir/C_/Users/User/AppData/Local/Temp/energy-native-sdks-verified/pico-sdk-a1438dff1d38/src/common/hardware_claim/claim.c.obj
                0x0000000010002a30                hw_claim_or_assert
 .text.next_striped_spin_lock_num
                0x0000000010002a78       0x18 CMakeFiles/energy_bench_rp2040.dir/C_/Users/User/AppData/Local/Temp/energy-native-sdks-verified/pico-sdk-a1438dff1d38/src/rp2_common/hardware_sync/sync.c.obj
                0x0000000010002a78                next_striped_spin_lock_num
 .text.spin_locks_reset
                0x0000000010002a90       0x1c CMakeFiles/energy_bench_rp2040.dir/C_/Users/User/AppData/Local/Temp/energy-native-sdks-verified/pico-sdk-a1438dff1d38/src/rp2_common/hardware_sync_spin_lock/sync_spin_lock.c.obj
                0x0000000010002a90                spin_locks_reset
 .text.runtime_init_per_core_irq_priorities
                0x0000000010002aac       0x24 CMakeFiles/energy_bench_rp2040.dir/C_/Users/User/AppData/Local/Temp/energy-native-sdks-verified/pico-sdk-a1438dff1d38/src/rp2_common/hardware_irq/irq.c.obj
                0x0000000010002aac                runtime_init_per_core_irq_priorities
 .text.irq_set_enabled
                0x0000000010002ad0       0x24 CMakeFiles/energy_bench_rp2040.dir/C_/Users/User/AppData/Local/Temp/energy-native-sdks-verified/pico-sdk-a1438dff1d38/src/rp2_common/hardware_irq/irq.c.obj
                0x0000000010002ad0                irq_set_enabled
 .text.irq_set_exclusive_handler
                0x0000000010002af4       0x54 CMakeFiles/energy_bench_rp2040.dir/C_/Users/User/AppData/Local/Temp/energy-native-sdks-verified/pico-sdk-a1438dff1d38/src/rp2_common/hardware_irq/irq.c.obj
                0x0000000010002af4                irq_set_exclusive_handler
 .text.lock_init
                0x0000000010002b48       0x10 CMakeFiles/energy_bench_rp2040.dir/C_/Users/User/AppData/Local/Temp/energy-native-sdks-verified/pico-sdk-a1438dff1d38/src/common/pico_sync/lock_core.c.obj
                0x0000000010002b48                lock_init
 .text.mutex_init
                0x0000000010002b58       0x1c CMakeFiles/energy_bench_rp2040.dir/C_/Users/User/AppData/Local/Temp/energy-native-sdks-verified/pico-sdk-a1438dff1d38/src/common/pico_sync/mutex.c.obj
                0x0000000010002b58                mutex_init
 .text.recursive_mutex_init
                0x0000000010002b74       0x1c CMakeFiles/energy_bench_rp2040.dir/C_/Users/User/AppData/Local/Temp/energy-native-sdks-verified/pico-sdk-a1438dff1d38/src/common/pico_sync/mutex.c.obj
                0x0000000010002b74                recursive_mutex_init
 .text.runtime_init_mutex
                0x0000000010002b90       0x30 CMakeFiles/energy_bench_rp2040.dir/C_/Users/User/AppData/Local/Temp/energy-native-sdks-verified/pico-sdk-a1438dff1d38/src/common/pico_sync/mutex.c.obj
                0x0000000010002b90                runtime_init_mutex
 .text.sleep_until_callback
                0x0000000010002bc0       0x30 CMakeFiles/energy_bench_rp2040.dir/C_/Users/User/AppData/Local/Temp/energy-native-sdks-verified/pico-sdk-a1438dff1d38/src/common/pico_time/time.c.obj
 .text.alarm_pool_irq_handler
                0x0000000010002bf0      0x308 CMakeFiles/energy_bench_rp2040.dir/C_/Users/User/AppData/Local/Temp/energy-native-sdks-verified/pico-sdk-a1438dff1d38/src/common/pico_time/time.c.obj
 .text.alarm_pool_post_alloc_init
                0x0000000010002ef8       0x98 CMakeFiles/energy_bench_rp2040.dir/C_/Users/User/AppData/Local/Temp/energy-native-sdks-verified/pico-sdk-a1438dff1d38/src/common/pico_time/time.c.obj
 .text.runtime_init_default_alarm_pool
                0x0000000010002f90       0x38 CMakeFiles/energy_bench_rp2040.dir/C_/Users/User/AppData/Local/Temp/energy-native-sdks-verified/pico-sdk-a1438dff1d38/src/common/pico_time/time.c.obj
                0x0000000010002f90                runtime_init_default_alarm_pool
 .text.alarm_pool_add_alarm_at_force_in_context
                0x0000000010002fc8       0xa8 CMakeFiles/energy_bench_rp2040.dir/C_/Users/User/AppData/Local/Temp/energy-native-sdks-verified/pico-sdk-a1438dff1d38/src/common/pico_time/time.c.obj
                0x0000000010002fc8                alarm_pool_add_alarm_at_force_in_context
 .text.alarm_pool_add_alarm_at
                0x0000000010003070       0x3c CMakeFiles/energy_bench_rp2040.dir/C_/Users/User/AppData/Local/Temp/energy-native-sdks-verified/pico-sdk-a1438dff1d38/src/common/pico_time/time.c.obj
                0x0000000010003070                alarm_pool_add_alarm_at
 .text.alarm_pool_cancel_alarm
                0x00000000100030ac       0x7c CMakeFiles/energy_bench_rp2040.dir/C_/Users/User/AppData/Local/Temp/energy-native-sdks-verified/pico-sdk-a1438dff1d38/src/common/pico_time/time.c.obj
                0x00000000100030ac                alarm_pool_cancel_alarm
 .text.best_effort_wfe_or_timeout
                0x0000000010003128       0xe8 CMakeFiles/energy_bench_rp2040.dir/C_/Users/User/AppData/Local/Temp/energy-native-sdks-verified/pico-sdk-a1438dff1d38/src/common/pico_time/time.c.obj
                0x0000000010003128                best_effort_wfe_or_timeout
 .text.timer_hardware_alarm_claim
                0x0000000010003210       0x14 CMakeFiles/energy_bench_rp2040.dir/C_/Users/User/AppData/Local/Temp/energy-native-sdks-verified/pico-sdk-a1438dff1d38/src/rp2_common/hardware_timer/timer.c.obj
                0x0000000010003210                timer_hardware_alarm_claim
 .text.timer_time_us_64
                0x0000000010003224       0x10 CMakeFiles/energy_bench_rp2040.dir/C_/Users/User/AppData/Local/Temp/energy-native-sdks-verified/pico-sdk-a1438dff1d38/src/rp2_common/hardware_timer/timer.c.obj
                0x0000000010003224                timer_time_us_64
 .text.time_us_64
                0x0000000010003234       0x14 CMakeFiles/energy_bench_rp2040.dir/C_/Users/User/AppData/Local/Temp/energy-native-sdks-verified/pico-sdk-a1438dff1d38/src/rp2_common/hardware_timer/timer.c.obj
                0x0000000010003234                time_us_64
 .text.busy_wait_us
                0x0000000010003248       0x54 CMakeFiles/energy_bench_rp2040.dir/C_/Users/User/AppData/Local/Temp/energy-native-sdks-verified/pico-sdk-a1438dff1d38/src/rp2_common/hardware_timer/timer.c.obj
                0x0000000010003248                busy_wait_us
 .text.uart_disable_before_lcr_write
                0x000000001000329c       0x48 CMakeFiles/energy_bench_rp2040.dir/C_/Users/User/AppData/Local/Temp/energy-native-sdks-verified/pico-sdk-a1438dff1d38/src/rp2_common/hardware_uart/uart.c.obj
 .text.uart_set_baudrate
                0x00000000100032e4       0x70 CMakeFiles/energy_bench_rp2040.dir/C_/Users/User/AppData/Local/Temp/energy-native-sdks-verified/pico-sdk-a1438dff1d38/src/rp2_common/hardware_uart/uart.c.obj
                0x00000000100032e4                uart_set_baudrate
 .text.uart_init
                0x0000000010003354       0x88 CMakeFiles/energy_bench_rp2040.dir/C_/Users/User/AppData/Local/Temp/energy-native-sdks-verified/pico-sdk-a1438dff1d38/src/rp2_common/hardware_uart/uart.c.obj
                0x0000000010003354                uart_init
 .text.uart_set_format
                0x00000000100033dc       0x40 CMakeFiles/energy_bench_rp2040.dir/C_/Users/User/AppData/Local/Temp/energy-native-sdks-verified/pico-sdk-a1438dff1d38/src/rp2_common/hardware_uart/uart.c.obj
                0x00000000100033dc                uart_set_format
 .text.clock_configure_internal
                0x000000001000341c       0xe0 CMakeFiles/energy_bench_rp2040.dir/C_/Users/User/AppData/Local/Temp/energy-native-sdks-verified/pico-sdk-a1438dff1d38/src/rp2_common/hardware_clocks/clocks.c.obj
 .text.clock_stop
                0x00000000100034fc       0x24 CMakeFiles/energy_bench_rp2040.dir/C_/Users/User/AppData/Local/Temp/energy-native-sdks-verified/pico-sdk-a1438dff1d38/src/rp2_common/hardware_clocks/clocks.c.obj
                0x00000000100034fc                clock_stop
 .text.clock_configure_int_divider
                0x0000000010003520       0x28 CMakeFiles/energy_bench_rp2040.dir/C_/Users/User/AppData/Local/Temp/energy-native-sdks-verified/pico-sdk-a1438dff1d38/src/rp2_common/hardware_clocks/clocks.c.obj
                0x0000000010003520                clock_configure_int_divider
 .text.clock_configure_undivided
                0x0000000010003548       0x14 CMakeFiles/energy_bench_rp2040.dir/C_/Users/User/AppData/Local/Temp/energy-native-sdks-verified/pico-sdk-a1438dff1d38/src/rp2_common/hardware_clocks/clocks.c.obj
                0x0000000010003548                clock_configure_undivided
 .text.clock_get_hz
                0x000000001000355c        0xc CMakeFiles/energy_bench_rp2040.dir/C_/Users/User/AppData/Local/Temp/energy-native-sdks-verified/pico-sdk-a1438dff1d38/src/rp2_common/hardware_clocks/clocks.c.obj
                0x000000001000355c                clock_get_hz
 .text.frequency_count_khz
                0x0000000010003568       0x48 CMakeFiles/energy_bench_rp2040.dir/C_/Users/User/AppData/Local/Temp/energy-native-sdks-verified/pico-sdk-a1438dff1d38/src/rp2_common/hardware_clocks/clocks.c.obj
                0x0000000010003568                frequency_count_khz
 .text.set_sys_clock_pll
                0x00000000100035b0       0x7c CMakeFiles/energy_bench_rp2040.dir/C_/Users/User/AppData/Local/Temp/energy-native-sdks-verified/pico-sdk-a1438dff1d38/src/rp2_common/hardware_clocks/clocks.c.obj
                0x00000000100035b0                set_sys_clock_pll
 .text.check_sys_clock_khz
                0x000000001000362c       0xb4 CMakeFiles/energy_bench_rp2040.dir/C_/Users/User/AppData/Local/Temp/energy-native-sdks-verified/pico-sdk-a1438dff1d38/src/rp2_common/hardware_clocks/clocks.c.obj
                0x000000001000362c                check_sys_clock_khz
 .text.pll_init
                0x00000000100036e0       0xa0 CMakeFiles/energy_bench_rp2040.dir/C_/Users/User/AppData/Local/Temp/energy-native-sdks-verified/pico-sdk-a1438dff1d38/src/rp2_common/hardware_pll/pll.c.obj
                0x00000000100036e0                pll_init
 .text.tick_start
                0x0000000010003780       0x10 CMakeFiles/energy_bench_rp2040.dir/C_/Users/User/AppData/Local/Temp/energy-native-sdks-verified/pico-sdk-a1438dff1d38/src/rp2_common/hardware_ticks/ticks.c.obj
                0x0000000010003780                tick_start
 .text.rom_func_lookup
                0x0000000010003790       0x10 CMakeFiles/energy_bench_rp2040.dir/C_/Users/User/AppData/Local/Temp/energy-native-sdks-verified/pico-sdk-a1438dff1d38/src/rp2_common/pico_bootrom/bootrom.c.obj
                0x0000000010003790                rom_func_lookup
 .text.rom_data_lookup
                0x00000000100037a0       0x10 CMakeFiles/energy_bench_rp2040.dir/C_/Users/User/AppData/Local/Temp/energy-native-sdks-verified/pico-sdk-a1438dff1d38/src/rp2_common/pico_bootrom/bootrom.c.obj
                0x00000000100037a0                rom_data_lookup
 .text.rom_funcs_lookup
                0x00000000100037b0       0x3c CMakeFiles/energy_bench_rp2040.dir/C_/Users/User/AppData/Local/Temp/energy-native-sdks-verified/pico-sdk-a1438dff1d38/src/rp2_common/pico_bootrom/bootrom.c.obj
                0x00000000100037b0                rom_funcs_lookup
 .text.xosc_init
                0x00000000100037ec       0x28 CMakeFiles/energy_bench_rp2040.dir/C_/Users/User/AppData/Local/Temp/energy-native-sdks-verified/pico-sdk-a1438dff1d38/src/rp2_common/hardware_xosc/xosc.c.obj
                0x00000000100037ec                xosc_init
 .text.first_per_core_initializer
                0x0000000010003814        0x4 CMakeFiles/energy_bench_rp2040.dir/C_/Users/User/AppData/Local/Temp/energy-native-sdks-verified/pico-sdk-a1438dff1d38/src/rp2_common/pico_runtime/runtime.c.obj
 .text.hard_assertion_failure
                0x0000000010003818        0xc CMakeFiles/energy_bench_rp2040.dir/C_/Users/User/AppData/Local/Temp/energy-native-sdks-verified/pico-sdk-a1438dff1d38/src/rp2_common/pico_runtime/runtime.c.obj
                0x0000000010003818                hard_assertion_failure
 .text.runtime_run_initializers
                0x0000000010003824       0x28 CMakeFiles/energy_bench_rp2040.dir/C_/Users/User/AppData/Local/Temp/energy-native-sdks-verified/pico-sdk-a1438dff1d38/src/rp2_common/pico_runtime/runtime.c.obj
                0x0000000010003824                runtime_run_initializers
 .text.runtime_init_early_resets
                0x000000001000384c       0x2c CMakeFiles/energy_bench_rp2040.dir/C_/Users/User/AppData/Local/Temp/energy-native-sdks-verified/pico-sdk-a1438dff1d38/src/rp2_common/pico_runtime_init/runtime_init.c.obj
                0x000000001000384c                runtime_init_early_resets
 .text.runtime_init_usb_power_down
                0x0000000010003878       0x1c CMakeFiles/energy_bench_rp2040.dir/C_/Users/User/AppData/Local/Temp/energy-native-sdks-verified/pico-sdk-a1438dff1d38/src/rp2_common/pico_runtime_init/runtime_init.c.obj
                0x0000000010003878                runtime_init_usb_power_down
 .text.runtime_init_post_clock_resets
                0x0000000010003894       0x20 CMakeFiles/energy_bench_rp2040.dir/C_/Users/User/AppData/Local/Temp/energy-native-sdks-verified/pico-sdk-a1438dff1d38/src/rp2_common/pico_runtime_init/runtime_init.c.obj
                0x0000000010003894                runtime_init_post_clock_resets
 .text.runtime_init_rp2040_gpio_ie_disable
                0x00000000100038b4       0x14 CMakeFiles/energy_bench_rp2040.dir/C_/Users/User/AppData/Local/Temp/energy-native-sdks-verified/pico-sdk-a1438dff1d38/src/rp2_common/pico_runtime_init/runtime_init.c.obj
                0x00000000100038b4                runtime_init_rp2040_gpio_ie_disable
 .text.runtime_init_spin_locks_reset
                0x00000000100038c8        0x8 CMakeFiles/energy_bench_rp2040.dir/C_/Users/User/AppData/Local/Temp/energy-native-sdks-verified/pico-sdk-a1438dff1d38/src/rp2_common/pico_runtime_init/runtime_init.c.obj
                0x00000000100038c8                runtime_init_spin_locks_reset
 .text.runtime_init_install_ram_vector_table
                0x00000000100038d0       0x48 CMakeFiles/energy_bench_rp2040.dir/C_/Users/User/AppData/Local/Temp/energy-native-sdks-verified/pico-sdk-a1438dff1d38/src/rp2_common/pico_runtime_init/runtime_init.c.obj
                0x00000000100038d0                runtime_init_install_ram_vector_table
 .text.runtime_init_clocks
                0x0000000010003918       0xd8 CMakeFiles/energy_bench_rp2040.dir/C_/Users/User/AppData/Local/Temp/energy-native-sdks-verified/pico-sdk-a1438dff1d38/src/rp2_common/pico_runtime_init/runtime_init_clocks.c.obj
                0x0000000010003918                runtime_init_clocks
 .text          0x00000000100039f0       0x10 CMakeFiles/energy_bench_rp2040.dir/C_/Users/User/AppData/Local/Temp/energy-native-sdks-verified/pico-sdk-a1438dff1d38/src/rp2_common/pico_bit_ops/bit_ops_aeabi.S.obj
 .text.__wrap___aeabi_idiv
                0x0000000010003a00       0x50 CMakeFiles/energy_bench_rp2040.dir/C_/Users/User/AppData/Local/Temp/energy-native-sdks-verified/pico-sdk-a1438dff1d38/src/rp2_common/pico_divider/divider_hardware.S.obj
                0x0000000010003a00                __wrap___aeabi_idivmod
                0x0000000010003a00                divmod_s32s32
                0x0000000010003a00                div_s32s32
                0x0000000010003a00                __wrap___aeabi_idiv
                0x0000000010003a08                divmod_s32s32_unsafe
                0x0000000010003a34                divmod_s32s32_savestate
 .text.__wrap___aeabi_uidiv
                0x0000000010003a50       0x4c CMakeFiles/energy_bench_rp2040.dir/C_/Users/User/AppData/Local/Temp/energy-native-sdks-verified/pico-sdk-a1438dff1d38/src/rp2_common/pico_divider/divider_hardware.S.obj
                0x0000000010003a50                __wrap___aeabi_uidiv
                0x0000000010003a50                __wrap___aeabi_uidivmod
                0x0000000010003a50                div_u32u32
                0x0000000010003a50                divmod_u32u32
                0x0000000010003a58                divmod_u32u32_unsafe
                0x0000000010003a80                divmod_u32u32_savestate
 .text.__wrap___aeabi_ldiv
                0x0000000010003a9c      0x424 CMakeFiles/energy_bench_rp2040.dir/C_/Users/User/AppData/Local/Temp/energy-native-sdks-verified/pico-sdk-a1438dff1d38/src/rp2_common/pico_divider/divider_hardware.S.obj
                0x0000000010003a9c                div_s64s64
                0x0000000010003a9c                divmod_s64s64
                0x0000000010003a9c                __wrap___aeabi_ldivmod
                0x0000000010003acc                divmod_u64u64
                0x0000000010003acc                div_u64u64
                0x0000000010003acc                __wrap___aeabi_uldivmod
                0x0000000010003adc                divmod_u64u64_savestate
                0x0000000010003afc                divmod_s64s64_unsafe
                0x0000000010003b84                divmod_u64u64_unsafe
 .text.push_r8_r11
                0x0000000010003ec0        0xc CMakeFiles/energy_bench_rp2040.dir/C_/Users/User/AppData/Local/Temp/energy-native-sdks-verified/pico-sdk-a1438dff1d38/src/rp2_common/pico_double/double_aeabi_rp2040.S.obj
                0x0000000010003ec0                push_r8_r11
 .text.pop_r8_r11
                0x0000000010003ecc        0xc CMakeFiles/energy_bench_rp2040.dir/C_/Users/User/AppData/Local/Temp/energy-native-sdks-verified/pico-sdk-a1438dff1d38/src/rp2_common/pico_double/double_aeabi_rp2040.S.obj
                0x0000000010003ecc                pop_r8_r11
 .text.__wrap___aeabi_darithmetic
                0x0000000010003ed8       0x80 CMakeFiles/energy_bench_rp2040.dir/C_/Users/User/AppData/Local/Temp/energy-native-sdks-verified/pico-sdk-a1438dff1d38/src/rp2_common/pico_double/double_aeabi_rp2040.S.obj
                0x0000000010003ed8                __wrap___aeabi_drsub
                0x0000000010003ede                __wrap___aeabi_dsub
                0x0000000010003ef0                __wrap___aeabi_dadd
                0x0000000010003f02                __wrap___aeabi_ddiv
                0x0000000010003f3e                __wrap___aeabi_dmul
 .text.__wrap___aeabi_cdcmple
                0x0000000010003f58       0x6c CMakeFiles/energy_bench_rp2040.dir/C_/Users/User/AppData/Local/Temp/energy-native-sdks-verified/pico-sdk-a1438dff1d38/src/rp2_common/pico_double/double_aeabi_rp2040.S.obj
                0x0000000010003f58                __wrap___aeabi_cdrcmple
                0x0000000010003f68                __wrap___aeabi_cdcmpeq
                0x0000000010003f68                __wrap___aeabi_cdcmple
 .text.__wrap___aeabi_dcmplt
                0x0000000010003fc4        0xc CMakeFiles/energy_bench_rp2040.dir/C_/Users/User/AppData/Local/Temp/energy-native-sdks-verified/pico-sdk-a1438dff1d38/src/rp2_common/pico_double/double_aeabi_rp2040.S.obj
                0x0000000010003fc4                __wrap___aeabi_dcmplt
 .text.__wrap___aeabi_dcmple
                0x0000000010003fd0       0x10 CMakeFiles/energy_bench_rp2040.dir/C_/Users/User/AppData/Local/Temp/energy-native-sdks-verified/pico-sdk-a1438dff1d38/src/rp2_common/pico_double/double_aeabi_rp2040.S.obj
                0x0000000010003fd0                __wrap___aeabi_dcmple
 .text.__wrap___aeabi_dcmpge
                0x0000000010003fe0       0x10 CMakeFiles/energy_bench_rp2040.dir/C_/Users/User/AppData/Local/Temp/energy-native-sdks-verified/pico-sdk-a1438dff1d38/src/rp2_common/pico_double/double_aeabi_rp2040.S.obj
                0x0000000010003fe0                __wrap___aeabi_dcmpge
 .text.__wrap___aeabi_dcmpgt
                0x0000000010003ff0        0xa CMakeFiles/energy_bench_rp2040.dir/C_/Users/User/AppData/Local/Temp/energy-native-sdks-verified/pico-sdk-a1438dff1d38/src/rp2_common/pico_double/double_aeabi_rp2040.S.obj
                0x0000000010003ff0                __wrap___aeabi_dcmpgt
 .text.__wrap___aeabi_dcmpun
                0x0000000010003ffa       0x18 CMakeFiles/energy_bench_rp2040.dir/C_/Users/User/AppData/Local/Temp/energy-native-sdks-verified/pico-sdk-a1438dff1d38/src/rp2_common/pico_double/double_aeabi_rp2040.S.obj
                0x0000000010003ffa                __wrap___aeabi_dcmpun
 *fill*         0x0000000010004012        0x2 
 .text.__wrap___aeabi_i2d
                0x0000000010004014       0x38 CMakeFiles/energy_bench_rp2040.dir/C_/Users/User/AppData/Local/Temp/energy-native-sdks-verified/pico-sdk-a1438dff1d38/src/rp2_common/pico_double/double_aeabi_rp2040.S.obj
                0x0000000010004014                uint2double
                0x0000000010004014                __wrap___aeabi_ui2d
                0x000000001000401c                int2double
                0x000000001000401c                __wrap___aeabi_i2d
 .text.__wrap___aeabi_d2iz
                0x000000001000404c       0x48 CMakeFiles/energy_bench_rp2040.dir/C_/Users/User/AppData/Local/Temp/energy-native-sdks-verified/pico-sdk-a1438dff1d38/src/rp2_common/pico_double/double_aeabi_rp2040.S.obj
                0x000000001000404c                double2int_z
                0x000000001000404c                __wrap___aeabi_d2iz
 .text.__wrap___aeabi_d2uiz
                0x0000000010004094       0x18 CMakeFiles/energy_bench_rp2040.dir/C_/Users/User/AppData/Local/Temp/energy-native-sdks-verified/pico-sdk-a1438dff1d38/src/rp2_common/pico_double/double_aeabi_rp2040.S.obj
                0x0000000010004094                double2uint
                0x0000000010004094                __wrap___aeabi_d2uiz
                0x0000000010004094                double2uint_z
 .text.fix642double
                0x00000000100040ac       0x18 CMakeFiles/energy_bench_rp2040.dir/C_/Users/User/AppData/Local/Temp/energy-native-sdks-verified/pico-sdk-a1438dff1d38/src/rp2_common/pico_double/double_aeabi_rp2040.S.obj
                0x00000000100040ac                fix642double
 .text.__wrap___aeabi_d2f
                0x00000000100040c4       0x18 CMakeFiles/energy_bench_rp2040.dir/C_/Users/User/AppData/Local/Temp/energy-native-sdks-verified/pico-sdk-a1438dff1d38/src/rp2_common/pico_double/double_aeabi_rp2040.S.obj
                0x00000000100040c4                __wrap___aeabi_d2f
 .text.__wrap_srqt
                0x00000000100040dc       0x18 CMakeFiles/energy_bench_rp2040.dir/C_/Users/User/AppData/Local/Temp/energy-native-sdks-verified/pico-sdk-a1438dff1d38/src/rp2_common/pico_double/double_aeabi_rp2040.S.obj
                0x00000000100040dc                __wrap_sqrt
 .text.__wrap_sincostan_remainder
                0x00000000100040f4       0x14 CMakeFiles/energy_bench_rp2040.dir/C_/Users/User/AppData/Local/Temp/energy-native-sdks-verified/pico-sdk-a1438dff1d38/src/rp2_common/pico_double/double_aeabi_rp2040.S.obj
                0x00000000100040f4                sincostan_remainder
 .text.__wrap_cos
                0x0000000010004108       0x2c CMakeFiles/energy_bench_rp2040.dir/C_/Users/User/AppData/Local/Temp/energy-native-sdks-verified/pico-sdk-a1438dff1d38/src/rp2_common/pico_double/double_aeabi_rp2040.S.obj
                0x0000000010004108                __wrap_cos
 .text.__wrap_sin
                0x0000000010004134       0x2c CMakeFiles/energy_bench_rp2040.dir/C_/Users/User/AppData/Local/Temp/energy-native-sdks-verified/pico-sdk-a1438dff1d38/src/rp2_common/pico_double/double_aeabi_rp2040.S.obj
                0x0000000010004134                __wrap_sin
 .text.__aeabi_double_init
                0x0000000010004160       0x6c CMakeFiles/energy_bench_rp2040.dir/C_/Users/User/AppData/Local/Temp/energy-native-sdks-verified/pico-sdk-a1438dff1d38/src/rp2_common/pico_double/double_init_rom_rp2040.c.obj
                0x0000000010004160                __aeabi_double_init
 .text.drem_0   0x00000000100041cc      0x130 CMakeFiles/energy_bench_rp2040.dir/C_/Users/User/AppData/Local/Temp/energy-native-sdks-verified/pico-sdk-a1438dff1d38/src/rp2_common/pico_double/double_math.c.obj
 .text.__wrap_remquo
                0x00000000100042fc      0x164 CMakeFiles/energy_bench_rp2040.dir/C_/Users/User/AppData/Local/Temp/energy-native-sdks-verified/pico-sdk-a1438dff1d38/src/rp2_common/pico_double/double_math.c.obj
                0x00000000100042fc                __wrap_remquo
 .text.__wrap_drem
                0x0000000010004460       0x10 CMakeFiles/energy_bench_rp2040.dir/C_/Users/User/AppData/Local/Temp/energy-native-sdks-verified/pico-sdk-a1438dff1d38/src/rp2_common/pico_double/double_math.c.obj
                0x0000000010004460                __wrap_drem
 .text.__wrap_remainder
                0x0000000010004470        0x8 CMakeFiles/energy_bench_rp2040.dir/C_/Users/User/AppData/Local/Temp/energy-native-sdks-verified/pico-sdk-a1438dff1d38/src/rp2_common/pico_double/double_math.c.obj
                0x0000000010004470                __wrap_remainder
 .text.double_table_shim_on_use_helper
                0x0000000010004478       0x2c CMakeFiles/energy_bench_rp2040.dir/C_/Users/User/AppData/Local/Temp/energy-native-sdks-verified/pico-sdk-a1438dff1d38/src/rp2_common/pico_double/double_v1_rom_shim_rp2040.S.obj
                0x0000000010004478                double_table_shim_on_use_helper
 .text.__wrap___aeabi_dsub
                0x00000000100044a4       0x10 CMakeFiles/energy_bench_rp2040.dir/C_/Users/User/AppData/Local/Temp/energy-native-sdks-verified/pico-sdk-a1438dff1d38/src/rp2_common/pico_double/double_v1_rom_shim_rp2040.S.obj
                0x00000000100044a4                drsub_shim
                0x00000000100044aa                dsub_shim
 .text.dadd_shim
                0x00000000100044b4      0x15c CMakeFiles/energy_bench_rp2040.dir/C_/Users/User/AppData/Local/Temp/energy-native-sdks-verified/pico-sdk-a1438dff1d38/src/rp2_common/pico_double/double_v1_rom_shim_rp2040.S.obj
                0x00000000100044b4                dadd_shim
 .text.dmul_shim
                0x0000000010004610      0x15c CMakeFiles/energy_bench_rp2040.dir/C_/Users/User/AppData/Local/Temp/energy-native-sdks-verified/pico-sdk-a1438dff1d38/src/rp2_common/pico_double/double_v1_rom_shim_rp2040.S.obj
                0x0000000010004610                dmul_shim
 .text.ddiv_shim
                0x000000001000476c      0x1b0 CMakeFiles/energy_bench_rp2040.dir/C_/Users/User/AppData/Local/Temp/energy-native-sdks-verified/pico-sdk-a1438dff1d38/src/rp2_common/pico_double/double_v1_rom_shim_rp2040.S.obj
                0x000000001000476c                ddiv_shim
 .text.dsqrt_shim
                0x000000001000491c      0x1a8 CMakeFiles/energy_bench_rp2040.dir/C_/Users/User/AppData/Local/Temp/energy-native-sdks-verified/pico-sdk-a1438dff1d38/src/rp2_common/pico_double/double_v1_rom_shim_rp2040.S.obj
                0x0000000010004938                dsqrt_shim
 .text.dcordic_vec_step
                0x0000000010004ac4        0xe CMakeFiles/energy_bench_rp2040.dir/C_/Users/User/AppData/Local/Temp/energy-native-sdks-verified/pico-sdk-a1438dff1d38/src/rp2_common/pico_double/double_v1_rom_shim_rp2040.S.obj
                0x0000000010004ac4                dcordic_vec_step
 .text.dcordic_rot_step
                0x0000000010004ad2       0x76 CMakeFiles/energy_bench_rp2040.dir/C_/Users/User/AppData/Local/Temp/energy-native-sdks-verified/pico-sdk-a1438dff1d38/src/rp2_common/pico_double/double_v1_rom_shim_rp2040.S.obj
                0x0000000010004ad2                dcordic_rot_step
 .text.double2uint_shim
                0x0000000010004b48        0xe CMakeFiles/energy_bench_rp2040.dir/C_/Users/User/AppData/Local/Temp/energy-native-sdks-verified/pico-sdk-a1438dff1d38/src/rp2_common/pico_double/double_v1_rom_shim_rp2040.S.obj
                0x0000000010004b48                double2uint_shim
                0x0000000010004b4a                double2ufix_shim
 .text.double2int64_shim
                0x0000000010004b56       0x1a CMakeFiles/energy_bench_rp2040.dir/C_/Users/User/AppData/Local/Temp/energy-native-sdks-verified/pico-sdk-a1438dff1d38/src/rp2_common/pico_double/double_v1_rom_shim_rp2040.S.obj
                0x0000000010004b56                double2int64_shim
                0x0000000010004b58                double2fix64_shim
 .text.double2uint64_shim
                0x0000000010004b70       0x70 CMakeFiles/energy_bench_rp2040.dir/C_/Users/User/AppData/Local/Temp/energy-native-sdks-verified/pico-sdk-a1438dff1d38/src/rp2_common/pico_double/double_v1_rom_shim_rp2040.S.obj
                0x0000000010004b70                double2uint64_shim
                0x0000000010004b72                double2ufix64_shim
                0x0000000010004b92                d2fix_a
 .text.double2float_shim
                0x0000000010004be0       0x5c CMakeFiles/energy_bench_rp2040.dir/C_/Users/User/AppData/Local/Temp/energy-native-sdks-verified/pico-sdk-a1438dff1d38/src/rp2_common/pico_double/double_v1_rom_shim_rp2040.S.obj
                0x0000000010004be0                double2float_shim
 .text.x2double_shims
                0x0000000010004c3c       0x90 CMakeFiles/energy_bench_rp2040.dir/C_/Users/User/AppData/Local/Temp/energy-native-sdks-verified/pico-sdk-a1438dff1d38/src/rp2_common/pico_double/double_v1_rom_shim_rp2040.S.obj
                0x0000000010004c3c                uint2double_shim
                0x0000000010004c3e                ufix2double_shim
                0x0000000010004c44                int2double_shim
                0x0000000010004c46                fix2double_shim
                0x0000000010004c4c                uint642double_shim
                0x0000000010004c4e                ufix642double_shim
                0x0000000010004c54                int642double_shim
                0x0000000010004c56                fix642double_shim
 .text.dunpacks
                0x0000000010004ccc       0x3c CMakeFiles/energy_bench_rp2040.dir/C_/Users/User/AppData/Local/Temp/energy-native-sdks-verified/pico-sdk-a1438dff1d38/src/rp2_common/pico_double/double_v1_rom_shim_rp2040.S.obj
                0x0000000010004ccc                dunpacks
 .text.dreduce  0x0000000010004d08       0x82 CMakeFiles/energy_bench_rp2040.dir/C_/Users/User/AppData/Local/Temp/energy-native-sdks-verified/pico-sdk-a1438dff1d38/src/rp2_common/pico_double/double_v1_rom_shim_rp2040.S.obj
                0x0000000010004d08                dreduce
 .text.dcos_shim
                0x0000000010004d8a       0x10 CMakeFiles/energy_bench_rp2040.dir/C_/Users/User/AppData/Local/Temp/energy-native-sdks-verified/pico-sdk-a1438dff1d38/src/rp2_common/pico_double/double_v1_rom_shim_rp2040.S.obj
                0x0000000010004d8a                dcos_shim
 .text.dsin_shim
                0x0000000010004d9a       0x14 CMakeFiles/energy_bench_rp2040.dir/C_/Users/User/AppData/Local/Temp/energy-native-sdks-verified/pico-sdk-a1438dff1d38/src/rp2_common/pico_double/double_v1_rom_shim_rp2040.S.obj
                0x0000000010004d9a                dsin_shim
 *fill*         0x0000000010004dae        0x2 
 .text.dtrig_guts
                0x0000000010004db0      0x2ec CMakeFiles/energy_bench_rp2040.dir/C_/Users/User/AppData/Local/Temp/energy-native-sdks-verified/pico-sdk-a1438dff1d38/src/rp2_common/pico_double/double_v1_rom_shim_rp2040.S.obj
                0x0000000010004e88                datan2_shim
 .text.__aeabi_lmul
                0x000000001000509c       0x32 CMakeFiles/energy_bench_rp2040.dir/C_/Users/User/AppData/Local/Temp/energy-native-sdks-verified/pico-sdk-a1438dff1d38/src/rp2_common/pico_int64_ops/pico_int64_ops_aeabi.S.obj
                0x000000001000509c                __wrap___aeabi_lmul
 *fill*         0x00000000100050ce        0x2 
 .text.__wrap___aeabi_farithmetic
                0x00000000100050d0       0x48 CMakeFiles/energy_bench_rp2040.dir/C_/Users/User/AppData/Local/Temp/energy-native-sdks-verified/pico-sdk-a1438dff1d38/src/rp2_common/pico_float/float_aeabi_rp2040.S.obj
                0x00000000100050d0                __wrap___aeabi_frsub
                0x00000000100050d6                __wrap___aeabi_fsub
                0x00000000100050dc                __wrap___aeabi_fadd
                0x00000000100050e2                __wrap___aeabi_fdiv
                0x000000001000510a                __wrap___aeabi_fmul
 .text.__wrap___aeabi_cfcmple
                0x0000000010005118       0x50 CMakeFiles/energy_bench_rp2040.dir/C_/Users/User/AppData/Local/Temp/energy-native-sdks-verified/pico-sdk-a1438dff1d38/src/rp2_common/pico_float/float_aeabi_rp2040.S.obj
                0x0000000010005118                __wrap___aeabi_cfrcmple
                0x0000000010005124                __wrap___aeabi_cfcmple
                0x0000000010005124                __wrap___aeabi_cfcmpeq
 .text.__wrap___aeabi_fcmpgt
                0x0000000010005168        0xa CMakeFiles/energy_bench_rp2040.dir/C_/Users/User/AppData/Local/Temp/energy-native-sdks-verified/pico-sdk-a1438dff1d38/src/rp2_common/pico_float/float_aeabi_rp2040.S.obj
                0x0000000010005168                __wrap___aeabi_fcmpgt
 .text.__wrap___aeabi_fcmpun
                0x0000000010005172       0x18 CMakeFiles/energy_bench_rp2040.dir/C_/Users/User/AppData/Local/Temp/energy-native-sdks-verified/pico-sdk-a1438dff1d38/src/rp2_common/pico_float/float_aeabi_rp2040.S.obj
                0x0000000010005172                __wrap___aeabi_fcmpun
 .text.__wrap___aeabi_ui2f
                0x000000001000518a        0xa CMakeFiles/energy_bench_rp2040.dir/C_/Users/User/AppData/Local/Temp/energy-native-sdks-verified/pico-sdk-a1438dff1d38/src/rp2_common/pico_float/float_aeabi_rp2040.S.obj
                0x000000001000518a                __wrap___aeabi_ui2f
                0x000000001000518a                uint2float
 .text.__wrap___aeabi_i2f
                0x0000000010005194       0x44 CMakeFiles/energy_bench_rp2040.dir/C_/Users/User/AppData/Local/Temp/energy-native-sdks-verified/pico-sdk-a1438dff1d38/src/rp2_common/pico_float/float_aeabi_rp2040.S.obj
                0x0000000010005194                __wrap___aeabi_i2f
                0x0000000010005194                int2float
 .text.fix2float
                0x00000000100051d8        0xc CMakeFiles/energy_bench_rp2040.dir/C_/Users/User/AppData/Local/Temp/energy-native-sdks-verified/pico-sdk-a1438dff1d38/src/rp2_common/pico_float/float_aeabi_rp2040.S.obj
                0x00000000100051d8                fix2float
 .text.__wrap___aeabi_f2d
                0x00000000100051e4       0x14 CMakeFiles/energy_bench_rp2040.dir/C_/Users/User/AppData/Local/Temp/energy-native-sdks-verified/pico-sdk-a1438dff1d38/src/rp2_common/pico_float/float_aeabi_rp2040.S.obj
                0x00000000100051e4                __wrap___aeabi_f2d
 .text.__wrap_sqrtf
                0x00000000100051f8       0x20 CMakeFiles/energy_bench_rp2040.dir/C_/Users/User/AppData/Local/Temp/energy-native-sdks-verified/pico-sdk-a1438dff1d38/src/rp2_common/pico_float/float_aeabi_rp2040.S.obj
                0x00000000100051f8                __wrap_sqrtf
 .text.__wrap_cosf
                0x0000000010005218       0x24 CMakeFiles/energy_bench_rp2040.dir/C_/Users/User/AppData/Local/Temp/energy-native-sdks-verified/pico-sdk-a1438dff1d38/src/rp2_common/pico_float/float_aeabi_rp2040.S.obj
                0x0000000010005218                __wrap_cosf
 .text.__aeabi_float_init
                0x000000001000523c       0x5c CMakeFiles/energy_bench_rp2040.dir/C_/Users/User/AppData/Local/Temp/energy-native-sdks-verified/pico-sdk-a1438dff1d38/src/rp2_common/pico_float/float_init_rom_rp2040.c.obj
                0x000000001000523c                __aeabi_float_init
 .text.frem_0   0x0000000010005298       0x90 CMakeFiles/energy_bench_rp2040.dir/C_/Users/User/AppData/Local/Temp/energy-native-sdks-verified/pico-sdk-a1438dff1d38/src/rp2_common/pico_float/float_math.c.obj
 .text.__wrap_remquof
                0x0000000010005328       0xe0 CMakeFiles/energy_bench_rp2040.dir/C_/Users/User/AppData/Local/Temp/energy-native-sdks-verified/pico-sdk-a1438dff1d38/src/rp2_common/pico_float/float_math.c.obj
                0x0000000010005328                __wrap_remquof
 .text.__wrap_dremf
                0x0000000010005408        0xc CMakeFiles/energy_bench_rp2040.dir/C_/Users/User/AppData/Local/Temp/energy-native-sdks-verified/pico-sdk-a1438dff1d38/src/rp2_common/pico_float/float_math.c.obj
                0x0000000010005408                __wrap_dremf
 .text.__wrap_remainderf
                0x0000000010005414        0x8 CMakeFiles/energy_bench_rp2040.dir/C_/Users/User/AppData/Local/Temp/energy-native-sdks-verified/pico-sdk-a1438dff1d38/src/rp2_common/pico_float/float_math.c.obj
                0x0000000010005414                __wrap_remainderf
 .text.float_table_shim_on_use_helper
                0x000000001000541c       0x2c CMakeFiles/energy_bench_rp2040.dir/C_/Users/User/AppData/Local/Temp/energy-native-sdks-verified/pico-sdk-a1438dff1d38/src/rp2_common/pico_float/float_v1_rom_shim_rp2040.S.obj
                0x000000001000541c                float_table_shim_on_use_helper
 .text.float2double_shim
                0x0000000010005448       0x30 CMakeFiles/energy_bench_rp2040.dir/C_/Users/User/AppData/Local/Temp/energy-native-sdks-verified/pico-sdk-a1438dff1d38/src/rp2_common/pico_float/float_v1_rom_shim_rp2040.S.obj
                0x0000000010005448                float2double_shim
 .text          0x0000000010005478       0x10 CMakeFiles/energy_bench_rp2040.dir/C_/Users/User/AppData/Local/Temp/energy-native-sdks-verified/pico-sdk-a1438dff1d38/src/rp2_common/pico_mem_ops/mem_ops_aeabi.S.obj
                0x0000000010005478                __aeabi_mem_init
 .text.memset   0x0000000010005488        0xc CMakeFiles/energy_bench_rp2040.dir/C_/Users/User/AppData/Local/Temp/energy-native-sdks-verified/pico-sdk-a1438dff1d38/src/rp2_common/pico_mem_ops/mem_ops_aeabi.S.obj
                0x0000000010005488                __wrap_memset
 .text.memcpy   0x0000000010005494        0xc CMakeFiles/energy_bench_rp2040.dir/C_/Users/User/AppData/Local/Temp/energy-native-sdks-verified/pico-sdk-a1438dff1d38/src/rp2_common/pico_mem_ops/mem_ops_aeabi.S.obj
                0x0000000010005494                __wrap_memcpy
                0x0000000010005494                __wrap___aeabi_memcpy
 .text._out_buffer
                0x00000000100054a0        0x8 CMakeFiles/energy_bench_rp2040.dir/C_/Users/User/AppData/Local/Temp/energy-native-sdks-verified/pico-sdk-a1438dff1d38/src/rp2_common/pico_printf/printf.c.obj
 .text._out_null
                0x00000000100054a8        0x4 CMakeFiles/energy_bench_rp2040.dir/C_/Users/User/AppData/Local/Temp/energy-native-sdks-verified/pico-sdk-a1438dff1d38/src/rp2_common/pico_printf/printf.c.obj
 .text._out_rev
                0x00000000100054ac       0xd0 CMakeFiles/energy_bench_rp2040.dir/C_/Users/User/AppData/Local/Temp/energy-native-sdks-verified/pico-sdk-a1438dff1d38/src/rp2_common/pico_printf/printf.c.obj
 .text._ntoa_format
                0x000000001000557c      0x1d4 CMakeFiles/energy_bench_rp2040.dir/C_/Users/User/AppData/Local/Temp/energy-native-sdks-verified/pico-sdk-a1438dff1d38/src/rp2_common/pico_printf/printf.c.obj
 .text._ntoa_long
                0x0000000010005750       0xb8 CMakeFiles/energy_bench_rp2040.dir/C_/Users/User/AppData/Local/Temp/energy-native-sdks-verified/pico-sdk-a1438dff1d38/src/rp2_common/pico_printf/printf.c.obj
 .text._ntoa_long_long
                0x0000000010005808       0xd8 CMakeFiles/energy_bench_rp2040.dir/C_/Users/User/AppData/Local/Temp/energy-native-sdks-verified/pico-sdk-a1438dff1d38/src/rp2_common/pico_printf/printf.c.obj
 .text._out_char
                0x00000000100058e0       0x10 CMakeFiles/energy_bench_rp2040.dir/C_/Users/User/AppData/Local/Temp/energy-native-sdks-verified/pico-sdk-a1438dff1d38/src/rp2_common/pico_printf/printf.c.obj
 .text._etoa    0x00000000100058f0      0x428 CMakeFiles/energy_bench_rp2040.dir/C_/Users/User/AppData/Local/Temp/energy-native-sdks-verified/pico-sdk-a1438dff1d38/src/rp2_common/pico_printf/printf.c.obj
 .text._ftoa    0x0000000010005d18      0x3e0 CMakeFiles/energy_bench_rp2040.dir/C_/Users/User/AppData/Local/Temp/energy-native-sdks-verified/pico-sdk-a1438dff1d38/src/rp2_common/pico_printf/printf.c.obj
 .text._vsnprintf
                0x00000000100060f8      0x6bc CMakeFiles/energy_bench_rp2040.dir/C_/Users/User/AppData/Local/Temp/energy-native-sdks-verified/pico-sdk-a1438dff1d38/src/rp2_common/pico_printf/printf.c.obj
 .text.__wrap_snprintf
                0x00000000100067b4       0x28 CMakeFiles/energy_bench_rp2040.dir/C_/Users/User/AppData/Local/Temp/energy-native-sdks-verified/pico-sdk-a1438dff1d38/src/rp2_common/pico_printf/printf.c.obj
                0x00000000100067b4                __wrap_snprintf
 .text.weak_raw_vprintf
                0x00000000100067dc       0x30 CMakeFiles/energy_bench_rp2040.dir/C_/Users/User/AppData/Local/Temp/energy-native-sdks-verified/pico-sdk-a1438dff1d38/src/rp2_common/pico_printf/printf.c.obj
                0x00000000100067dc                weak_raw_vprintf
 .text._exit    0x000000001000680c        0x4 CMakeFiles/energy_bench_rp2040.dir/C_/Users/User/AppData/Local/Temp/energy-native-sdks-verified/pico-sdk-a1438dff1d38/src/rp2_common/pico_clib_interface/newlib_interface.c.obj
                0x000000001000680c                _exit
 .text.exit     0x0000000010006810        0x8 CMakeFiles/energy_bench_rp2040.dir/C_/Users/User/AppData/Local/Temp/energy-native-sdks-verified/pico-sdk-a1438dff1d38/src/rp2_common/pico_clib_interface/newlib_interface.c.obj
                0x0000000010006810                exit
 .text.runtime_init
                0x0000000010006818       0x2c CMakeFiles/energy_bench_rp2040.dir/C_/Users/User/AppData/Local/Temp/energy-native-sdks-verified/pico-sdk-a1438dff1d38/src/rp2_common/pico_clib_interface/newlib_interface.c.obj
                0x0000000010006818                runtime_init
 .text.stdio_out_chars_no_crlf
                0x0000000010006844       0x10 CMakeFiles/energy_bench_rp2040.dir/C_/Users/User/AppData/Local/Temp/energy-native-sdks-verified/pico-sdk-a1438dff1d38/src/rp2_common/pico_stdio/stdio.c.obj
 .text.stdio_out_chars_crlf
                0x0000000010006854       0x94 CMakeFiles/energy_bench_rp2040.dir/C_/Users/User/AppData/Local/Temp/energy-native-sdks-verified/pico-sdk-a1438dff1d38/src/rp2_common/pico_stdio/stdio.c.obj
 .text.stdout_serialize_begin
                0x00000000100068e8       0x30 CMakeFiles/energy_bench_rp2040.dir/C_/Users/User/AppData/Local/Temp/energy-native-sdks-verified/pico-sdk-a1438dff1d38/src/rp2_common/pico_stdio/stdio.c.obj
                0x00000000100068e8                stdout_serialize_begin
 .text.stdio_put_string
                0x0000000010006918       0xb0 CMakeFiles/energy_bench_rp2040.dir/C_/Users/User/AppData/Local/Temp/energy-native-sdks-verified/pico-sdk-a1438dff1d38/src/rp2_common/pico_stdio/stdio.c.obj
                0x0000000010006918                stdio_put_string
 .text.__wrap_putchar
                0x00000000100069c8       0x1c CMakeFiles/energy_bench_rp2040.dir/C_/Users/User/AppData/Local/Temp/energy-native-sdks-verified/pico-sdk-a1438dff1d38/src/rp2_common/pico_stdio/stdio.c.obj
                0x00000000100069c8                __wrap_putchar
                0x00000000100069c8                stdio_putchar
 .text.__wrap_puts
                0x00000000100069e4       0x34 CMakeFiles/energy_bench_rp2040.dir/C_/Users/User/AppData/Local/Temp/energy-native-sdks-verified/pico-sdk-a1438dff1d38/src/rp2_common/pico_stdio/stdio.c.obj
                0x00000000100069e4                stdio_puts
                0x00000000100069e4                __wrap_puts
 .text.memcmp   0x0000000010006a18       0x48 c:/users/user/.platformio/packages/toolchain-gccarmnoneeabi/bin/../lib/gcc/arm-none-eabi/9.2.1/../../../../arm-none-eabi/lib/thumb/v6-m/nofp\libg.a(lib_a-memcmp.o)
                0x0000000010006a18                memcmp
 .text.strlen   0x0000000010006a60       0x5c c:/users/user/.platformio/packages/toolchain-gccarmnoneeabi/bin/../lib/gcc/arm-none-eabi/9.2.1/../../../../arm-none-eabi/lib/thumb/v6-m/nofp\libg.a(lib_a-strlen-stub.o)
                0x0000000010006a60                strlen
 *(.fini)
 .fini          0x0000000010006abc        0x4 c:/users/user/.platformio/packages/toolchain-gccarmnoneeabi/bin/../lib/gcc/arm-none-eabi/9.2.1/thumb/v6-m/nofp/crti.o
                0x0000000010006abc                _fini
 .fini.__stub   0x0000000010006ac0       0x40 linker stubs
 *crtbegin.o(.ctors)
 *crtbegin?.o(.ctors)
 *(EXCLUDE_FILE(*crtend.o *crtend?.o) .ctors)
 *(SORT_BY_NAME(.ctors.*))
 *(.ctors)
 *crtbegin.o(.dtors)
 *crtbegin?.o(.dtors)
 *(EXCLUDE_FILE(*crtend.o *crtend?.o) .dtors)
 *(SORT_BY_NAME(.dtors.*))
 *(.dtors)
                0x0000000010006b00                . = ALIGN (0x4)
                0x0000000010006b00                PROVIDE (__preinit_array_start = .)
 *(SORT_BY_NAME(.preinit_array.*))
 .preinit_array.00100
                0x0000000010006b00        0x4 CMakeFiles/energy_bench_rp2040.dir/C_/Users/User/AppData/Local/Temp/energy-native-sdks-verified/pico-sdk-a1438dff1d38/src/rp2_common/pico_runtime_init/runtime_init.c.obj
                0x0000000010006b00                __pre_init_runtime_init_early_resets
 .preinit_array.00101
                0x0000000010006b04        0x4 CMakeFiles/energy_bench_rp2040.dir/C_/Users/User/AppData/Local/Temp/energy-native-sdks-verified/pico-sdk-a1438dff1d38/src/rp2_common/pico_runtime_init/runtime_init.c.obj
                0x0000000010006b04                __pre_init_runtime_init_usb_power_down
 .preinit_array.00275
                0x0000000010006b08        0x4 CMakeFiles/energy_bench_rp2040.dir/C_/Users/User/AppData/Local/Temp/energy-native-sdks-verified/pico-sdk-a1438dff1d38/src/rp2_common/pico_bit_ops/bit_ops_aeabi.S.obj
 .preinit_array.00300
                0x0000000010006b0c        0x4 CMakeFiles/energy_bench_rp2040.dir/C_/Users/User/AppData/Local/Temp/energy-native-sdks-verified/pico-sdk-a1438dff1d38/src/rp2_common/pico_mem_ops/mem_ops_aeabi.S.obj
 .preinit_array.00350
                0x0000000010006b10        0x4 CMakeFiles/energy_bench_rp2040.dir/C_/Users/User/AppData/Local/Temp/energy-native-sdks-verified/pico-sdk-a1438dff1d38/src/rp2_common/pico_double/double_aeabi_rp2040.S.obj
 .preinit_array.00350
                0x0000000010006b14        0x4 CMakeFiles/energy_bench_rp2040.dir/C_/Users/User/AppData/Local/Temp/energy-native-sdks-verified/pico-sdk-a1438dff1d38/src/rp2_common/pico_float/float_aeabi_rp2040.S.obj
 .preinit_array.00500
                0x0000000010006b18        0x4 CMakeFiles/energy_bench_rp2040.dir/C_/Users/User/AppData/Local/Temp/energy-native-sdks-verified/pico-sdk-a1438dff1d38/src/rp2_common/pico_runtime_init/runtime_init.c.obj
                0x0000000010006b18                __pre_init_runtime_init_clocks
 .preinit_array.00600
                0x0000000010006b1c        0x4 CMakeFiles/energy_bench_rp2040.dir/C_/Users/User/AppData/Local/Temp/energy-native-sdks-verified/pico-sdk-a1438dff1d38/src/rp2_common/pico_runtime_init/runtime_init.c.obj
                0x0000000010006b1c                __pre_init_runtime_init_post_clock_resets
 .preinit_array.00700
                0x0000000010006b20        0x4 CMakeFiles/energy_bench_rp2040.dir/C_/Users/User/AppData/Local/Temp/energy-native-sdks-verified/pico-sdk-a1438dff1d38/src/rp2_common/pico_runtime_init/runtime_init.c.obj
                0x0000000010006b20                __pre_init_runtime_init_rp2040_gpio_ie_disable
 .preinit_array.01000
                0x0000000010006b24        0x4 CMakeFiles/energy_bench_rp2040.dir/C_/Users/User/AppData/Local/Temp/energy-native-sdks-verified/pico-sdk-a1438dff1d38/src/rp2_common/pico_runtime_init/runtime_init.c.obj
                0x0000000010006b24                __pre_init_runtime_init_spin_locks_reset
 .preinit_array.01100
                0x0000000010006b28        0x4 CMakeFiles/energy_bench_rp2040.dir/C_/Users/User/AppData/Local/Temp/energy-native-sdks-verified/pico-sdk-a1438dff1d38/src/common/pico_sync/mutex.c.obj
                0x0000000010006b28                __pre_init_runtime_init_mutex
 .preinit_array.10080
                0x0000000010006b2c        0x4 CMakeFiles/energy_bench_rp2040.dir/C_/Users/User/AppData/Local/Temp/energy-native-sdks-verified/pico-sdk-a1438dff1d38/src/rp2_common/pico_runtime_init/runtime_init.c.obj
                0x0000000010006b2c                __pre_init_runtime_init_install_ram_vector_table
 .preinit_array.11000
                0x0000000010006b30        0x4 CMakeFiles/energy_bench_rp2040.dir/C_/Users/User/AppData/Local/Temp/energy-native-sdks-verified/pico-sdk-a1438dff1d38/src/common/pico_time/time.c.obj
                0x0000000010006b30                __pre_init_runtime_init_default_alarm_pool
 .preinit_array.YYYYY
                0x0000000010006b34        0x4 CMakeFiles/energy_bench_rp2040.dir/C_/Users/User/AppData/Local/Temp/energy-native-sdks-verified/pico-sdk-a1438dff1d38/src/rp2_common/pico_runtime/runtime.c.obj
                0x0000000010006b34                __pre_init_first_per_core_initializer
 .preinit_array.ZZZZZ.01200
                0x0000000010006b38        0x4 CMakeFiles/energy_bench_rp2040.dir/C_/Users/User/AppData/Local/Temp/energy-native-sdks-verified/pico-sdk-a1438dff1d38/src/rp2_common/hardware_irq/irq.c.obj
                0x0000000010006b38                __pre_init_runtime_init_per_core_irq_priorities
 *(.preinit_array)
                0x0000000010006b3c                PROVIDE (__preinit_array_end = .)
                0x0000000010006b3c                . = ALIGN (0x4)
                0x0000000010006b3c                PROVIDE (__init_array_start = .)
 *(SORT_BY_NAME(.init_array.*))
 *(.init_array)
 .init_array    0x0000000010006b3c        0x4 c:/users/user/.platformio/packages/toolchain-gccarmnoneeabi/bin/../lib/gcc/arm-none-eabi/9.2.1/thumb/v6-m/nofp/crtbegin.o
                0x0000000010006b40                PROVIDE (__init_array_end = .)
                0x0000000010006b40                . = ALIGN (0x4)
                [!provide]                        PROVIDE (__fini_array_start = .)
 *(SORT_BY_NAME(.fini_array.*))
 *(.fini_array)
                [!provide]                        PROVIDE (__fini_array_end = .)
 *(.eh_frame*)
 .eh_frame      0x0000000010006b40        0x0 c:/users/user/.platformio/packages/toolchain-gccarmnoneeabi/bin/../lib/gcc/arm-none-eabi/9.2.1/thumb/v6-m/nofp/crtbegin.o
                0x0000000010006b40                . = ALIGN (0x4)

.glue_7         0x0000000010006b40        0x0
 .glue_7        0x0000000010006b40        0x0 linker stubs

.glue_7t        0x0000000010006b40        0x0
 .glue_7t       0x0000000010006b40        0x0 linker stubs

.vfp11_veneer   0x0000000010006b40        0x0
 .vfp11_veneer  0x0000000010006b40        0x0 linker stubs

.v4_bx          0x0000000010006b40        0x0
 .v4_bx         0x0000000010006b40        0x0 linker stubs

.iplt           0x0000000010006b40        0x0
 .iplt          0x0000000010006b40        0x0 c:/users/user/.platformio/packages/toolchain-gccarmnoneeabi/bin/../lib/gcc/arm-none-eabi/9.2.1/thumb/v6-m/nofp/crtbegin.o

.rodata         0x0000000010006b40     0x51e4
 *(EXCLUDE_FILE(*libm.a: *libc.a:*lib_a-mem*.o *libgcc.a:) .rodata*)
 .rodata.bench_platform_report.str1.4
                0x0000000010006b40       0x2d CMakeFiles/energy_bench_rp2040.dir/platform_rp2040.c.obj
 *fill*         0x0000000010006b6d        0x3 
 .rodata.bench_platform_init.str1.4
                0x0000000010006b70       0x85 CMakeFiles/energy_bench_rp2040.dir/platform_rp2040.c.obj
 *fill*         0x0000000010006bf5        0x3 
 .rodata.fail.str1.4
                0x0000000010006bf8        0x6 CMakeFiles/energy_bench_rp2040.dir/e502336a13e88ccf0dc0c121ce6d3ef9/analysis/remeasurement/project_stage/firmware/common/bench_runner.c.obj
 *fill*         0x0000000010006bfe        0x2 
 .rodata.bench_main.str1.4
                0x0000000010006c00       0x1d CMakeFiles/energy_bench_rp2040.dir/e502336a13e88ccf0dc0c121ce6d3ef9/analysis/remeasurement/project_stage/firmware/common/bench_runner.c.obj
 *fill*         0x0000000010006c1d        0x3 
 .rodata.bench_iterations
                0x0000000010006c20       0x30 CMakeFiles/energy_bench_rp2040.dir/e502336a13e88ccf0dc0c121ce6d3ef9/analysis/remeasurement/project_stage/firmware/common/bench_runner.c.obj
 .rodata.bench_compression_input
                0x0000000010006c50      0x800 CMakeFiles/energy_bench_rp2040.dir/e502336a13e88ccf0dc0c121ce6d3ef9/analysis/remeasurement/project_stage/firmware/common/bench_data.c.obj
                0x0000000010006c50                bench_compression_input
 .rodata.bench_crypto_input
                0x0000000010007450      0x800 CMakeFiles/energy_bench_rp2040.dir/e502336a13e88ccf0dc0c121ce6d3ef9/analysis/remeasurement/project_stage/firmware/common/bench_data.c.obj
                0x0000000010007450                bench_crypto_input
 .rodata.bench_dsp_input
                0x0000000010007c50      0x800 CMakeFiles/energy_bench_rp2040.dir/e502336a13e88ccf0dc0c121ce6d3ef9/analysis/remeasurement/project_stage/firmware/common/bench_data.c.obj
                0x0000000010007c50                bench_dsp_input
 .rodata        0x0000000010008450       0x20 CMakeFiles/energy_bench_rp2040.dir/e502336a13e88ccf0dc0c121ce6d3ef9/analysis/remeasurement/project_stage/firmware/common/kernels/bench_algorithms.c.obj
 .rodata.k      0x0000000010008470      0x100 CMakeFiles/energy_bench_rp2040.dir/e502336a13e88ccf0dc0c121ce6d3ef9/analysis/remeasurement/project_stage/firmware/common/kernels/bench_algorithms.c.obj
 .rodata.rcon   0x0000000010008570        0xb CMakeFiles/energy_bench_rp2040.dir/e502336a13e88ccf0dc0c121ce6d3ef9/analysis/remeasurement/project_stage/firmware/common/kernels/bench_algorithms.c.obj
 *fill*         0x000000001000857b        0x1 
 .rodata.sbox   0x000000001000857c      0x100 CMakeFiles/energy_bench_rp2040.dir/e502336a13e88ccf0dc0c121ce6d3ef9/analysis/remeasurement/project_stage/firmware/common/kernels/bench_algorithms.c.obj
 .rodata.bench_kernel_run.str1.4
                0x000000001000867c        0xe CMakeFiles/energy_bench_rp2040.dir/e502336a13e88ccf0dc0c121ce6d3ef9/analysis/remeasurement/project_stage/firmware/common/kernels/bench_kernels.c.obj
 *fill*         0x000000001000868a        0x2 
 .rodata.bench_kernel_run
                0x000000001000868c       0x34 CMakeFiles/energy_bench_rp2040.dir/e502336a13e88ccf0dc0c121ce6d3ef9/analysis/remeasurement/project_stage/firmware/common/kernels/bench_kernels.c.obj
 .rodata.bench_kernel_verify
                0x00000000100086c0       0x34 CMakeFiles/energy_bench_rp2040.dir/e502336a13e88ccf0dc0c121ce6d3ef9/analysis/remeasurement/project_stage/firmware/common/kernels/bench_kernels.c.obj
 .rodata.aes_key
                0x00000000100086f4       0x10 CMakeFiles/energy_bench_rp2040.dir/e502336a13e88ccf0dc0c121ce6d3ef9/analysis/remeasurement/project_stage/firmware/common/kernels/bench_kernels.c.obj
 .rodata.chacha_key
                0x0000000010008704       0x20 CMakeFiles/energy_bench_rp2040.dir/e502336a13e88ccf0dc0c121ce6d3ef9/analysis/remeasurement/project_stage/firmware/common/kernels/bench_kernels.c.obj
 .rodata.chacha_nonce
                0x0000000010008724        0xc CMakeFiles/energy_bench_rp2040.dir/e502336a13e88ccf0dc0c121ce6d3ef9/analysis/remeasurement/project_stage/firmware/common/kernels/bench_kernels.c.obj
 .rodata.golden_aes
                0x0000000010008730      0x810 CMakeFiles/energy_bench_rp2040.dir/e502336a13e88ccf0dc0c121ce6d3ef9/analysis/remeasurement/project_stage/firmware/common/kernels/bench_kernels.c.obj
 .rodata.golden_chacha20
                0x0000000010008f40      0x800 CMakeFiles/energy_bench_rp2040.dir/e502336a13e88ccf0dc0c121ce6d3ef9/analysis/remeasurement/project_stage/firmware/common/kernels/bench_kernels.c.obj
 .rodata.golden_dct
                0x0000000010009740     0x2000 CMakeFiles/energy_bench_rp2040.dir/e502336a13e88ccf0dc0c121ce6d3ef9/analysis/remeasurement/project_stage/firmware/common/kernels/bench_kernels.c.obj
 .rodata.golden_dsp_period
                0x000000001000b740       0x80 CMakeFiles/energy_bench_rp2040.dir/e502336a13e88ccf0dc0c121ce6d3ef9/analysis/remeasurement/project_stage/firmware/common/kernels/bench_kernels.c.obj
 .rodata.golden_fft_period
                0x000000001000b7c0      0x200 CMakeFiles/energy_bench_rp2040.dir/e502336a13e88ccf0dc0c121ce6d3ef9/analysis/remeasurement/project_stage/firmware/common/kernels/bench_kernels.c.obj
 .rodata.golden_sha256
                0x000000001000b9c0       0x20 CMakeFiles/energy_bench_rp2040.dir/e502336a13e88ccf0dc0c121ce6d3ef9/analysis/remeasurement/project_stage/firmware/common/kernels/bench_kernels.c.obj
 .rodata.taps.5334
                0x000000001000b9e0       0x14 CMakeFiles/energy_bench_rp2040.dir/e502336a13e88ccf0dc0c121ce6d3ef9/analysis/remeasurement/project_stage/firmware/common/kernels/bench_kernels.c.obj
 .rodata.panic.str1.4
                0x000000001000b9f4       0x12 CMakeFiles/energy_bench_rp2040.dir/C_/Users/User/AppData/Local/Temp/energy-native-sdks-verified/pico-sdk-a1438dff1d38/src/rp2_common/pico_platform_panic/panic.c.obj
 *fill*         0x000000001000ba06        0x2 
 .rodata.timer_hardware_alarm_claim.str1.4
                0x000000001000ba08       0x22 CMakeFiles/energy_bench_rp2040.dir/C_/Users/User/AppData/Local/Temp/energy-native-sdks-verified/pico-sdk-a1438dff1d38/src/rp2_common/hardware_timer/timer.c.obj
 *fill*         0x000000001000ba2a        0x2 
 .rodata.hard_assertion_failure.str1.4
                0x000000001000ba2c        0xc CMakeFiles/energy_bench_rp2040.dir/C_/Users/User/AppData/Local/Temp/energy-native-sdks-verified/pico-sdk-a1438dff1d38/src/rp2_common/pico_runtime/runtime.c.obj
 .rodata.str1.4
                0x000000001000ba38       0x48 CMakeFiles/energy_bench_rp2040.dir/c4d13ec574a9b7d3f54bc69743a1be94/pico-sdk-a1438dff1d38/src/rp2_common/pico_standard_binary_info/standard_binary_info.c.obj
 .rodata.__bi_26
                0x000000001000ba80        0xc CMakeFiles/energy_bench_rp2040.dir/c4d13ec574a9b7d3f54bc69743a1be94/pico-sdk-a1438dff1d38/src/rp2_common/pico_standard_binary_info/standard_binary_info.c.obj
 .rodata.__bi_34
                0x000000001000ba8c        0xc CMakeFiles/energy_bench_rp2040.dir/c4d13ec574a9b7d3f54bc69743a1be94/pico-sdk-a1438dff1d38/src/rp2_common/pico_standard_binary_info/standard_binary_info.c.obj
 .rodata.__bi_42
                0x000000001000ba98        0xc CMakeFiles/energy_bench_rp2040.dir/c4d13ec574a9b7d3f54bc69743a1be94/pico-sdk-a1438dff1d38/src/rp2_common/pico_standard_binary_info/standard_binary_info.c.obj
 .rodata.__bi_48
                0x000000001000baa4        0xc CMakeFiles/energy_bench_rp2040.dir/c4d13ec574a9b7d3f54bc69743a1be94/pico-sdk-a1438dff1d38/src/rp2_common/pico_standard_binary_info/standard_binary_info.c.obj
 .rodata.__bi_54
                0x000000001000bab0        0xc CMakeFiles/energy_bench_rp2040.dir/c4d13ec574a9b7d3f54bc69743a1be94/pico-sdk-a1438dff1d38/src/rp2_common/pico_standard_binary_info/standard_binary_info.c.obj
 .rodata.__bi_78
                0x000000001000babc        0xc CMakeFiles/energy_bench_rp2040.dir/c4d13ec574a9b7d3f54bc69743a1be94/pico-sdk-a1438dff1d38/src/rp2_common/pico_standard_binary_info/standard_binary_info.c.obj
 .rodata.__bi_84
                0x000000001000bac8        0xc CMakeFiles/energy_bench_rp2040.dir/c4d13ec574a9b7d3f54bc69743a1be94/pico-sdk-a1438dff1d38/src/rp2_common/pico_standard_binary_info/standard_binary_info.c.obj
 .rodata._ftoa.str1.4
                0x000000001000bad4       0x15 CMakeFiles/energy_bench_rp2040.dir/C_/Users/User/AppData/Local/Temp/energy-native-sdks-verified/pico-sdk-a1438dff1d38/src/rp2_common/pico_printf/printf.c.obj
 *fill*         0x000000001000bae9        0x3 
 .rodata._vsnprintf
                0x000000001000baec      0x1e0 CMakeFiles/energy_bench_rp2040.dir/C_/Users/User/AppData/Local/Temp/energy-native-sdks-verified/pico-sdk-a1438dff1d38/src/rp2_common/pico_printf/printf.c.obj
 *fill*         0x000000001000bccc        0x4 
 .rodata.pow10.5469
                0x000000001000bcd0       0x50 CMakeFiles/energy_bench_rp2040.dir/C_/Users/User/AppData/Local/Temp/energy-native-sdks-verified/pico-sdk-a1438dff1d38/src/rp2_common/pico_printf/printf.c.obj
 .rodata.crlf_str.6145
                0x000000001000bd20        0x2 CMakeFiles/energy_bench_rp2040.dir/C_/Users/User/AppData/Local/Temp/energy-native-sdks-verified/pico-sdk-a1438dff1d38/src/rp2_common/pico_stdio/stdio.c.obj
                0x000000001000bd24                . = ALIGN (0x4)
 *fill*         0x000000001000bd22        0x2 
 *(SORT_BY_ALIGNMENT(SORT_BY_NAME(.flashdata*)))
                0x000000001000bd24                . = ALIGN (0x4)

.ARM.extab
 *(.ARM.extab* .gnu.linkonce.armextab.*)
                0x000000001000bd24                __exidx_start = .

.ARM.exidx
 *(.ARM.exidx* .gnu.linkonce.armexidx.*)
                0x000000001000bd24                __exidx_end = .
                0x000000001000bd24                . = ALIGN (0x4)
                0x000000001000bd24                __binary_info_start = .

.binary_info    0x000000001000bd24       0x1c
 *(.binary_info.keep.*)
 .binary_info.keep.__bi_ptr26
                0x000000001000bd24        0x4 CMakeFiles/energy_bench_rp2040.dir/c4d13ec574a9b7d3f54bc69743a1be94/pico-sdk-a1438dff1d38/src/rp2_common/pico_standard_binary_info/standard_binary_info.c.obj
 .binary_info.keep.__bi_ptr34
                0x000000001000bd28        0x4 CMakeFiles/energy_bench_rp2040.dir/c4d13ec574a9b7d3f54bc69743a1be94/pico-sdk-a1438dff1d38/src/rp2_common/pico_standard_binary_info/standard_binary_info.c.obj
 .binary_info.keep.__bi_ptr42
                0x000000001000bd2c        0x4 CMakeFiles/energy_bench_rp2040.dir/c4d13ec574a9b7d3f54bc69743a1be94/pico-sdk-a1438dff1d38/src/rp2_common/pico_standard_binary_info/standard_binary_info.c.obj
 .binary_info.keep.__bi_ptr48
                0x000000001000bd30        0x4 CMakeFiles/energy_bench_rp2040.dir/c4d13ec574a9b7d3f54bc69743a1be94/pico-sdk-a1438dff1d38/src/rp2_common/pico_standard_binary_info/standard_binary_info.c.obj
 .binary_info.keep.__bi_ptr54
                0x000000001000bd34        0x4 CMakeFiles/energy_bench_rp2040.dir/c4d13ec574a9b7d3f54bc69743a1be94/pico-sdk-a1438dff1d38/src/rp2_common/pico_standard_binary_info/standard_binary_info.c.obj
 .binary_info.keep.__bi_ptr78
                0x000000001000bd38        0x4 CMakeFiles/energy_bench_rp2040.dir/c4d13ec574a9b7d3f54bc69743a1be94/pico-sdk-a1438dff1d38/src/rp2_common/pico_standard_binary_info/standard_binary_info.c.obj
 .binary_info.keep.__bi_ptr84
                0x000000001000bd3c        0x4 CMakeFiles/energy_bench_rp2040.dir/c4d13ec574a9b7d3f54bc69743a1be94/pico-sdk-a1438dff1d38/src/rp2_common/pico_standard_binary_info/standard_binary_info.c.obj
 *(.binary_info.*)
                0x000000001000bd40                __binary_info_end = .
                0x000000001000bd40                . = ALIGN (0x4)

.ram_vector_table
                0x0000000020000000       0xc0
 *(.ram_vector_table)
 .ram_vector_table
                0x0000000020000000       0xc0 CMakeFiles/energy_bench_rp2040.dir/C_/Users/User/AppData/Local/Temp/energy-native-sdks-verified/pico-sdk-a1438dff1d38/src/rp2_common/pico_runtime_init/runtime_init.c.obj
                0x0000000020000000                ram_vector_table

.uninitialized_data
                0x00000000200000c0        0x0
                0x00000000200000c0                . = ALIGN (0x4)
 *(.uninitialized_data*)

.data           0x00000000200000c0      0x168 load address 0x000000001000bd40
                0x00000000200000c0                __data_start__ = .
 *(vtable)
 *(.time_critical*)
 .time_critical.mutex_try_enter
                0x00000000200000c0       0x48 CMakeFiles/energy_bench_rp2040.dir/C_/Users/User/AppData/Local/Temp/energy-native-sdks-verified/pico-sdk-a1438dff1d38/src/common/pico_sync/mutex.c.obj
                0x00000000200000c0                mutex_try_enter
 .time_critical.mutex_enter_block_until
                0x0000000020000108       0x68 CMakeFiles/energy_bench_rp2040.dir/C_/Users/User/AppData/Local/Temp/energy-native-sdks-verified/pico-sdk-a1438dff1d38/src/common/pico_sync/mutex.c.obj
                0x0000000020000108                mutex_enter_block_until
 .time_critical.mutex_try_enter_block_until
                0x0000000020000170       0x34 CMakeFiles/energy_bench_rp2040.dir/C_/Users/User/AppData/Local/Temp/energy-native-sdks-verified/pico-sdk-a1438dff1d38/src/common/pico_sync/mutex.c.obj
                0x0000000020000170                mutex_try_enter_block_until
 .time_critical.mutex_exit
                0x00000000200001a4       0x28 CMakeFiles/energy_bench_rp2040.dir/C_/Users/User/AppData/Local/Temp/energy-native-sdks-verified/pico-sdk-a1438dff1d38/src/common/pico_sync/mutex.c.obj
                0x00000000200001a4                mutex_exit
 *(.text*)
 .text          0x00000000200001cc        0x4 c:/users/user/.platformio/packages/toolchain-gccarmnoneeabi/bin/../lib/gcc/arm-none-eabi/9.2.1/thumb/v6-m/nofp\libgcc.a(_dvmd_tls.o)
                0x00000000200001cc                __aeabi_idiv0
                0x00000000200001cc                __aeabi_ldiv0
 .text.__stub   0x00000000200001d0       0x10 linker stubs
                0x00000000200001e0                . = ALIGN (0x4)
 *(.rodata*)
                0x00000000200001e0                . = ALIGN (0x4)
 *(.data*)
 .data.striped_spin_lock_num
                0x00000000200001e0        0x1 CMakeFiles/energy_bench_rp2040.dir/C_/Users/User/AppData/Local/Temp/energy-native-sdks-verified/pico-sdk-a1438dff1d38/src/rp2_common/hardware_sync/sync.c.obj
 *fill*         0x00000000200001e1        0x3 
 .data.default_alarm_pool
                0x00000000200001e4       0x18 CMakeFiles/energy_bench_rp2040.dir/C_/Users/User/AppData/Local/Temp/energy-native-sdks-verified/pico-sdk-a1438dff1d38/src/common/pico_time/time.c.obj
 *fill*         0x00000000200001fc        0x4 
 .data.aeabi_bits_funcs
                0x0000000020000200       0x10 CMakeFiles/energy_bench_rp2040.dir/C_/Users/User/AppData/Local/Temp/energy-native-sdks-verified/pico-sdk-a1438dff1d38/src/rp2_common/pico_bit_ops/bit_ops_aeabi.S.obj
                0x0000000020000200                aeabi_bits_funcs
                0x0000000020000210                aeabi_bits_funcs_end
 .data.aeabi_mem_funcs
                0x0000000020000210       0x10 CMakeFiles/energy_bench_rp2040.dir/C_/Users/User/AppData/Local/Temp/energy-native-sdks-verified/pico-sdk-a1438dff1d38/src/rp2_common/pico_mem_ops/mem_ops_aeabi.S.obj
                0x0000000020000210                aeabi_mem_funcs
                0x0000000020000220                aeabi_mem_funcs_end
                0x0000000020000220                . = ALIGN (0x4)
 *(.after_data.*)
                0x0000000020000220                . = ALIGN (0x4)
                0x0000000020000220                PROVIDE (__mutex_array_start = .)
 *(SORT_BY_NAME(.mutex_array.*))
 *(.mutex_array)
 .mutex_array   0x0000000020000220        0x8 CMakeFiles/energy_bench_rp2040.dir/C_/Users/User/AppData/Local/Temp/energy-native-sdks-verified/pico-sdk-a1438dff1d38/src/rp2_common/pico_stdio/stdio.c.obj
                0x0000000020000228                PROVIDE (__mutex_array_end = .)
                0x0000000020000228                . = ALIGN (0x4)
 *(.jcr)
                0x0000000020000228                . = ALIGN (0x4)

.igot.plt       0x0000000020000228        0x0 load address 0x000000001000bea8
 .igot.plt      0x0000000020000228        0x0 c:/users/user/.platformio/packages/toolchain-gccarmnoneeabi/bin/../lib/gcc/arm-none-eabi/9.2.1/thumb/v6-m/nofp/crtbegin.o

.tdata          0x0000000020000228        0x0 load address 0x000000001000bea8
                0x0000000020000228                . = ALIGN (0x4)
 *(.tdata .tdata.* .gnu.linkonce.td.*)
                0x0000000020000228                __tdata_end = .
                0x0000000020000228                PROVIDE (__data_end__ = .)
                0x000000001000bd40                __etext = LOADADDR (.data)

.tbss           0x0000000020000228        0x0 load address 0x000000001000bea8
                0x0000000020000228                . = ALIGN (0x4)
                0x0000000020000228                __bss_start__ = .
                0x0000000020000228                __tls_base = .
 *(.tbss .tbss.* .gnu.linkonce.tb.*)
 *(.tcommon)
                0x0000000020000228                __tls_end = .

.bss            0x0000000020000228     0xa184 load address 0x000000001000bea8
                0x0000000020000228                . = ALIGN (0x4)
                0x0000000020000228                __tbss_end = .
 *(SORT_BY_ALIGNMENT(SORT_BY_NAME(.bss*)))
 .bss.default_alarm_pool_entries
                0x0000000020000228      0x180 CMakeFiles/energy_bench_rp2040.dir/C_/Users/User/AppData/Local/Temp/energy-native-sdks-verified/pico-sdk-a1438dff1d38/src/common/pico_time/time.c.obj
 .bss.active_id
                0x00000000200003a8        0x4 CMakeFiles/energy_bench_rp2040.dir/e502336a13e88ccf0dc0c121ce6d3ef9/analysis/remeasurement/project_stage/firmware/common/kernels/bench_kernels.c.obj
 .bss.byte_out  0x00000000200003ac     0x1910 CMakeFiles/energy_bench_rp2040.dir/e502336a13e88ccf0dc0c121ce6d3ef9/analysis/remeasurement/project_stage/firmware/common/kernels/bench_kernels.c.obj
 .bss.claimed   0x0000000020001cbc        0x1 CMakeFiles/energy_bench_rp2040.dir/C_/Users/User/AppData/Local/Temp/energy-native-sdks-verified/pico-sdk-a1438dff1d38/src/rp2_common/hardware_timer/timer.c.obj
 *fill*         0x0000000020001cbd        0x3 
 .bss.configured_freq
                0x0000000020001cc0       0x28 CMakeFiles/energy_bench_rp2040.dir/C_/Users/User/AppData/Local/Temp/energy-native-sdks-verified/pico-sdk-a1438dff1d38/src/rp2_common/hardware_clocks/clocks.c.obj
 .bss.decoded   0x0000000020001ce8      0x800 CMakeFiles/energy_bench_rp2040.dir/e502336a13e88ccf0dc0c121ce6d3ef9/analysis/remeasurement/project_stage/firmware/common/kernels/bench_kernels.c.obj
 .bss.drivers   0x00000000200024e8        0x4 CMakeFiles/energy_bench_rp2040.dir/C_/Users/User/AppData/Local/Temp/energy-native-sdks-verified/pico-sdk-a1438dff1d38/src/rp2_common/pico_stdio/stdio.c.obj
 .bss.env_static.6533
                0x00000000200024ec     0x1404 CMakeFiles/energy_bench_rp2040.dir/e502336a13e88ccf0dc0c121ce6d3ef9/analysis/remeasurement/project_stage/firmware/common/kernels/bench_algorithms.c.obj
 .bss.fft_imag_workspace
                0x00000000200038f0     0x2000 CMakeFiles/energy_bench_rp2040.dir/e502336a13e88ccf0dc0c121ce6d3ef9/analysis/remeasurement/project_stage/firmware/common/kernels/bench_algorithms.c.obj
 .bss.fft_real_workspace
                0x00000000200058f0     0x2000 CMakeFiles/energy_bench_rp2040.dir/e502336a13e88ccf0dc0c121ce6d3ef9/analysis/remeasurement/project_stage/firmware/common/kernels/bench_algorithms.c.obj
 .bss.filter    0x00000000200078f0        0x4 CMakeFiles/energy_bench_rp2040.dir/C_/Users/User/AppData/Local/Temp/energy-native-sdks-verified/pico-sdk-a1438dff1d38/src/rp2_common/pico_stdio/stdio.c.obj
 .bss.float_out
                0x00000000200078f4     0x2008 CMakeFiles/energy_bench_rp2040.dir/e502336a13e88ccf0dc0c121ce6d3ef9/analysis/remeasurement/project_stage/firmware/common/kernels/bench_kernels.c.obj
 .bss.input_data
                0x00000000200098fc      0x800 CMakeFiles/energy_bench_rp2040.dir/e502336a13e88ccf0dc0c121ce6d3ef9/analysis/remeasurement/project_stage/firmware/common/kernels/bench_kernels.c.obj
 .bss.input_len
                0x000000002000a0fc        0x4 CMakeFiles/energy_bench_rp2040.dir/e502336a13e88ccf0dc0c121ce6d3ef9/analysis/remeasurement/project_stage/firmware/common/kernels/bench_kernels.c.obj
 .bss.lazy_vsnprintf
                0x000000002000a100        0x4 CMakeFiles/energy_bench_rp2040.dir/C_/Users/User/AppData/Local/Temp/energy-native-sdks-verified/pico-sdk-a1438dff1d38/src/rp2_common/pico_printf/printf.c.obj
 .bss.object.8916
                0x000000002000a104       0x18 c:/users/user/.platformio/packages/toolchain-gccarmnoneeabi/bin/../lib/gcc/arm-none-eabi/9.2.1/thumb/v6-m/nofp/crtbegin.o
 .bss.output_len
                0x000000002000a11c        0x4 CMakeFiles/energy_bench_rp2040.dir/e502336a13e88ccf0dc0c121ce6d3ef9/analysis/remeasurement/project_stage/firmware/common/kernels/bench_kernels.c.obj
 .bss.pools     0x000000002000a120       0x10 CMakeFiles/energy_bench_rp2040.dir/C_/Users/User/AppData/Local/Temp/energy-native-sdks-verified/pico-sdk-a1438dff1d38/src/common/pico_time/time.c.obj
 .bss.sf_clz_func
                0x000000002000a130        0x4 CMakeFiles/energy_bench_rp2040.dir/C_/Users/User/AppData/Local/Temp/energy-native-sdks-verified/pico-sdk-a1438dff1d38/src/rp2_common/pico_double/double_init_rom_rp2040.c.obj
                0x000000002000a130                sf_clz_func
 .bss.sleep_notifier
                0x000000002000a134        0x4 CMakeFiles/energy_bench_rp2040.dir/C_/Users/User/AppData/Local/Temp/energy-native-sdks-verified/pico-sdk-a1438dff1d38/src/common/pico_time/time.c.obj
 .bss.configured
                0x000000002000a138        0x1 CMakeFiles/energy_bench_rp2040.dir/platform_rp2040.c.obj
 .bss.diagnostic_ready
                0x000000002000a139        0x1 CMakeFiles/energy_bench_rp2040.dir/platform_rp2040.c.obj
 .bss.golden_crypto
                0x000000002000a13a        0x1 CMakeFiles/energy_bench_rp2040.dir/e502336a13e88ccf0dc0c121ce6d3ef9/analysis/remeasurement/project_stage/firmware/common/kernels/bench_kernels.c.obj
 .bss.golden_dsp
                0x000000002000a13b        0x1 CMakeFiles/energy_bench_rp2040.dir/e502336a13e88ccf0dc0c121ce6d3ef9/analysis/remeasurement/project_stage/firmware/common/kernels/bench_kernels.c.obj
 .bss.last_success
                0x000000002000a13c        0x1 CMakeFiles/energy_bench_rp2040.dir/e502336a13e88ccf0dc0c121ce6d3ef9/analysis/remeasurement/project_stage/firmware/common/kernels/bench_kernels.c.obj
 *(COMMON)
 *fill*         0x000000002000a13d        0x3 
 COMMON         0x000000002000a140       0x68 CMakeFiles/energy_bench_rp2040.dir/e502336a13e88ccf0dc0c121ce6d3ef9/analysis/remeasurement/project_stage/firmware/common/bench_runner.c.obj
                0x000000002000a140                bench_failure_reason
                0x000000002000a144                bench_result_digests
                0x000000002000a174                bench_completed_calls
                0x000000002000a1a4                bench_failed_algorithm
 COMMON         0x000000002000a1a8        0x4 CMakeFiles/energy_bench_rp2040.dir/C_/Users/User/AppData/Local/Temp/energy-native-sdks-verified/pico-sdk-a1438dff1d38/src/rp2_common/hardware_uart/uart.c.obj
                0x000000002000a1a8                uart_char_to_line_feed
 COMMON         0x000000002000a1ac      0x100 CMakeFiles/energy_bench_rp2040.dir/C_/Users/User/AppData/Local/Temp/energy-native-sdks-verified/pico-sdk-a1438dff1d38/src/rp2_common/pico_double/double_init_rom_rp2040.c.obj
                0x000000002000a1ac                sd_table
 COMMON         0x000000002000a2ac      0x100 CMakeFiles/energy_bench_rp2040.dir/C_/Users/User/AppData/Local/Temp/energy-native-sdks-verified/pico-sdk-a1438dff1d38/src/rp2_common/pico_float/float_init_rom_rp2040.c.obj
                0x000000002000a2ac                sf_table
                0x000000002000a3ac                . = ALIGN (0x4)
                0x000000002000a3ac                __bss_end__ = .

.heap           0x000000002000a3ac      0x800 load address 0x000000001000bea8
                0x000000002000a3ac                __end__ = .
                0x000000002000a3ac                end = __end__
 *(.heap*)
 .heap          0x000000002000a3ac      0x800 CMakeFiles/energy_bench_rp2040.dir/C_/Users/User/AppData/Local/Temp/energy-native-sdks-verified/pico-sdk-a1438dff1d38/src/rp2_common/pico_crt0/crt0.S.obj
                0x0000000020040000                __HeapLimit = (ORIGIN (RAM) + LENGTH (RAM))

.scratch_x      0x0000000020040000        0x0 load address 0x000000001000bea8
                0x0000000020040000                __scratch_x_start__ = .
 *(.scratch_x.*)
                0x0000000020040000                . = ALIGN (0x4)
                0x0000000020040000                __scratch_x_end__ = .
                0x000000001000bea8                __scratch_x_source__ = LOADADDR (.scratch_x)

.scratch_y      0x0000000020041000        0x0 load address 0x000000001000bea8
                0x0000000020041000                __scratch_y_start__ = .
 *(.scratch_y.*)
                0x0000000020041000                . = ALIGN (0x4)
                0x0000000020041000                __scratch_y_end__ = .
                0x000000001000bea8                __scratch_y_source__ = LOADADDR (.scratch_y)

.stack1_dummy   0x0000000020040000        0x0
 *(.stack1*)

.stack_dummy    0x0000000020041000     0x1000
 *(.stack*)
 .stack         0x0000000020041000     0x1000 CMakeFiles/energy_bench_rp2040.dir/C_/Users/User/AppData/Local/Temp/energy-native-sdks-verified/pico-sdk-a1438dff1d38/src/rp2_common/pico_crt0/crt0.S.obj

.rel.dyn        0x0000000020042000        0x0
 .rel.iplt      0x0000000020042000        0x0 c:/users/user/.platformio/packages/toolchain-gccarmnoneeabi/bin/../lib/gcc/arm-none-eabi/9.2.1/thumb/v6-m/nofp/crtbegin.o

.flash_end      0x000000001000bea8        0x0
 *(.embedded_end_block*)
                0x000000001000bea8                PROVIDE (__flash_binary_end = .)
                0x0000000020040000                __StackLimit = (ORIGIN (RAM) + LENGTH (RAM))
                0x0000000020041000                __StackOneTop = (ORIGIN (SCRATCH_X) + LENGTH (SCRATCH_X))
                0x0000000020042000                __StackTop = (ORIGIN (SCRATCH_Y) + LENGTH (SCRATCH_Y))
                0x0000000020041000                __StackOneBottom = (__StackOneTop - SIZEOF (.stack1_dummy))
                0x0000000020041000                __StackBottom = (__StackTop - SIZEOF (.stack_dummy))
                0x0000000020042000                PROVIDE (__stack = __StackTop)
                [!provide]                        PROVIDE (__heap_start = __end__)
                [!provide]                        PROVIDE (__heap_end = __HeapLimit)
                [!provide]                        PROVIDE (__tls_align = MAX (ALIGNOF (.tdata), ALIGNOF (.tbss)))